******************************************************************************
                  TI ARM Linker PC v20.2.5                     
******************************************************************************
>> Linked Sun Apr 17 14:49:05 2022

OUTPUT FILE NAME:   <gpiointerrupt_CC3220S_LAUNCHXL_nortos_ccs.out>
ENTRY POINT SYMBOL: "resetISR"  address: 2001220d


MEMORY CONFIGURATION

         name            origin    length      used     unused   attr    fill
----------------------  --------  ---------  --------  --------  ----  --------
  SRAM2                 20000000   00004000  0000130c  00002cf4  RW X
  SRAM                  20004000   0003c000  0000f74a  0002c8b6  RW X
  LOG_DATA              90000000   00040000  00000000  00040000  R   


SEGMENT ALLOCATION MAP

run origin  load origin   length   init length attrs members
----------  ----------- ---------- ----------- ----- -------
20003000    20003000    00001000   00000000    rw-
  20003000    20003000    00001000   00000000    rw- .stack
20004000    20004000    00000040   00000040    r--
  20004000    20004000    00000040   00000040    r-- .resetVecs
20004040    20004040    00008000   00000000    rw-
  20004040    20004040    00008000   00000000    rw- .sysmem
2000c040    2000c040    00006730   00006730    r-x
  2000c040    2000c040    00006730   00006730    r-x .text
20012770    20012770    000005c0   00000000    rw-
  20012770    20012770    000005c0   00000000    rw- .data
20012d30    20012d30    0000051a   0000051a    r--
  20012d30    20012d30    0000051a   0000051a    r-- .const
20013250    20013250    00000410   00000000    rw-
  20013250    20013250    00000410   00000000    rw- .bss
20013660    20013660    000000f0   000000f0    r--
  20013660    20013660    000000f0   000000f0    r-- .cinit


SECTION ALLOCATION MAP

 output                                  attributes/
section   page    origin      length       input sections
--------  ----  ----------  ----------   ----------------
.text      0    2000c040    00006730     
                  2000c040    00000a4e     rtsv7M4_T_le_eabi.lib : _printfi.c.obj (.text:__TI_printfi)
                  2000ca8e    00000002     ti_drivers_config.obj (.text:Board_initHook)
                  2000ca90    0000042c     driverlib.a : prcm.obj (.text:PRCMCC3200MCUInit)
                  2000cebc    00000288     drivers_cc32xx.a : UARTCC32XX.oem4 (.text:UARTCC32XX_open)
                  2000d144    00000268     rtsv7M4_T_le_eabi.lib : _printfi.c.obj (.text:_pconv_a)
                  2000d3ac    00000250     gpiointerrupt.obj (.text:initI2C)
                  2000d5fc    000001e4     drivers_cc32xx.a : GPIOCC32XX.oem4 (.text:GPIO_setConfig)
                  2000d7e0    000001cc     rtsv7M4_T_le_eabi.lib : _printfi.c.obj (.text:_pconv_g)
                  2000d9ac    000001b6                           : fd_add_t2.asm.obj (.text)
                  2000db62    00000002     drivers_cc32xx.a : I2C.oem4 (.text:I2C_init)
                  2000db64    0000019c     nortos_cc32xx.a : PowerCC32XX_nortos.oem4 (.text:PowerCC32XX_sleepPolicy)
                  2000dd00    00000188     gpiointerrupt.obj (.text:mainThread)
                  2000de88    00000148     drivers_cc32xx.a : I2CCC32XX.oem4 (.text:I2CCC32XX_hwiFxn)
                  2000dfd0    00000148                      : PowerCC32XX.oem4 (.text:parkPins)
                  2000e118    0000013c     rtsv7M4_T_le_eabi.lib : _printfi.c.obj (.text:_pconv_e)
                  2000e254    00000138     drivers_cc32xx.a : PowerCC32XX.oem4 (.text:Power_sleep)
                  2000e38c    00000136     rtsv7M4_T_le_eabi.lib : fd_div_t2.asm.obj (.text)
                  2000e4c2    00000002     nortos_cc32xx.a : PowerCC32XX_nortos.oem4 (.text:PowerCC32XX_initPolicy)
                  2000e4c4    00000128     drivers_cc32xx.a : TimerCC32XX.oem4 (.text:TimerCC32XX_open)
                  2000e5ec    00000122                      : I2C.oem4 (.text:I2C_transferTimeout)
                  2000e70e    00000002                      : TimerCC32XX.oem4 (.text:TimerCC32XX_init)
                  2000e710    00000120                      : UARTCC32XX.oem4 (.text:UARTCC32XX_close)
                  2000e830    00000120     rtsv7M4_T_le_eabi.lib : _printfi.c.obj (.text:fcvt)
                  2000e950    00000120     gpiointerrupt.obj (.text:readTemp)
                  2000ea70    00000100     rtsv7M4_T_le_eabi.lib : memory.c.obj (.text:aligned_alloc)
                  2000eb70    000000fc     drivers_cc32xx.a : I2CCC32XX.oem4 (.text:I2C_open)
                  2000ec6c    000000fc     rtsv7M4_T_le_eabi.lib : fd_mul_t2.asm.obj (.text)
                  2000ed68    000000f2     drivers_cc32xx.a : UARTCC32XX.oem4 (.text:UARTCC32XX_control)
                  2000ee5a    00000002                      : UARTCC32XX.oem4 (.text:UARTCC32XX_init)
                  2000ee5c    000000e4     rtsv7M4_T_le_eabi.lib : memory.c.obj (.text:free)
                  2000ef40    000000d0                           : s_scalbn.c.obj (.text:scalbn)
                  2000f010    000000ca     drivers_cc32xx.a : UARTCC32XX.oem4 (.text:UARTCC32XX_write)
                  2000f0da    00000002     rtsv7M4_T_le_eabi.lib : _lock.c.obj (.text:_nop)
                  2000f0dc    000000c4     drivers_cc32xx.a : GPIOCC32XX.oem4 (.text:GPIO_init)
                  2000f1a0    000000c0                      : PowerCC32XX.oem4 (.text:restoreParkedPins)
                  2000f260    000000ba                      : UARTCC32XX.oem4 (.text:UARTCC32XX_readPolling)
                  2000f31a    00000002     nortos_cc32xx.a : startup_cc32xx_ccs.oem4 (.text:busFaultHandler)
                  2000f31c    000000b8     drivers_cc32xx.a : UARTCC32XX.oem4 (.text:initHw)
                  2000f3d4    000000b6                      : UARTCC32XX.oem4 (.text:readTaskCallback)
                  2000f48a    000000b2                      : I2CCC32XX.oem4 (.text:I2CCC32XX_completeTransfer)
                  2000f53c    000000b1     rtsv7M4_T_le_eabi.lib : _printfi.c.obj (.text:_ltostr)
                  2000f5ed    00000001     --HOLE-- [fill = 0]
                  2000f5ee    000000b0     drivers_cc32xx.a : UARTCC32XX.oem4 (.text:readTaskBlocking)
                  2000f69e    000000ae                      : UARTCC32XX.oem4 (.text:readIsrTextBlocking)
                  2000f74c    000000a8                      : I2CCC32XX.oem4 (.text:I2CCC32XX_primeWriteBurst)
                  2000f7f4    000000a8     driverlib.a : interrupt.obj (.text:IntEnable)
                  2000f89c    000000a8     drivers_cc32xx.a : PowerCC32XX.oem4 (.text:PowerCC32XX_configureWakeup)
                  2000f944    000000a2                      : UARTCC32XX.oem4 (.text:readIsrTextCallback)
                  2000f9e6    000000a2                      : UARTCC32XX.oem4 (.text:writeData)
                  2000fa88    000000a0     nortos_cc32xx.a : SemaphoreP_nortos.oem4 (.text:SemaphoreP_pend)
                  2000fb28    0000009c     drivers_cc32xx.a : I2CCC32XX.oem4 (.text:I2CCC32XX_initHw)
                  2000fbc4    0000009c     rtsv7M4_T_le_eabi.lib : memcpy_t2.asm.obj (.text)
                  2000fc60    00000098     drivers_cc32xx.a : GPIOCC32XX.oem4 (.text:powerNotifyFxn)
                  2000fcf8    00000096     rtsv7M4_T_le_eabi.lib : ull_div_t2.asm.obj (.text)
                  2000fd8e    00000002     nortos_cc32xx.a : SemaphoreP_nortos.oem4 (.text:clkFxn)
                  2000fd90    00000090     drivers_cc32xx.a : PowerCC32XX.oem4 (.text:restoreNVICRegs)
                  2000fe20    0000008c     nortos_cc32xx.a : HwiPCC32XX_nortos.oem4 (.text:HwiP_construct)
                  2000feac    00000088     driverlib.a : interrupt.obj (.text:IntPendSet)
                  2000ff34    00000088                 : pin.obj (.text:PinConfigSet)
                  2000ffbc    00000088     drivers_cc32xx.a : TimerCC32XX.oem4 (.text:TimerCC32XX_setPeriod)
                  20010044    00000086     rtsv7M4_T_le_eabi.lib : fd_cmp_t2.asm.obj (.text:__aeabi_cdcmple)
                  200100ca    00000086                           : fd_cmp_t2.asm.obj (.text:__aeabi_cdrcmple)
                  20010150    00000084     drivers_cc32xx.a : PowerCC32XX.oem4 (.text:Power_init)
                  200101d4    00000084                      : PowerCC32XX.oem4 (.text:saveNVICRegs)
                  20010258    00000084     gpiointerrupt.obj (.text:setPoint)
                  200102dc    00000080     drivers_cc32xx.a : PowerCC32XX.oem4 (.text:Power_setDependency)
                  2001035c    00000080     gpiointerrupt.obj (.text:timerCallback)
                  200103dc    0000007c     drivers_cc32xx.a : UARTCC32XX.oem4 (.text:readIsrBinaryBlocking)
                  20010458    0000007a                      : I2CCC32XX.oem4 (.text:I2CCC32XX_primeReadBurst)
                  200104d2    0000007a     rtsv7M4_T_le_eabi.lib : fs_mul_t2.asm.obj (.text)
                  2001054c    0000007a                           : memset_t2.asm.obj (.text)
                  200105c6    00000002     nortos_cc32xx.a : startup_cc32xx_ccs.oem4 (.text:defaultHandler)
                  200105c8    00000078     drivers_cc32xx.a : GPIOCC32XX.oem4 (.text:GPIO_hwiIntFxn)
                  20010640    00000078                      : TimerCC32XX.oem4 (.text:TimerCC32XX_start)
                  200106b8    00000078                      : UARTCC32XX.oem4 (.text:readIsrBinaryCallback)
                  20010730    00000078     gpiointerrupt.obj (.text:tempLed)
                  200107a8    00000074     drivers_cc32xx.a : UARTCC32XX.oem4 (.text:UARTCC32XX_hwiIntFxn)
                  2001081c    00000070     rtsv7M4_T_le_eabi.lib : memory.c.obj (.text:split)
                  2001088c    0000006e                           : _printfi.c.obj (.text:_mcpy)
                  200108fa    0000006a     drivers_cc32xx.a : I2CCC32XX.oem4 (.text:I2CSupport_primeTransfer)
                  20010964    00000068     rtsv7M4_T_le_eabi.lib : copy_decompress_lzss.c.obj (.text:decompress:lzss:__TI_decompress_lzss)
                  200109cc    00000066     drivers_cc32xx.a : UARTCC32XX.oem4 (.text:UARTCC32XX_writeCancel)
                  20010a32    00000002     nortos_cc32xx.a : startup_cc32xx_ccs.oem4 (.text:faultISR)
                  20010a34    00000064     drivers_cc32xx.a : PowerCC32XX.oem4 (.text:PowerCC32XX_setParkState)
                  20010a98    00000062                      : UARTCC32XX.oem4 (.text:UARTCC32XX_writePolling)
                  20010afa    00000002     nortos_cc32xx.a : startup_cc32xx_ccs.oem4 (.text:nmiISR)
                  20010afc    00000060     driverlib.a : prcm.obj (.text:PRCMSysResetCauseGet)
                  20010b5c    0000005c     drivers_cc32xx.a : GPIOCC32XX.oem4 (.text:GPIO_setCallback)
                  20010bb8    0000005c     rtsv7M4_T_le_eabi.lib : s_frexp.c.obj (.text:frexp)
                  20010c14    0000005c     nortos_cc32xx.a : ClockPSysTick_nortos.oem4 (.text:sysTickInit)
                  20010c70    00000058     drivers_cc32xx.a : GPIOCC32XX.oem4 (.text:GPIO_write)
                  20010cc8    00000058     driverlib.a : prcm.obj (.text:PRCMPeripheralReset)
                  20010d20    00000058     drivers_cc32xx.a : PowerCC32XX.oem4 (.text:Power_releaseDependency)
                  20010d78    00000056                      : TimerCC32XX.oem4 (.text:TimerCC32XX_stop)
                  20010dce    00000056     rtsv7M4_T_le_eabi.lib : _printfi.c.obj (.text:_pconv_f)
                  20010e24    00000054                           : _ltoa.c.obj (.text:__TI_ltoa)
                  20010e78    00000054     drivers_cc32xx.a : UARTCC32XX.oem4 (.text:ringBufGet)
                  20010ecc    00000052                      : PowerCC32XX_asm.oem4 (.text:PowerCC32XX_resumeLPDS)
                  20010f1e    00000052     rtsv7M4_T_le_eabi.lib : _printfi.c.obj (.text:_ecpy)
                  20010f70    00000052     drivers_cc32xx.a : TimerCC32XX.oem4 (.text:initHw)
                  20010fc2    00000002     rtsv7M4_T_le_eabi.lib : div0.asm.obj (.text)
                  20010fc4    00000050     nortos_cc32xx.a : ClockPSysTick_nortos.oem4 (.text:ClockP_sysTickHandler)
                  20011014    00000050                     : SemaphoreP_nortos.oem4 (.text:SemaphoreP_construct)
                  20011064    00000050     drivers_cc32xx.a : TimerCC32XX.oem4 (.text:TimerCC32XX_allocateTimerResource)
                  200110b4    00000050     gpiointerrupt.obj (.text:initTimer)
                  20011104    0000004c     drivers_cc32xx.a : GPIOCC32XX.oem4 (.text:GPIO_enableInt)
                  20011150    0000004c                      : I2CCC32XX.oem4 (.text:I2CCC32XX_readRecieveFifo)
                  2001119c    0000004c                      : PowerCC32XX.oem4 (.text:PowerCC32XX_parkPin)
                  200111e8    0000004c     rtsv7M4_T_le_eabi.lib : atoi.c.obj (.text:atoi)
                  20011234    0000004c     drivers_cc32xx.a : PowerCC32XX.oem4 (.text:restorePeriphClocks)
                  20011280    0000004c     rtsv7M4_T_le_eabi.lib : snprintf.c.obj (.text:snprintf)
                  200112cc    00000048     driverlib.a : flash.obj (.text:FlashDisable)
                  20011314    00000048                 : prcm.obj (.text:PRCMLPDSEnter)
                  2001135c    00000048                 : prcm.obj (.text:PRCMPeripheralClkEnable)
                  200113a4    00000048     drivers_cc32xx.a : PowerCC32XX.oem4 (.text:Power_releaseConstraint)
                  200113ec    00000048     rtsv7M4_T_le_eabi.lib : fd_toi_t2.asm.obj (.text)
                  20011434    00000046     drivers_cc32xx.a : RingBuf.oem4 (.text:RingBuf_put)
                  2001147a    00000046                      : TimerCC32XX.oem4 (.text:getPrescaler)
                  200114c0    00000044     nortos_cc32xx.a : ClockPSysTick_nortos.oem4 (.text:ClockP_stop)
                  20011504    00000044     driverlib.a : prcm.obj (.text:PRCMLPDSRestoreInfoSet)
                  20011548    00000044     drivers_cc32xx.a : PowerCC32XX_asm.oem4 (.text:PowerCC32XX_enterLPDS)
                  2001158c    00000044     nortos_cc32xx.a : SemaphoreP_nortos.oem4 (.text:SemaphoreP_post)
                  200115d0    00000044                     : SwiP_nortos.oem4 (.text:SwiP_restore)
                  20011614    00000044     drivers_cc32xx.a : Timer.oem4 (.text:Timer_init)
                  20011658    00000044                      : UART.oem4 (.text:UART_init)
                  2001169c    00000044     rtsv7M4_T_le_eabi.lib : autoinit.c.obj (.text:__TI_auto_init_nobinit_nopinit:__TI_auto_init_nobinit_nopinit)
                  200116e0    00000044     gpiointerrupt.obj (.text:initUART)
                  20011724    00000040     nortos_cc32xx.a : ClockPSysTick_nortos.oem4 (.text:ClockP_construct)
                  20011764    00000040     driverlib.a : pin.obj (.text:PinModeSet)
                  200117a4    00000040     drivers_cc32xx.a : RingBuf.oem4 (.text:RingBuf_get)
                  200117e4    00000040                      : Timer.oem4 (.text:Timer_open)
                  20011824    00000040                      : UARTCC32XX.oem4 (.text:UARTCC32XX_read)
                  20011864    00000040                      : UART.oem4 (.text:UART_open)
                  200118a4    00000040     gpiointerrupt.obj (.text:countSeconds)
                  200118e4    0000003e     rtsv7M4_T_le_eabi.lib : _printfi.c.obj (.text:_fcpy)
                  20011922    00000002     --HOLE-- [fill = 0]
                  20011924    0000003c     nortos_cc32xx.a : ClockPSysTick_nortos.oem4 (.text:ClockP_destruct)
                  20011960    0000003c     drivers_cc32xx.a : PowerCC32XX.oem4 (.text:Power_setConstraint)
                  2001199c    0000003a                      : TimerCC32XX.oem4 (.text:TimerCC32XX_close)
                  200119d6    0000003a     nortos_cc32xx.a : PowerCC32XX_nortos.oem4 (.text:getCountsRTC)
                  20011a10    00000038     driverlib.a : prcm.obj (.text:PRCMLPDSEnterKeepDebugIf)
                  20011a48    00000038     drivers_cc32xx.a : TimerCC32XX.oem4 (.text:TimerCC32XX_hwiIntFunction)
                  20011a80    00000038     nortos_cc32xx.a : ClockPSysTick_nortos.oem4 (.text:addToList)
                  20011ab8    00000038                     : startup_cc32xx_ccs.oem4 (.text:initVectors)
                  20011af0    00000038     drivers_cc32xx.a : PowerCC32XX.oem4 (.text:notify)
                  20011b28    00000038     rtsv7M4_T_le_eabi.lib : fs_toi_t2.asm.obj (.text)
                  20011b60    00000038                           : i_tofs_t2.asm.obj (.text)
                  20011b98    00000036     driverlib.a : timer.obj (.text:TimerControlStall)
                  20011bce    00000036     drivers_cc32xx.a : UARTCC32XX.oem4 (.text:UARTCC32XX_readCancel)
                  20011c04    00000034     nortos_cc32xx.a : ClockPSysTick_nortos.oem4 (.text:ClockP_getTicksUntilInterrupt)
                  20011c38    00000034                     : ClockPSysTick_nortos.oem4 (.text:ClockP_startup)
                  20011c6c    00000034     driverlib.a : pin.obj (.text:PinModeGet)
                  20011ca0    00000034     drivers_cc32xx.a : PowerCC32XX.oem4 (.text:PowerCC32XX_restoreParkState)
                  20011cd4    00000034                      : TimerCC32XX.oem4 (.text:TimerCC32XX_freeTimerResource)
                  20011d08    00000034                      : TimerCC32XX.oem4 (.text:getPowerMgrId)
                  20011d3c    00000030     nortos_cc32xx.a : ClockPSysTick_nortos.oem4 (.text:ClockP_start)
                  20011d6c    00000030     drivers_cc32xx.a : PowerCC32XX.oem4 (.text:PowerCC32XX_restoreParkedPin)
                  20011d9c    00000030     rtsv7M4_T_le_eabi.lib : snprintf.c.obj (.text:_outs)
                  20011dcc    0000002e                           : i_tofd_t2.asm.obj (.text)
                  20011dfa    00000002     --HOLE-- [fill = 0]
                  20011dfc    0000002c     drivers_cc32xx.a : PowerCC32XX.oem4 (.text:PowerCC32XX_getParkState)
                  20011e28    0000002a     nortos_cc32xx.a : HwiPCC32XX_nortos.oem4 (.text:HwiP_create)
                  20011e52    0000002a     driverlib.a : timer.obj (.text:TimerLoadSet)
                  20011e7c    0000002a                 : timer.obj (.text:TimerPrescaleSet)
                  20011ea6    00000028                 : i2c.obj (.text:I2CFIFODataPutNonBlocking)
                  20011ece    00000002     --HOLE-- [fill = 0]
                  20011ed0    00000028                 : prcm.obj (.text:PRCMPeripheralClkDisable)
                  20011ef8    00000028     drivers_cc32xx.a : PowerCC32XX.oem4 (.text:Power_registerNotify)
                  20011f20    00000028     rtsv7M4_T_le_eabi.lib : memory.c.obj (.text:free_list_insert)
                  20011f48    00000026     driverlib.a : i2c.obj (.text:I2CFIFODataGetNonBlocking)
                  20011f6e    00000026     drivers_cc32xx.a : I2C.oem4 (.text:I2C_cancel)
                  20011f94    00000026                      : List.oem4 (.text:List_put)
                  20011fba    00000026                      : List.oem4 (.text:List_remove)
                  20011fe0    00000024     nortos_cc32xx.a : HwiPCC32XX_nortos.oem4 (.text:HwiP_dispatch)
                  20012004    00000024     drivers_cc32xx.a : PowerCC32XX.oem4 (.text:PowerCC32XX_reset)
                  20012028    00000024     rtsv7M4_T_le_eabi.lib : boot_cortex_m.c.obj (.text:_c_int00_noargs:_c_int00_noargs)
                  2001204c    00000022     driverlib.a : i2c.obj (.text:I2CMasterSlaveAddrSet)
                  2001206e    00000020     nortos_cc32xx.a : HwiPCC32XX_nortos.oem4 (.text:HwiP_destruct)
                  2001208e    00000002     --HOLE-- [fill = 0]
                  20012090    00000020     drivers_cc32xx.a : PowerCC32XX.oem4 (.text:Power_unregisterNotify)
                  200120b0    00000020                      : RingBuf.oem4 (.text:RingBuf_peek)
                  200120d0    00000020                      : UARTCC32XX.oem4 (.text:getPowerMgrId)
                  200120f0    0000001e     driverlib.a : i2c.obj (.text:I2CMasterIntStatusEx)
                  2001210e    0000001e     nortos_cc32xx.a : SemaphoreP_nortos.oem4 (.text:SemaphoreP_constructBinary)
                  2001212c    0000001e     driverlib.a : timer.obj (.text:TimerDisable)
                  2001214a    0000001e                 : timer.obj (.text:TimerEnable)
                  20012168    0000001c                 : pin.obj (.text:PinToPadGet)
                  20012184    0000001c     nortos_cc32xx.a : SwiP_nortos.oem4 (.text:SwiP_disable)
                  200121a0    0000001c     rtsv7M4_T_le_eabi.lib : memory.c.obj (.text:free_list_remove)
                  200121bc    0000001c                           : memccpy.c.obj (.text:memccpy)
                  200121d8    0000001a     nortos_cc32xx.a : ClockPSysTick_nortos.oem4 (.text:ClockP_create)
                  200121f2    0000001a                     : SemaphoreP_nortos.oem4 (.text:SemaphoreP_createBinary)
                  2001220c    0000001a                     : startup_cc32xx_ccs.oem4 (.text:resetISR)
                  20012226    00000018     driverlib.a : i2c.obj (.text:I2CMasterBusBusy)
                  2001223e    00000018                 : i2c.obj (.text:I2CMasterIntDisableEx)
                  20012256    00000018                 : i2c.obj (.text:I2CMasterIntEnableEx)
                  2001226e    00000018                 : i2c.obj (.text:I2CRxFIFOFlush)
                  20012286    00000018                 : i2c.obj (.text:I2CTxFIFOFlush)
                  2001229e    00000002     --HOLE-- [fill = 0]
                  200122a0    00000018     drivers_cc32xx.a : PowerCC32XX.oem4 (.text:Power_getTransitionLatency)
                  200122b8    00000018                      : PowerCC32XX.oem4 (.text:Power_idleFunc)
                  200122d0    00000018                      : TimerCC32XX.oem4 (.text:TimerCC32XX_getCount)
                  200122e8    00000018     driverlib.a : timer.obj (.text:TimerIntDisable)
                  20012300    00000018                 : timer.obj (.text:TimerIntEnable)
                  20012318    00000018                 : uart.obj (.text:UARTBusy)
                  20012330    00000018                 : uart.obj (.text:UARTIntEnable)
                  20012348    00000018     drivers_cc32xx.a : UART.oem4 (.text:UART_Params_init)
                  20012360    00000018     rtsv7M4_T_le_eabi.lib : snprintf.c.obj (.text:_outc)
                  20012378    00000018     gpiointerrupt.obj (.text:gpioButtonFxn0)
                  20012390    00000018     gpiointerrupt.obj (.text:gpioButtonFxn1)
                  200123a8    00000018     rtsv7M4_T_le_eabi.lib : ll_mul_t2.asm.obj (.text)
                  200123c0    00000016     driverlib.a : i2c.obj (.text:I2CMasterBurstLengthSet)
                  200123d6    00000016                 : prcm.obj (.text:PRCMHIBRegRead)
                  200123ec    00000016                 : prcm.obj (.text:PRCMHIBRegWrite)
                  20012402    00000016     nortos_cc32xx.a : SemaphoreP_nortos.oem4 (.text:SemaphoreP_create)
                  20012418    00000016     rtsv7M4_T_le_eabi.lib : strchr.c.obj (.text:strchr)
                  2001242e    00000014     driverlib.a : cpu.obj (.text:CPUcpsid)
                  20012442    00000002     --HOLE-- [fill = 0]
                  20012444    00000014     nortos_cc32xx.a : HwiPCC32XX_nortos.oem4 (.text:HwiP_inISR)
                  20012458    00000014     drivers_cc32xx.a : I2CCC32XX.oem4 (.text:I2CSupport_masterFinish)
                  2001246c    00000014                      : I2C.oem4 (.text:I2C_transfer)
                  20012480    00000014     driverlib.a : interrupt.obj (.text:IntVTableBaseSet)
                  20012494    00000014     drivers_cc32xx.a : PowerCC32XX.oem4 (.text:Power_disablePolicy)
                  200124a8    00000014                      : PowerCC32XX.oem4 (.text:Power_getDependencyCount)
                  200124bc    00000014                      : UARTCC32XX.oem4 (.text:releasePowerConstraint)
                  200124d0    00000014     rtsv7M4_T_le_eabi.lib : strlen.c.obj (.text:strlen)
                  200124e4    00000012     nortos_cc32xx.a : HwiPCC32XX_nortos.oem4 (.text:HwiP_Params_init)
                  200124f6    00000012     driverlib.a : i2c.obj (.text:I2CMasterIntClearEx)
                  20012508    00000012     drivers_cc32xx.a : RingBuf.oem4 (.text:RingBuf_construct)
                  2001251a    00000012     driverlib.a : timer.obj (.text:TimerIntClear)
                  2001252c    00000012     main_nortos.obj (.text:main)
                  2001253e    00000012     rtsv7M4_T_le_eabi.lib : wcslen.c.obj (.text:wcslen)
                  20012550    00000010     ti_drivers_config.obj (.text:Board_init)
                  20012560    00000010     nortos_cc32xx.a : ClockPSysTick_nortos.oem4 (.text:ClockP_add)
                  20012570    00000010                     : ClockPSysTick_nortos.oem4 (.text:ClockP_delete)
                  20012580    00000010                     : ClockPSysTick_nortos.oem4 (.text:ClockP_getCpuFreq)
                  20012590    00000010                     : ClockPSysTick_nortos.oem4 (.text:ClockP_getSystemTicks)
                  200125a0    00000010                     : ClockPSysTick_nortos.oem4 (.text:ClockP_setTicks)
                  200125b0    00000010                     : HwiPCC32XX_nortos.oem4 (.text:HwiP_delete)
                  200125c0    00000010                     : HwiPCC32XX_nortos.oem4 (.text:HwiP_restore)
                  200125d0    00000010     driverlib.a : i2c.obj (.text:I2CFIFOStatus)
                  200125e0    00000010     drivers_cc32xx.a : I2C.oem4 (.text:I2C_Params_init)
                  200125f0    00000010                      : PowerCC32XX.oem4 (.text:Power_enablePolicy)
                  20012600    00000010     nortos_cc32xx.a : SemaphoreP_nortos.oem4 (.text:SemaphoreP_Params_init)
                  20012610    00000010     drivers_cc32xx.a : Timer.oem4 (.text:Timer_Params_init)
                  20012620    00000010                      : UARTCC32XX.oem4 (.text:readBlockingTimeout)
                  20012630    0000000e     nortos_cc32xx.a : HwiPCC32XX_nortos.oem4 (.text:HwiP_clearInterrupt)
                  2001263e    0000000e                     : HwiPCC32XX_nortos.oem4 (.text:HwiP_disable)
                  2001264c    0000000e                     : HwiPCC32XX_nortos.oem4 (.text:HwiP_disableInterrupt)
                  2001265a    0000000e                     : HwiPCC32XX_nortos.oem4 (.text:HwiP_enable)
                  20012668    0000000e                     : HwiPCC32XX_nortos.oem4 (.text:HwiP_enableInterrupt)
                  20012676    0000000e     drivers_cc32xx.a : I2CCC32XX.oem4 (.text:I2CCC32XX_updateReg)
                  20012684    0000000e                      : RingBuf.oem4 (.text:RingBuf_isFull)
                  20012692    0000000e     rtsv7M4_T_le_eabi.lib : copy_decompress_none.c.obj (.text:decompress:none:__TI_decompress_none)
                  200126a0    0000000c     drivers_cc32xx.a : I2CCC32XX.oem4 (.text:I2CCC32XX_postNotify)
                  200126ac    0000000c                      : PowerCC32XX.oem4 (.text:Power_getConstraintMask)
                  200126b8    0000000c     rtsv7M4_T_le_eabi.lib : s_copysign.c.obj (.text:copysign)
                  200126c4    0000000c                           : copy_zero_init.c.obj (.text:decompress:ZI:__TI_zero_init)
                  200126d0    0000000c     drivers_cc32xx.a : TimerCC32XX.oem4 (.text:postNotifyFxn)
                  200126dc    0000000c                      : UARTCC32XX.oem4 (.text:postNotifyFxn)
                  200126e8    0000000a     nortos_cc32xx.a : ClockPSysTick_nortos.oem4 (.text:ClockP_Params_init)
                  200126f2    0000000a                     : ClockPSysTick_nortos.oem4 (.text:ClockP_isActive)
                  200126fc    0000000a     driverlib.a : interrupt.obj (.text:IntMasterDisable)
                  20012706    0000000a     drivers_cc32xx.a : Timer.oem4 (.text:Timer_start)
                  20012710    0000000a                      : UART.oem4 (.text:UART_write)
                  2001271a    00000008                      : I2CCC32XX.oem4 (.text:I2CCC32XX_blockingCallback)
                  20012722    00000002     --HOLE-- [fill = 0]
                  20012724    00000008     rtsv7M4_T_le_eabi.lib : errno.c.obj (.text:__aeabi_errno_addr)
                  2001272c    00000008                           : memory.c.obj (.text:malloc)
                  20012734    00000008     drivers_cc32xx.a : UARTCC32XX.oem4 (.text:readSemCallback)
                  2001273c    00000008                      : UARTCC32XX.oem4 (.text:writeSemCallback)
                  20012744    00000006                      : I2CCC32XX.oem4 (.text:I2CSupport_powerRelConstraint)
                  2001274a    00000006                      : I2CCC32XX.oem4 (.text:I2CSupport_powerSetConstraint)
                  20012750    00000006                      : TimerCC32XX.oem4 (.text:TimerCC32XX_control)
                  20012756    00000006     driverlib.a : utils.obj (.text:UtilsDelay)
                  2001275c    00000004     nortos_cc32xx.a : ClockPSysTick_nortos.oem4 (.text:ClockP_setTimeout)
                  20012760    00000004                     : HwiPCC32XX_nortos.oem4 (.text:HwiP_post)
                  20012764    00000004                     : SemaphoreP_nortos.oem4 (.text:SemaphoreP_delete)
                  20012768    00000004     rtsv7M4_T_le_eabi.lib : pre_init.c.obj (.text:_system_pre_init)
                  2001276c    00000004                           : exit.c.obj (.text:abort:abort)

.const     0    20012d30    0000051a     
                  20012d30    00000101     rtsv7M4_T_le_eabi.lib : ctype.c.obj (.const:.string:_ctypes_)
                  20012e31    00000003     --HOLE-- [fill = 0]
                  20012e34    00000100     driverlib.a : pin.obj (.const:g_ulPinToPadMap)
                  20012f34    000000a8                 : prcm.obj (.const:PRCM_PeriphRegsList)
                  20012fdc    00000044     ti_drivers_config.obj (.const:PowerCC32XX_config)
                  20013020    00000028     drivers_cc32xx.a : UARTCC32XX.oem4 (.const:UARTCC32XX_fxnTable)
                  20013048    00000024                      : UART.oem4 (.const:UART_defaultParams)
                  2001306c    00000024     ti_drivers_config.obj (.const:uartCC32XXHWAttrs0)
                  20013090    00000021     drivers_cc32xx.a : GPIOCC32XX.oem4 (.const:.string:pinTable)
                  200130b1    00000003     --HOLE-- [fill = 0]
                  200130b4    00000020                      : TimerCC32XX.oem4 (.const:TimerCC32XX_fxnTable)
                  200130d4    00000020                      : UARTCC32XX.oem4 (.const:staticFxnTable)
                  200130f4    00000018     driverlib.a : interrupt.obj (.const:g_pulEnRegs)
                  2001310c    00000018                 : interrupt.obj (.const:g_pulPendRegs)
                  20013124    00000018     gpiointerrupt.obj (.const:sensors)
                  2001313c    00000014     ti_drivers_config.obj (.const:GPIOCC32XX_config)
                  20013150    00000014     drivers_cc32xx.a : GPIOCC32XX.oem4 (.const:gpioBaseAddresses)
                  20013164    00000014     ti_drivers_config.obj (.const:i2cCC32XXHWAttrs)
                  20013178    00000014     drivers_cc32xx.a : UARTCC32XX.oem4 (.const:parityType)
                  2001318c    00000014                      : GPIOCC32XX.oem4 (.const:powerResources)
                  200131a0    00000010                      : I2C.oem4 (.const:I2C_defaultParams)
                  200131b0    00000010                      : I2CCC32XX.oem4 (.const:I2C_defaultParams)
                  200131c0    00000010                      : UARTCC32XX.oem4 (.const:dataLength)
                  200131d0    00000010     ti_drivers_config.obj (.const:timerCC32XXHWAttrs)
                  200131e0    0000000c     gpiointerrupt.obj (.const:.string)
                  200131ec    0000000c     ti_drivers_config.obj (.const:Timer_config)
                  200131f8    0000000c     ti_drivers_config.obj (.const:UART_config)
                  20013204    0000000c     drivers_cc32xx.a : Timer.oem4 (.const:defaultParams)
                  20013210    00000009     ti_drivers_config.obj (.const)
                  20013219    00000003     --HOLE-- [fill = 0]
                  2001321c    00000008     ti_drivers_config.obj (.const:I2C_config)
                  20013224    00000008     drivers_cc32xx.a : GPIOCC32XX.oem4 (.const:outPinTypes)
                  2001322c    00000008                      : UARTCC32XX.oem4 (.const:stopBits)
                  20013234    00000006                      : GPIOCC32XX.oem4 (.const:.string:interruptType)
                  2001323a    00000006                      : GPIOCC32XX.oem4 (.const:inPinTypes)
                  20013240    00000006                      : GPIOCC32XX.oem4 (.const:outPinStrengths)
                  20013246    00000004                      : GPIOCC32XX.oem4 (.const:.string:portInterruptIds)

.cinit     0    20013660    000000f0     
                  20013660    000000ca     (.cinit..data.load) [load image, compression = lzss]
                  2001372a    00000002     --HOLE-- [fill = 0]
                  2001372c    0000000c     (__TI_handler_table)
                  20013738    00000008     (.cinit..bss.load) [load image, compression = zero_init]
                  20013740    00000010     (__TI_cinit_table)

.init_array 
*          0    20004000    00000000     UNINITIALIZED

.ramVecs   0    20000000    0000030c     NOLOAD SECTION
                  20000000    0000030c     nortos_cc32xx.a : startup_cc32xx_ccs.oem4 (.ramVecs)

.stack     0    20003000    00001000     UNINITIALIZED
                  20003000    00000004     rtsv7M4_T_le_eabi.lib : boot_cortex_m.c.obj (.stack)
                  20003004    00000ffc     --HOLE--

.resetVecs 
*          0    20004000    00000040     
                  20004000    00000040     nortos_cc32xx.a : startup_cc32xx_ccs.oem4 (.resetVecs:retain)

.sysmem    0    20004040    00008000     UNINITIALIZED
                  20004040    00000010     rtsv7M4_T_le_eabi.lib : memory.c.obj (.sysmem)
                  20004050    00007ff0     --HOLE--

.data      0    20012770    000005c0     UNINITIALIZED
                  20012770    0000030c     nortos_cc32xx.a : HwiPCC32XX_nortos.oem4 (.data:HwiP_dispatchTable)
                  20012a7c    0000016c     drivers_cc32xx.a : PowerCC32XX.oem4 (.data:PowerCC32XX_module)
                  20012be8    000000f8     ti_drivers_config.obj (.data:parkInfo)
                  20012ce0    0000000c     ti_drivers_config.obj (.data:gpioCallbackFunctions)
                  20012cec    0000000c     ti_drivers_config.obj (.data:gpioPinConfigs)
                  20012cf8    00000009     drivers_cc32xx.a : GPIOCC32XX.oem4 (.data)
                  20012d01    00000003     nortos_cc32xx.a : SemaphoreP_nortos.oem4 (.data)
                  20012d04    00000008     rtsv7M4_T_le_eabi.lib : _lock.c.obj (.data:$O1$$)
                  20012d0c    00000008                           : memory.c.obj (.data:$O1$$)
                  20012d14    00000008     nortos_cc32xx.a : SemaphoreP_nortos.oem4 (.data:SemaphoreP_defaultParams)
                  20012d1c    00000008                     : HwiPCC32XX_nortos.oem4 (.data)
                  20012d24    00000005                     : ClockPSysTick_nortos.oem4 (.data)
                  20012d29    00000001     drivers_cc32xx.a : Timer.oem4 (.data)
                  20012d2a    00000001                      : UART.oem4 (.data)
                  20012d2b    00000001     --HOLE--
                  20012d2c    00000004     rtsv7M4_T_le_eabi.lib : errno.c.obj (.data)

.bss       0    20013250    00000410     UNINITIALIZED
                  20013250    0000012c     (.common:PowerCC32XX_contextSave)
                  2001337c    000000fc     (.common:i2cCC32XXObjects)
                  20013478    00000084     (.common:uartCC32XXObjects0)
                  200134fc    00000040     (.common:output)
                  2001353c    00000034     (.common:timerCC32XXObjects)
                  20013570    00000030     (.common:tasks)
                  200135a0    00000020     drivers_cc32xx.a : GPIOCC32XX.oem4 (.bss:gpioCallbackInfo)
                  200135c0    00000020     ti_drivers_config.obj (.bss:uartCC32XXRingBuffer0)
                  200135e0    00000020     (.common:i2cTransaction)
                  20013600    00000014     drivers_cc32xx.a : GPIOCC32XX.oem4 (.bss:powerNotifyObj)
                  20013614    00000004                      : GPIOCC32XX.oem4 (.bss)
                  20013618    00000010     (.common:ClockP_ctrl)
                  20013628    0000000d     nortos_cc32xx.a : SwiP_nortos.oem4 (.bss)
                  20013635    00000001     (.common:heat)
                  20013636    00000001     (.common:verifySeconds)
                  20013637    00000001     --HOLE--
                  20013638    00000004                     : ClockPSysTick_nortos.oem4 (.bss)
                  2001363c    00000004     drivers_cc32xx.a : TimerCC32XX.oem4 (.bss:timerState)
                  20013640    00000004     (.common:buttonPressed)
                  20013644    00000004     (.common:currentTemp)
                  20013648    00000004     (.common:i2c)
                  2001364c    00000004     (.common:rxBuffer)
                  20013650    00000004     (.common:seconds)
                  20013654    00000004     (.common:tempSetPoint)
                  20013658    00000004     (.common:txBuffer)
                  2001365c    00000004     (.common:uart)

.log_data 
*          0    90000000    00000000     COPY SECTION

__llvm_prf_cnts 
*          0    20004000    00000000     UNINITIALIZED

MODULE SUMMARY

       Module                       code    ro data   rw data
       ------                       ----    -------   -------
    .\
       gpiointerrupt.obj            1912    36        178    
       main_nortos.obj              18      0         0      
    +--+----------------------------+-------+---------+---------+
       Total:                       1930    36        178    
                                                             
    .\syscfg\
       ti_drivers_config.obj        18      201       740    
    +--+----------------------------+-------+---------+---------+
       Total:                       18      201       740    
                                                             
    C:/ti/simplelink_cc32xx_sdk_4_30_00_06/kernel/nortos/lib/ccs/m4/nortos_cc32xx.a
       HwiPCC32XX_nortos.oem4       394     0         788    
       startup_cc32xx_ccs.oem4      90      64        780    
       ClockPSysTick_nortos.oem4    702     0         25     
       PowerCC32XX_nortos.oem4      472     0         0      
       SemaphoreP_nortos.oem4       408     0         11     
       SwiP_nortos.oem4             96      0         13     
    +--+----------------------------+-------+---------+---------+
       Total:                       2162    64        1617   
                                                             
    C:/ti/simplelink_cc32xx_sdk_4_30_00_06/source/ti/devices/cc32xx/driverlib/ccs/Release/driverlib.a
       prcm.obj                     1604    168       0      
       pin.obj                      280     256       0      
       interrupt.obj                334     48        0      
       i2c.obj                      318     0         0      
       timer.obj                    264     0         0      
       flash.obj                    72      0         0      
       uart.obj                     48      0         0      
       cpu.obj                      20      0         0      
       utils.obj                    6       0         0      
    +--+----------------------------+-------+---------+---------+
       Total:                       2946    472       0      
                                                             
    C:/ti/simplelink_cc32xx_sdk_4_30_00_06/source/ti/drivers/lib/ccs/m4/drivers_cc32xx.a
       UARTCC32XX.oem4              3466    116       0      
       PowerCC32XX.oem4             2432    0         664    
       I2CCC32XX.oem4               1452    16        0      
       GPIOCC32XX.oem4              1208    103       65     
       TimerCC32XX.oem4             1132    32        4      
       I2C.oem4                     366     16        0      
       UART.oem4                    166     36        1      
       RingBuf.oem4                 198     0         0      
       Timer.oem4                   158     12        1      
       PowerCC32XX_asm.oem4         150     0         0      
       List.oem4                    76      0         0      
    +--+----------------------------+-------+---------+---------+
       Total:                       10804   331       735    
                                                             
    C:\ti\ccs1110\ccs\tools\compiler\ti-cgt-arm_20.2.5.LTS\lib\rtsv7M4_T_le_eabi.lib
       _printfi.c.obj               4835    0         0      
       memory.c.obj                 672     0         8      
       fd_add_t2.asm.obj            438     0         0      
       fd_div_t2.asm.obj            310     0         0      
       fd_cmp_t2.asm.obj            268     0         0      
       ctype.c.obj                  0       257       0      
       fd_mul_t2.asm.obj            252     0         0      
       s_scalbn.c.obj               208     0         0      
       memcpy_t2.asm.obj            156     0         0      
       ull_div_t2.asm.obj           150     0         0      
       snprintf.c.obj               148     0         0      
       fs_mul_t2.asm.obj            122     0         0      
       memset_t2.asm.obj            122     0         0      
       copy_decompress_lzss.c.obj   104     0         0      
       s_frexp.c.obj                92      0         0      
       _ltoa.c.obj                  84      0         0      
       atoi.c.obj                   76      0         0      
       fd_toi_t2.asm.obj            72      0         0      
       autoinit.c.obj               68      0         0      
       fs_toi_t2.asm.obj            56      0         0      
       i_tofs_t2.asm.obj            56      0         0      
       i_tofd_t2.asm.obj            46      0         0      
       boot_cortex_m.c.obj          36      0         0      
       memccpy.c.obj                28      0         0      
       ll_mul_t2.asm.obj            24      0         0      
       strchr.c.obj                 22      0         0      
       strlen.c.obj                 20      0         0      
       wcslen.c.obj                 18      0         0      
       copy_decompress_none.c.obj   14      0         0      
       copy_zero_init.c.obj         12      0         0      
       errno.c.obj                  8       0         4      
       s_copysign.c.obj             12      0         0      
       _lock.c.obj                  2       0         8      
       exit.c.obj                   4       0         0      
       pre_init.c.obj               4       0         0      
       div0.asm.obj                 2       0         0      
    +--+----------------------------+-------+---------+---------+
       Total:                       8541    257       20     
                                                             
       Heap:                        0       0         32768  
       Stack:                       0       0         4096   
       Linker Generated:            0       238       0      
    +--+----------------------------+-------+---------+---------+
       Grand Total:                 26401   1599      40154  


LINKER GENERATED COPY TABLES

__TI_cinit_table @ 20013740 records: 2, size/record: 8, table size: 16
	.data: load addr=20013660, load size=000000ca bytes, run addr=20012770, run size=000005c0 bytes, compression=lzss
	.bss: load addr=20013738, load size=00000008 bytes, run addr=20013250, run size=00000410 bytes, compression=zero_init


LINKER GENERATED HANDLER TABLE

__TI_handler_table @ 2001372c records: 3, size/record: 4, table size: 12
	index: 0, handler: __TI_decompress_lzss
	index: 1, handler: __TI_decompress_none
	index: 2, handler: __TI_zero_init


GLOBAL SYMBOLS: SORTED ALPHABETICALLY BY Name 

address   name                             
-------   ----                             
20012551  Board_init                       
2000ca8f  Board_initHook                   
2001276d  C$$EXIT                          
20013210  CONFIG_GPIO_BUTTON_0_CONST       
20013211  CONFIG_GPIO_BUTTON_1_CONST       
20013212  CONFIG_GPIO_LED_0_CONST          
20013213  CONFIG_I2C_0_CONST               
20013215  CONFIG_TIMER_0_CONST             
20013217  CONFIG_UART_0_CONST              
2001242f  CPUcpsid                         
200126e9  ClockP_Params_init               
20012561  ClockP_add                       
20011725  ClockP_construct                 
200121d9  ClockP_create                    
20013618  ClockP_ctrl                      
20012571  ClockP_delete                    
20011925  ClockP_destruct                  
20010fc5  ClockP_doTick                    
20012581  ClockP_getCpuFreq                
20012591  ClockP_getSystemTicks            
20011c05  ClockP_getTicksUntilInterrupt    
200126f3  ClockP_isActive                  
200125a1  ClockP_setTicks                  
2001275d  ClockP_setTimeout                
20011d3d  ClockP_start                     
20011c39  ClockP_startup                   
200114c1  ClockP_stop                      
20010fc5  ClockP_sysTickHandler            
20012d24  ClockP_tickPeriod                
200112cd  FlashDisable                     
2001313c  GPIOCC32XX_config                
20011105  GPIO_enableInt                   
200105c9  GPIO_hwiIntFxn                   
2000f0dd  GPIO_init                        
20010b5d  GPIO_setCallback                 
2000d5fd  GPIO_setConfig                   
20010c71  GPIO_write                       
200124e5  HwiP_Params_init                 
20012631  HwiP_clearInterrupt              
2000fe21  HwiP_construct                   
20011e29  HwiP_create                      
200125b1  HwiP_delete                      
2001206f  HwiP_destruct                    
2001263f  HwiP_disable                     
2001264d  HwiP_disableInterrupt            
20011fe1  HwiP_dispatch                    
2001265b  HwiP_enable                      
20012669  HwiP_enableInterrupt             
20012445  HwiP_inISR                       
20012d1c  HwiP_key                         
20012761  HwiP_post                        
200125c1  HwiP_restore                     
20012d20  HwiP_swiPIntNum                  
20011f49  I2CFIFODataGetNonBlocking        
20011ea7  I2CFIFODataPutNonBlocking        
200125d1  I2CFIFOStatus                    
200123c1  I2CMasterBurstLengthSet          
20012227  I2CMasterBusBusy                 
200124f7  I2CMasterIntClearEx              
2001223f  I2CMasterIntDisableEx            
20012257  I2CMasterIntEnableEx             
200120f1  I2CMasterIntStatusEx             
2001204d  I2CMasterSlaveAddrSet            
2001226f  I2CRxFIFOFlush                   
20012459  I2CSupport_masterFinish          
20012745  I2CSupport_powerRelConstraint    
2001274b  I2CSupport_powerSetConstraint    
200108fb  I2CSupport_primeTransfer         
20012287  I2CTxFIFOFlush                   
200125e1  I2C_Params_init                  
20011f6f  I2C_cancel                       
2001321c  I2C_config                       
20013214  I2C_count                        
200131a0  I2C_defaultParams                
2000db63  I2C_init                         
2000eb71  I2C_open                         
2001246d  I2C_transfer                     
2000e5ed  I2C_transferTimeout              
UNDEFED   ITM_flush                        
UNDEFED   ITM_restore                      
2000f7f5  IntEnable                        
200126fd  IntMasterDisable                 
2000fead  IntPendSet                       
20012481  IntVTableBaseSet                 
20011f95  List_put                         
20011fbb  List_remove                      
2001265b  NoRTOS_start                     
2000ca91  PRCMCC3200MCUInit                
200123d7  PRCMHIBRegRead                   
200123ed  PRCMHIBRegWrite                  
20011315  PRCMLPDSEnter                    
20011a11  PRCMLPDSEnterKeepDebugIf         
20011505  PRCMLPDSRestoreInfoSet           
20011ed1  PRCMPeripheralClkDisable         
2001135d  PRCMPeripheralClkEnable          
20010cc9  PRCMPeripheralReset              
20010afd  PRCMSysResetCauseGet             
2000ff35  PinConfigSet                     
20011c6d  PinModeGet                       
20011765  PinModeSet                       
20012169  PinToPadGet                      
20012fdc  PowerCC32XX_config               
2000f89d  PowerCC32XX_configureWakeup      
20013250  PowerCC32XX_contextSave          
20011549  PowerCC32XX_enterLPDS            
20011dfd  PowerCC32XX_getParkState         
2000e4c3  PowerCC32XX_initPolicy           
20012a7c  PowerCC32XX_module               
2001119d  PowerCC32XX_parkPin              
20012005  PowerCC32XX_reset                
20011ca1  PowerCC32XX_restoreParkState     
20011d6d  PowerCC32XX_restoreParkedPin     
20010ecd  PowerCC32XX_resumeLPDS           
20010a35  PowerCC32XX_setParkState         
2000db65  PowerCC32XX_sleepPolicy          
20012495  Power_disablePolicy              
200125f1  Power_enablePolicy               
200126ad  Power_getConstraintMask          
200124a9  Power_getDependencyCount         
200122a1  Power_getTransitionLatency       
200122b9  Power_idleFunc                   
20010151  Power_init                       
20011ef9  Power_registerNotify             
200113a5  Power_releaseConstraint          
20010d21  Power_releaseDependency          
20011961  Power_setConstraint              
200102dd  Power_setDependency              
2000e255  Power_sleep                      
20012091  Power_unregisterNotify           
20012509  RingBuf_construct                
200117a5  RingBuf_get                      
20012685  RingBuf_isFull                   
200120b1  RingBuf_peek                     
20011435  RingBuf_put                      
20012601  SemaphoreP_Params_init           
20011015  SemaphoreP_construct             
2001210f  SemaphoreP_constructBinary       
20012403  SemaphoreP_create                
200121f3  SemaphoreP_createBinary          
20012d14  SemaphoreP_defaultParams         
20012765  SemaphoreP_delete                
2000fa89  SemaphoreP_pend                  
2001158d  SemaphoreP_post                  
20012185  SwiP_disable                     
200115d1  SwiP_restore                     
20011065  TimerCC32XX_allocateTimerResource
2001199d  TimerCC32XX_close                
20012751  TimerCC32XX_control              
20011cd5  TimerCC32XX_freeTimerResource    
200130b4  TimerCC32XX_fxnTable             
200122d1  TimerCC32XX_getCount             
2000e70f  TimerCC32XX_init                 
2000e4c5  TimerCC32XX_open                 
2000ffbd  TimerCC32XX_setPeriod            
20010641  TimerCC32XX_start                
20010d79  TimerCC32XX_stop                 
20011b99  TimerControlStall                
2001212d  TimerDisable                     
2001214b  TimerEnable                      
2001251b  TimerIntClear                    
200122e9  TimerIntDisable                  
20012301  TimerIntEnable                   
20011e53  TimerLoadSet                     
20011e7d  TimerPrescaleSet                 
20012611  Timer_Params_init                
200131ec  Timer_config                     
20013216  Timer_count                      
20011615  Timer_init                       
200117e5  Timer_open                       
20012707  Timer_start                      
20012319  UARTBusy                         
2000e711  UARTCC32XX_close                 
2000ed69  UARTCC32XX_control               
20013020  UARTCC32XX_fxnTable              
2000ee5b  UARTCC32XX_init                  
2000cebd  UARTCC32XX_open                  
20011825  UARTCC32XX_read                  
20011bcf  UARTCC32XX_readCancel            
2000f261  UARTCC32XX_readPolling           
2000f011  UARTCC32XX_write                 
200109cd  UARTCC32XX_writeCancel           
20010a99  UARTCC32XX_writePolling          
20012331  UARTIntEnable                    
20012349  UART_Params_init                 
200131f8  UART_config                      
20013218  UART_count                       
20013048  UART_defaultParams               
20011659  UART_init                        
20011865  UART_open                        
20012711  UART_write                       
20012757  UtilsDelay                       
20004000  __STACK_END                      
00001000  __STACK_SIZE                     
00008000  __SYSMEM_SIZE                    
20013740  __TI_CINIT_Base                  
20013750  __TI_CINIT_Limit                 
2001372c  __TI_Handler_Table_Base          
20013738  __TI_Handler_Table_Limit         
2001169d  __TI_auto_init_nobinit_nopinit   
20010965  __TI_decompress_lzss             
20012693  __TI_decompress_none             
20010e25  __TI_ltoa                        
ffffffff  __TI_pprof_out_hndl              
2000c041  __TI_printfi                     
ffffffff  __TI_prof_data_size              
ffffffff  __TI_prof_data_start             
20013660  __TI_static_base__               
200126c5  __TI_zero_init                   
20010045  __aeabi_cdcmpeq                  
20010045  __aeabi_cdcmple                  
200100cb  __aeabi_cdrcmple                 
200113ed  __aeabi_d2iz                     
2000d9b7  __aeabi_dadd                     
2000e38d  __aeabi_ddiv                     
2000ec6d  __aeabi_dmul                     
2000d9ad  __aeabi_dsub                     
20012725  __aeabi_errno_addr               
20011b29  __aeabi_f2iz                     
200104d3  __aeabi_fmul                     
20011dcd  __aeabi_i2d                      
20011b61  __aeabi_i2f                      
20010fc3  __aeabi_idiv0                    
20010fc3  __aeabi_ldiv0                    
200123a9  __aeabi_lmul                     
2001054d  __aeabi_memclr                   
2001054d  __aeabi_memclr4                  
2001054d  __aeabi_memclr8                  
2000fbc5  __aeabi_memcpy                   
2000fbc5  __aeabi_memcpy4                  
2000fbc5  __aeabi_memcpy8                  
2001054f  __aeabi_memset                   
2001054f  __aeabi_memset4                  
2001054f  __aeabi_memset8                  
2000fcf9  __aeabi_uldivmod                 
ffffffff  __binit__                        
ffffffff  __c_args__                       
UNDEFED   __mpu_init                       
20003000  __stack                          
20004000  __start___llvm_prf_cnts          
20004000  __stop___llvm_prf_cnts           
20012029  _c_int00_noargs                  
20012d30  _ctypes_                         
20012d04  _lock                            
2000f0db  _nop                             
20004040  _sys_memory                      
UNDEFED   _system_post_cinit               
20012769  _system_pre_init                 
20012d08  _unlock                          
2001276d  abort                            
2000ea71  aligned_alloc                    
200111e9  atoi                             
ffffffff  binit                            
20013640  buttonPressed                    
2000fd8f  clkFxn                           
200126b9  copysign                         
200126b9  copysignl                        
200118a5  countSeconds                     
20013644  currentTemp                      
20012d2c  errno                            
2000ee5d  free                             
20010bb9  frexp                            
20010bb9  frexpl                           
20012379  gpioButtonFxn0                   
20012391  gpioButtonFxn1                   
20012ce0  gpioCallbackFunctions            
20012cec  gpioPinConfigs                   
20013635  heat                             
20013648  i2c                              
20013164  i2cCC32XXHWAttrs                 
2001337c  i2cCC32XXObjects                 
200135e0  i2cTransaction                   
2001323a  inPinTypes                       
2000d3ad  initI2C                          
200110b5  initTimer                        
200116e1  initUART                         
20011ab9  initVectors                      
2000ef41  ldexp                            
2000ef41  ldexpl                           
2001252d  main                             
2000dd01  mainThread                       
2001272d  malloc                           
2000ea71  memalign                         
200121bd  memccpy                          
2000fbc5  memcpy                           
20010555  memset                           
20013240  outPinStrengths                  
20013224  outPinTypes                      
200134fc  output                           
20012be8  parkInfo                         
2000e951  readTemp                         
2001220d  resetISR                         
20012220  resetVectorAddr                  
20004000  resetVectors                     
2001364c  rxBuffer                         
2000ef41  scalbn                           
2000ef41  scalbnl                          
20013650  seconds                          
20010259  setPoint                         
20011281  snprintf                         
20012419  strchr                           
200124d1  strlen                           
20013570  tasks                            
20010731  tempLed                          
20013654  tempSetPoint                     
200131d0  timerCC32XXHWAttrs               
2001353c  timerCC32XXObjects               
2001035d  timerCallback                    
20013658  txBuffer                         
2001365c  uart                             
20013478  uartCC32XXObjects0               
20013636  verifySeconds                    
2001253f  wcslen                           


GLOBAL SYMBOLS: SORTED BY Symbol Address 

address   name                             
-------   ----                             
00001000  __STACK_SIZE                     
00008000  __SYSMEM_SIZE                    
20003000  __stack                          
20004000  __STACK_END                      
20004000  __start___llvm_prf_cnts          
20004000  __stop___llvm_prf_cnts           
20004000  resetVectors                     
20004040  _sys_memory                      
2000c041  __TI_printfi                     
2000ca8f  Board_initHook                   
2000ca91  PRCMCC3200MCUInit                
2000cebd  UARTCC32XX_open                  
2000d3ad  initI2C                          
2000d5fd  GPIO_setConfig                   
2000d9ad  __aeabi_dsub                     
2000d9b7  __aeabi_dadd                     
2000db63  I2C_init                         
2000db65  PowerCC32XX_sleepPolicy          
2000dd01  mainThread                       
2000e255  Power_sleep                      
2000e38d  __aeabi_ddiv                     
2000e4c3  PowerCC32XX_initPolicy           
2000e4c5  TimerCC32XX_open                 
2000e5ed  I2C_transferTimeout              
2000e70f  TimerCC32XX_init                 
2000e711  UARTCC32XX_close                 
2000e951  readTemp                         
2000ea71  aligned_alloc                    
2000ea71  memalign                         
2000eb71  I2C_open                         
2000ec6d  __aeabi_dmul                     
2000ed69  UARTCC32XX_control               
2000ee5b  UARTCC32XX_init                  
2000ee5d  free                             
2000ef41  ldexp                            
2000ef41  ldexpl                           
2000ef41  scalbn                           
2000ef41  scalbnl                          
2000f011  UARTCC32XX_write                 
2000f0db  _nop                             
2000f0dd  GPIO_init                        
2000f261  UARTCC32XX_readPolling           
2000f7f5  IntEnable                        
2000f89d  PowerCC32XX_configureWakeup      
2000fa89  SemaphoreP_pend                  
2000fbc5  __aeabi_memcpy                   
2000fbc5  __aeabi_memcpy4                  
2000fbc5  __aeabi_memcpy8                  
2000fbc5  memcpy                           
2000fcf9  __aeabi_uldivmod                 
2000fd8f  clkFxn                           
2000fe21  HwiP_construct                   
2000fead  IntPendSet                       
2000ff35  PinConfigSet                     
2000ffbd  TimerCC32XX_setPeriod            
20010045  __aeabi_cdcmpeq                  
20010045  __aeabi_cdcmple                  
200100cb  __aeabi_cdrcmple                 
20010151  Power_init                       
20010259  setPoint                         
200102dd  Power_setDependency              
2001035d  timerCallback                    
200104d3  __aeabi_fmul                     
2001054d  __aeabi_memclr                   
2001054d  __aeabi_memclr4                  
2001054d  __aeabi_memclr8                  
2001054f  __aeabi_memset                   
2001054f  __aeabi_memset4                  
2001054f  __aeabi_memset8                  
20010555  memset                           
200105c9  GPIO_hwiIntFxn                   
20010641  TimerCC32XX_start                
20010731  tempLed                          
200108fb  I2CSupport_primeTransfer         
20010965  __TI_decompress_lzss             
200109cd  UARTCC32XX_writeCancel           
20010a35  PowerCC32XX_setParkState         
20010a99  UARTCC32XX_writePolling          
20010afd  PRCMSysResetCauseGet             
20010b5d  GPIO_setCallback                 
20010bb9  frexp                            
20010bb9  frexpl                           
20010c71  GPIO_write                       
20010cc9  PRCMPeripheralReset              
20010d21  Power_releaseDependency          
20010d79  TimerCC32XX_stop                 
20010e25  __TI_ltoa                        
20010ecd  PowerCC32XX_resumeLPDS           
20010fc3  __aeabi_idiv0                    
20010fc3  __aeabi_ldiv0                    
20010fc5  ClockP_doTick                    
20010fc5  ClockP_sysTickHandler            
20011015  SemaphoreP_construct             
20011065  TimerCC32XX_allocateTimerResource
200110b5  initTimer                        
20011105  GPIO_enableInt                   
2001119d  PowerCC32XX_parkPin              
200111e9  atoi                             
20011281  snprintf                         
200112cd  FlashDisable                     
20011315  PRCMLPDSEnter                    
2001135d  PRCMPeripheralClkEnable          
200113a5  Power_releaseConstraint          
200113ed  __aeabi_d2iz                     
20011435  RingBuf_put                      
200114c1  ClockP_stop                      
20011505  PRCMLPDSRestoreInfoSet           
20011549  PowerCC32XX_enterLPDS            
2001158d  SemaphoreP_post                  
200115d1  SwiP_restore                     
20011615  Timer_init                       
20011659  UART_init                        
2001169d  __TI_auto_init_nobinit_nopinit   
200116e1  initUART                         
20011725  ClockP_construct                 
20011765  PinModeSet                       
200117a5  RingBuf_get                      
200117e5  Timer_open                       
20011825  UARTCC32XX_read                  
20011865  UART_open                        
200118a5  countSeconds                     
20011925  ClockP_destruct                  
20011961  Power_setConstraint              
2001199d  TimerCC32XX_close                
20011a11  PRCMLPDSEnterKeepDebugIf         
20011ab9  initVectors                      
20011b29  __aeabi_f2iz                     
20011b61  __aeabi_i2f                      
20011b99  TimerControlStall                
20011bcf  UARTCC32XX_readCancel            
20011c05  ClockP_getTicksUntilInterrupt    
20011c39  ClockP_startup                   
20011c6d  PinModeGet                       
20011ca1  PowerCC32XX_restoreParkState     
20011cd5  TimerCC32XX_freeTimerResource    
20011d3d  ClockP_start                     
20011d6d  PowerCC32XX_restoreParkedPin     
20011dcd  __aeabi_i2d                      
20011dfd  PowerCC32XX_getParkState         
20011e29  HwiP_create                      
20011e53  TimerLoadSet                     
20011e7d  TimerPrescaleSet                 
20011ea7  I2CFIFODataPutNonBlocking        
20011ed1  PRCMPeripheralClkDisable         
20011ef9  Power_registerNotify             
20011f49  I2CFIFODataGetNonBlocking        
20011f6f  I2C_cancel                       
20011f95  List_put                         
20011fbb  List_remove                      
20011fe1  HwiP_dispatch                    
20012005  PowerCC32XX_reset                
20012029  _c_int00_noargs                  
2001204d  I2CMasterSlaveAddrSet            
2001206f  HwiP_destruct                    
20012091  Power_unregisterNotify           
200120b1  RingBuf_peek                     
200120f1  I2CMasterIntStatusEx             
2001210f  SemaphoreP_constructBinary       
2001212d  TimerDisable                     
2001214b  TimerEnable                      
20012169  PinToPadGet                      
20012185  SwiP_disable                     
200121bd  memccpy                          
200121d9  ClockP_create                    
200121f3  SemaphoreP_createBinary          
2001220d  resetISR                         
20012220  resetVectorAddr                  
20012227  I2CMasterBusBusy                 
2001223f  I2CMasterIntDisableEx            
20012257  I2CMasterIntEnableEx             
2001226f  I2CRxFIFOFlush                   
20012287  I2CTxFIFOFlush                   
200122a1  Power_getTransitionLatency       
200122b9  Power_idleFunc                   
200122d1  TimerCC32XX_getCount             
200122e9  TimerIntDisable                  
20012301  TimerIntEnable                   
20012319  UARTBusy                         
20012331  UARTIntEnable                    
20012349  UART_Params_init                 
20012379  gpioButtonFxn0                   
20012391  gpioButtonFxn1                   
200123a9  __aeabi_lmul                     
200123c1  I2CMasterBurstLengthSet          
200123d7  PRCMHIBRegRead                   
200123ed  PRCMHIBRegWrite                  
20012403  SemaphoreP_create                
20012419  strchr                           
2001242f  CPUcpsid                         
20012445  HwiP_inISR                       
20012459  I2CSupport_masterFinish          
2001246d  I2C_transfer                     
20012481  IntVTableBaseSet                 
20012495  Power_disablePolicy              
200124a9  Power_getDependencyCount         
200124d1  strlen                           
200124e5  HwiP_Params_init                 
200124f7  I2CMasterIntClearEx              
20012509  RingBuf_construct                
2001251b  TimerIntClear                    
2001252d  main                             
2001253f  wcslen                           
20012551  Board_init                       
20012561  ClockP_add                       
20012571  ClockP_delete                    
20012581  ClockP_getCpuFreq                
20012591  ClockP_getSystemTicks            
200125a1  ClockP_setTicks                  
200125b1  HwiP_delete                      
200125c1  HwiP_restore                     
200125d1  I2CFIFOStatus                    
200125e1  I2C_Params_init                  
200125f1  Power_enablePolicy               
20012601  SemaphoreP_Params_init           
20012611  Timer_Params_init                
20012631  HwiP_clearInterrupt              
2001263f  HwiP_disable                     
2001264d  HwiP_disableInterrupt            
2001265b  HwiP_enable                      
2001265b  NoRTOS_start                     
20012669  HwiP_enableInterrupt             
20012685  RingBuf_isFull                   
20012693  __TI_decompress_none             
200126ad  Power_getConstraintMask          
200126b9  copysign                         
200126b9  copysignl                        
200126c5  __TI_zero_init                   
200126e9  ClockP_Params_init               
200126f3  ClockP_isActive                  
200126fd  IntMasterDisable                 
20012707  Timer_start                      
20012711  UART_write                       
20012725  __aeabi_errno_addr               
2001272d  malloc                           
20012745  I2CSupport_powerRelConstraint    
2001274b  I2CSupport_powerSetConstraint    
20012751  TimerCC32XX_control              
20012757  UtilsDelay                       
2001275d  ClockP_setTimeout                
20012761  HwiP_post                        
20012765  SemaphoreP_delete                
20012769  _system_pre_init                 
2001276d  C$$EXIT                          
2001276d  abort                            
20012a7c  PowerCC32XX_module               
20012be8  parkInfo                         
20012ce0  gpioCallbackFunctions            
20012cec  gpioPinConfigs                   
20012d04  _lock                            
20012d08  _unlock                          
20012d14  SemaphoreP_defaultParams         
20012d1c  HwiP_key                         
20012d20  HwiP_swiPIntNum                  
20012d24  ClockP_tickPeriod                
20012d2c  errno                            
20012d30  _ctypes_                         
20012fdc  PowerCC32XX_config               
20013020  UARTCC32XX_fxnTable              
20013048  UART_defaultParams               
200130b4  TimerCC32XX_fxnTable             
2001313c  GPIOCC32XX_config                
20013164  i2cCC32XXHWAttrs                 
200131a0  I2C_defaultParams                
200131d0  timerCC32XXHWAttrs               
200131ec  Timer_config                     
200131f8  UART_config                      
20013210  CONFIG_GPIO_BUTTON_0_CONST       
20013211  CONFIG_GPIO_BUTTON_1_CONST       
20013212  CONFIG_GPIO_LED_0_CONST          
20013213  CONFIG_I2C_0_CONST               
20013214  I2C_count                        
20013215  CONFIG_TIMER_0_CONST             
20013216  Timer_count                      
20013217  CONFIG_UART_0_CONST              
20013218  UART_count                       
2001321c  I2C_config                       
20013224  outPinTypes                      
2001323a  inPinTypes                       
20013240  outPinStrengths                  
20013250  PowerCC32XX_contextSave          
2001337c  i2cCC32XXObjects                 
20013478  uartCC32XXObjects0               
200134fc  output                           
2001353c  timerCC32XXObjects               
20013570  tasks                            
200135e0  i2cTransaction                   
20013618  ClockP_ctrl                      
20013635  heat                             
20013636  verifySeconds                    
20013640  buttonPressed                    
20013644  currentTemp                      
20013648  i2c                              
2001364c  rxBuffer                         
20013650  seconds                          
20013654  tempSetPoint                     
20013658  txBuffer                         
2001365c  uart                             
20013660  __TI_static_base__               
2001372c  __TI_Handler_Table_Base          
20013738  __TI_Handler_Table_Limit         
20013740  __TI_CINIT_Base                  
20013750  __TI_CINIT_Limit                 
ffffffff  __TI_pprof_out_hndl              
ffffffff  __TI_prof_data_size              
ffffffff  __TI_prof_data_start             
ffffffff  __binit__                        
ffffffff  __c_args__                       
ffffffff  binit                            
UNDEFED   ITM_flush                        
UNDEFED   ITM_restore                      
UNDEFED   __mpu_init                       
UNDEFED   _system_post_cinit               

[312 symbols]
