<?xml version="1.0" encoding="ISO-8859-1" ?>
<link_info>
   <banner>TI ARM Linker PC v20.2.5.LTS</banner>
   <copyright>Copyright (c) 1996-2018 Texas Instruments Incorporated</copyright>
   <link_time>0x625c6121</link_time>
   <link_errors>0x0</link_errors>
   <output_file>gpiointerrupt_CC3220S_LAUNCHXL_nortos_ccs.out</output_file>
   <entry_point>
      <name>resetISR</name>
      <address>0x2001220d</address>
   </entry_point>
   <input_file_list>
      <input_file id="fl-2">
         <path>.\</path>
         <kind>object</kind>
         <file>gpiointerrupt.obj</file>
         <name>gpiointerrupt.obj</name>
      </input_file>
      <input_file id="fl-3">
         <path>.\syscfg\</path>
         <kind>object</kind>
         <file>ti_drivers_config.obj</file>
         <name>ti_drivers_config.obj</name>
      </input_file>
      <input_file id="fl-4">
         <path>.\</path>
         <kind>object</kind>
         <file>main_nortos.obj</file>
         <name>main_nortos.obj</name>
      </input_file>
      <input_file id="fl-d">
         <kind>object</kind>
         <file>&lt;internal&gt;</file>
         <name>&lt;internal&gt;</name>
      </input_file>
      <input_file id="fl-e">
         <path>C:\ti\simplelink_cc32xx_sdk_4_30_00_06\source\ti\drivers\lib\ccs\m4\</path>
         <kind>archive</kind>
         <file>drivers_cc32xx.a</file>
         <name>I2C.oem4</name>
      </input_file>
      <input_file id="fl-f">
         <path>C:\ti\simplelink_cc32xx_sdk_4_30_00_06\source\ti\drivers\lib\ccs\m4\</path>
         <kind>archive</kind>
         <file>drivers_cc32xx.a</file>
         <name>Timer.oem4</name>
      </input_file>
      <input_file id="fl-10">
         <path>C:\ti\simplelink_cc32xx_sdk_4_30_00_06\source\ti\drivers\lib\ccs\m4\</path>
         <kind>archive</kind>
         <file>drivers_cc32xx.a</file>
         <name>UART.oem4</name>
      </input_file>
      <input_file id="fl-11">
         <path>C:\ti\simplelink_cc32xx_sdk_4_30_00_06\source\ti\drivers\lib\ccs\m4\</path>
         <kind>archive</kind>
         <file>drivers_cc32xx.a</file>
         <name>GPIOCC32XX.oem4</name>
      </input_file>
      <input_file id="fl-12">
         <path>C:\ti\simplelink_cc32xx_sdk_4_30_00_06\source\ti\drivers\lib\ccs\m4\</path>
         <kind>archive</kind>
         <file>drivers_cc32xx.a</file>
         <name>I2CCC32XX.oem4</name>
      </input_file>
      <input_file id="fl-13">
         <path>C:\ti\simplelink_cc32xx_sdk_4_30_00_06\source\ti\drivers\lib\ccs\m4\</path>
         <kind>archive</kind>
         <file>drivers_cc32xx.a</file>
         <name>PowerCC32XX.oem4</name>
      </input_file>
      <input_file id="fl-14">
         <path>C:\ti\simplelink_cc32xx_sdk_4_30_00_06\source\ti\drivers\lib\ccs\m4\</path>
         <kind>archive</kind>
         <file>drivers_cc32xx.a</file>
         <name>PowerCC32XX_asm.oem4</name>
      </input_file>
      <input_file id="fl-15">
         <path>C:\ti\simplelink_cc32xx_sdk_4_30_00_06\source\ti\drivers\lib\ccs\m4\</path>
         <kind>archive</kind>
         <file>drivers_cc32xx.a</file>
         <name>TimerCC32XX.oem4</name>
      </input_file>
      <input_file id="fl-16">
         <path>C:\ti\simplelink_cc32xx_sdk_4_30_00_06\source\ti\drivers\lib\ccs\m4\</path>
         <kind>archive</kind>
         <file>drivers_cc32xx.a</file>
         <name>UARTCC32XX.oem4</name>
      </input_file>
      <input_file id="fl-17">
         <path>C:\ti\simplelink_cc32xx_sdk_4_30_00_06\source\ti\drivers\lib\ccs\m4\</path>
         <kind>archive</kind>
         <file>drivers_cc32xx.a</file>
         <name>List.oem4</name>
      </input_file>
      <input_file id="fl-18">
         <path>C:\ti\simplelink_cc32xx_sdk_4_30_00_06\source\ti\drivers\lib\ccs\m4\</path>
         <kind>archive</kind>
         <file>drivers_cc32xx.a</file>
         <name>RingBuf.oem4</name>
      </input_file>
      <input_file id="fl-19">
         <path>C:\ti\simplelink_cc32xx_sdk_4_30_00_06\kernel\nortos\lib\ccs\m4\</path>
         <kind>archive</kind>
         <file>nortos_cc32xx.a</file>
         <name>NoRTOS.oem4</name>
      </input_file>
      <input_file id="fl-1a">
         <path>C:\ti\simplelink_cc32xx_sdk_4_30_00_06\kernel\nortos\lib\ccs\m4\</path>
         <kind>archive</kind>
         <file>nortos_cc32xx.a</file>
         <name>SemaphoreP_nortos.oem4</name>
      </input_file>
      <input_file id="fl-1b">
         <path>C:\ti\simplelink_cc32xx_sdk_4_30_00_06\kernel\nortos\lib\ccs\m4\</path>
         <kind>archive</kind>
         <file>nortos_cc32xx.a</file>
         <name>ClockPSysTick_nortos.oem4</name>
      </input_file>
      <input_file id="fl-1c">
         <path>C:\ti\simplelink_cc32xx_sdk_4_30_00_06\kernel\nortos\lib\ccs\m4\</path>
         <kind>archive</kind>
         <file>nortos_cc32xx.a</file>
         <name>HwiPCC32XX_nortos.oem4</name>
      </input_file>
      <input_file id="fl-1d">
         <path>C:\ti\simplelink_cc32xx_sdk_4_30_00_06\kernel\nortos\lib\ccs\m4\</path>
         <kind>archive</kind>
         <file>nortos_cc32xx.a</file>
         <name>PowerCC32XX_nortos.oem4</name>
      </input_file>
      <input_file id="fl-1e">
         <path>C:\ti\simplelink_cc32xx_sdk_4_30_00_06\kernel\nortos\lib\ccs\m4\</path>
         <kind>archive</kind>
         <file>nortos_cc32xx.a</file>
         <name>startup_cc32xx_ccs.oem4</name>
      </input_file>
      <input_file id="fl-1f">
         <path>C:\ti\simplelink_cc32xx_sdk_4_30_00_06\kernel\nortos\lib\ccs\m4\</path>
         <kind>archive</kind>
         <file>nortos_cc32xx.a</file>
         <name>SwiP_nortos.oem4</name>
      </input_file>
      <input_file id="fl-20">
         <path>C:\ti\simplelink_cc32xx_sdk_4_30_00_06\kernel\nortos\lib\ccs\m4\</path>
         <kind>archive</kind>
         <file>nortos_cc32xx.a</file>
         <name>QueueP_nortos.oem4</name>
      </input_file>
      <input_file id="fl-21">
         <path>C:\ti\simplelink_cc32xx_sdk_4_30_00_06\source\ti\devices\cc32xx\driverlib\ccs\Release\</path>
         <kind>archive</kind>
         <file>driverlib.a</file>
         <name>cpu.obj</name>
      </input_file>
      <input_file id="fl-22">
         <path>C:\ti\simplelink_cc32xx_sdk_4_30_00_06\source\ti\devices\cc32xx\driverlib\ccs\Release\</path>
         <kind>archive</kind>
         <file>driverlib.a</file>
         <name>i2c.obj</name>
      </input_file>
      <input_file id="fl-23">
         <path>C:\ti\simplelink_cc32xx_sdk_4_30_00_06\source\ti\devices\cc32xx\driverlib\ccs\Release\</path>
         <kind>archive</kind>
         <file>driverlib.a</file>
         <name>interrupt.obj</name>
      </input_file>
      <input_file id="fl-24">
         <path>C:\ti\simplelink_cc32xx_sdk_4_30_00_06\source\ti\devices\cc32xx\driverlib\ccs\Release\</path>
         <kind>archive</kind>
         <file>driverlib.a</file>
         <name>pin.obj</name>
      </input_file>
      <input_file id="fl-25">
         <path>C:\ti\simplelink_cc32xx_sdk_4_30_00_06\source\ti\devices\cc32xx\driverlib\ccs\Release\</path>
         <kind>archive</kind>
         <file>driverlib.a</file>
         <name>prcm.obj</name>
      </input_file>
      <input_file id="fl-26">
         <path>C:\ti\simplelink_cc32xx_sdk_4_30_00_06\source\ti\devices\cc32xx\driverlib\ccs\Release\</path>
         <kind>archive</kind>
         <file>driverlib.a</file>
         <name>timer.obj</name>
      </input_file>
      <input_file id="fl-27">
         <path>C:\ti\simplelink_cc32xx_sdk_4_30_00_06\source\ti\devices\cc32xx\driverlib\ccs\Release\</path>
         <kind>archive</kind>
         <file>driverlib.a</file>
         <name>uart.obj</name>
      </input_file>
      <input_file id="fl-28">
         <path>C:\ti\simplelink_cc32xx_sdk_4_30_00_06\source\ti\devices\cc32xx\driverlib\ccs\Release\</path>
         <kind>archive</kind>
         <file>driverlib.a</file>
         <name>utils.obj</name>
      </input_file>
      <input_file id="fl-29">
         <path>C:\ti\simplelink_cc32xx_sdk_4_30_00_06\source\ti\devices\cc32xx\driverlib\ccs\Release\</path>
         <kind>archive</kind>
         <file>driverlib.a</file>
         <name>flash.obj</name>
      </input_file>
      <input_file id="fl-df">
         <path>C:\ti\ccs1110\ccs\tools\compiler\ti-cgt-arm_20.2.5.LTS\lib\</path>
         <kind>archive</kind>
         <file>rtsv7M4_T_le_eabi.lib</file>
         <name>snprintf.c.obj</name>
      </input_file>
      <input_file id="fl-e0">
         <path>C:\ti\ccs1110\ccs\tools\compiler\ti-cgt-arm_20.2.5.LTS\lib\</path>
         <kind>archive</kind>
         <file>rtsv7M4_T_le_eabi.lib</file>
         <name>fs_mul_t2.asm.obj</name>
      </input_file>
      <input_file id="fl-e1">
         <path>C:\ti\ccs1110\ccs\tools\compiler\ti-cgt-arm_20.2.5.LTS\lib\</path>
         <kind>archive</kind>
         <file>rtsv7M4_T_le_eabi.lib</file>
         <name>fs_toi_t2.asm.obj</name>
      </input_file>
      <input_file id="fl-e2">
         <path>C:\ti\ccs1110\ccs\tools\compiler\ti-cgt-arm_20.2.5.LTS\lib\</path>
         <kind>archive</kind>
         <file>rtsv7M4_T_le_eabi.lib</file>
         <name>i_tofs_t2.asm.obj</name>
      </input_file>
      <input_file id="fl-e3">
         <path>C:\ti\ccs1110\ccs\tools\compiler\ti-cgt-arm_20.2.5.LTS\lib\</path>
         <kind>archive</kind>
         <file>rtsv7M4_T_le_eabi.lib</file>
         <name>ll_mul_t2.asm.obj</name>
      </input_file>
      <input_file id="fl-e4">
         <path>C:\ti\ccs1110\ccs\tools\compiler\ti-cgt-arm_20.2.5.LTS\lib\</path>
         <kind>archive</kind>
         <file>rtsv7M4_T_le_eabi.lib</file>
         <name>memcpy_t2.asm.obj</name>
      </input_file>
      <input_file id="fl-e5">
         <path>C:\ti\ccs1110\ccs\tools\compiler\ti-cgt-arm_20.2.5.LTS\lib\</path>
         <kind>archive</kind>
         <file>rtsv7M4_T_le_eabi.lib</file>
         <name>ull_div_t2.asm.obj</name>
      </input_file>
      <input_file id="fl-e6">
         <path>C:\ti\ccs1110\ccs\tools\compiler\ti-cgt-arm_20.2.5.LTS\lib\</path>
         <kind>archive</kind>
         <file>rtsv7M4_T_le_eabi.lib</file>
         <name>copy_zero_init.c.obj</name>
      </input_file>
      <input_file id="fl-e7">
         <path>C:\ti\ccs1110\ccs\tools\compiler\ti-cgt-arm_20.2.5.LTS\lib\</path>
         <kind>archive</kind>
         <file>rtsv7M4_T_le_eabi.lib</file>
         <name>copy_decompress_none.c.obj</name>
      </input_file>
      <input_file id="fl-e8">
         <path>C:\ti\ccs1110\ccs\tools\compiler\ti-cgt-arm_20.2.5.LTS\lib\</path>
         <kind>archive</kind>
         <file>rtsv7M4_T_le_eabi.lib</file>
         <name>copy_decompress_lzss.c.obj</name>
      </input_file>
      <input_file id="fl-e9">
         <path>C:\ti\ccs1110\ccs\tools\compiler\ti-cgt-arm_20.2.5.LTS\lib\</path>
         <kind>archive</kind>
         <file>rtsv7M4_T_le_eabi.lib</file>
         <name>memory.c.obj</name>
      </input_file>
      <input_file id="fl-ea">
         <path>C:\ti\ccs1110\ccs\tools\compiler\ti-cgt-arm_20.2.5.LTS\lib\</path>
         <kind>archive</kind>
         <file>rtsv7M4_T_le_eabi.lib</file>
         <name>boot_cortex_m.c.obj</name>
      </input_file>
      <input_file id="fl-eb">
         <path>C:\ti\ccs1110\ccs\tools\compiler\ti-cgt-arm_20.2.5.LTS\lib\</path>
         <kind>archive</kind>
         <file>rtsv7M4_T_le_eabi.lib</file>
         <name>_printfi.c.obj</name>
      </input_file>
      <input_file id="fl-ec">
         <path>C:\ti\ccs1110\ccs\tools\compiler\ti-cgt-arm_20.2.5.LTS\lib\</path>
         <kind>archive</kind>
         <file>rtsv7M4_T_le_eabi.lib</file>
         <name>s_frexp.c.obj</name>
      </input_file>
      <input_file id="fl-ed">
         <path>C:\ti\ccs1110\ccs\tools\compiler\ti-cgt-arm_20.2.5.LTS\lib\</path>
         <kind>archive</kind>
         <file>rtsv7M4_T_le_eabi.lib</file>
         <name>s_scalbn.c.obj</name>
      </input_file>
      <input_file id="fl-ee">
         <path>C:\ti\ccs1110\ccs\tools\compiler\ti-cgt-arm_20.2.5.LTS\lib\</path>
         <kind>archive</kind>
         <file>rtsv7M4_T_le_eabi.lib</file>
         <name>wcslen.c.obj</name>
      </input_file>
      <input_file id="fl-ef">
         <path>C:\ti\ccs1110\ccs\tools\compiler\ti-cgt-arm_20.2.5.LTS\lib\</path>
         <kind>archive</kind>
         <file>rtsv7M4_T_le_eabi.lib</file>
         <name>div0.asm.obj</name>
      </input_file>
      <input_file id="fl-f0">
         <path>C:\ti\ccs1110\ccs\tools\compiler\ti-cgt-arm_20.2.5.LTS\lib\</path>
         <kind>archive</kind>
         <file>rtsv7M4_T_le_eabi.lib</file>
         <name>fd_add_t2.asm.obj</name>
      </input_file>
      <input_file id="fl-f1">
         <path>C:\ti\ccs1110\ccs\tools\compiler\ti-cgt-arm_20.2.5.LTS\lib\</path>
         <kind>archive</kind>
         <file>rtsv7M4_T_le_eabi.lib</file>
         <name>fd_cmp_t2.asm.obj</name>
      </input_file>
      <input_file id="fl-f2">
         <path>C:\ti\ccs1110\ccs\tools\compiler\ti-cgt-arm_20.2.5.LTS\lib\</path>
         <kind>archive</kind>
         <file>rtsv7M4_T_le_eabi.lib</file>
         <name>fd_div_t2.asm.obj</name>
      </input_file>
      <input_file id="fl-f3">
         <path>C:\ti\ccs1110\ccs\tools\compiler\ti-cgt-arm_20.2.5.LTS\lib\</path>
         <kind>archive</kind>
         <file>rtsv7M4_T_le_eabi.lib</file>
         <name>fd_mul_t2.asm.obj</name>
      </input_file>
      <input_file id="fl-f4">
         <path>C:\ti\ccs1110\ccs\tools\compiler\ti-cgt-arm_20.2.5.LTS\lib\</path>
         <kind>archive</kind>
         <file>rtsv7M4_T_le_eabi.lib</file>
         <name>fd_toi_t2.asm.obj</name>
      </input_file>
      <input_file id="fl-f5">
         <path>C:\ti\ccs1110\ccs\tools\compiler\ti-cgt-arm_20.2.5.LTS\lib\</path>
         <kind>archive</kind>
         <file>rtsv7M4_T_le_eabi.lib</file>
         <name>i_tofd_t2.asm.obj</name>
      </input_file>
      <input_file id="fl-f6">
         <path>C:\ti\ccs1110\ccs\tools\compiler\ti-cgt-arm_20.2.5.LTS\lib\</path>
         <kind>archive</kind>
         <file>rtsv7M4_T_le_eabi.lib</file>
         <name>memset_t2.asm.obj</name>
      </input_file>
      <input_file id="fl-f7">
         <path>C:\ti\ccs1110\ccs\tools\compiler\ti-cgt-arm_20.2.5.LTS\lib\</path>
         <kind>archive</kind>
         <file>rtsv7M4_T_le_eabi.lib</file>
         <name>autoinit.c.obj</name>
      </input_file>
      <input_file id="fl-f8">
         <path>C:\ti\ccs1110\ccs\tools\compiler\ti-cgt-arm_20.2.5.LTS\lib\</path>
         <kind>archive</kind>
         <file>rtsv7M4_T_le_eabi.lib</file>
         <name>pre_init.c.obj</name>
      </input_file>
      <input_file id="fl-f9">
         <path>C:\ti\ccs1110\ccs\tools\compiler\ti-cgt-arm_20.2.5.LTS\lib\</path>
         <kind>archive</kind>
         <file>rtsv7M4_T_le_eabi.lib</file>
         <name>cpy_tbl.c.obj</name>
      </input_file>
      <input_file id="fl-fa">
         <path>C:\ti\ccs1110\ccs\tools\compiler\ti-cgt-arm_20.2.5.LTS\lib\</path>
         <kind>archive</kind>
         <file>rtsv7M4_T_le_eabi.lib</file>
         <name>exit.c.obj</name>
      </input_file>
      <input_file id="fl-fb">
         <path>C:\ti\ccs1110\ccs\tools\compiler\ti-cgt-arm_20.2.5.LTS\lib\</path>
         <kind>archive</kind>
         <file>rtsv7M4_T_le_eabi.lib</file>
         <name>_lock.c.obj</name>
      </input_file>
      <input_file id="fl-fc">
         <path>C:\ti\ccs1110\ccs\tools\compiler\ti-cgt-arm_20.2.5.LTS\lib\</path>
         <kind>archive</kind>
         <file>rtsv7M4_T_le_eabi.lib</file>
         <name>_ltoa.c.obj</name>
      </input_file>
      <input_file id="fl-fd">
         <path>C:\ti\ccs1110\ccs\tools\compiler\ti-cgt-arm_20.2.5.LTS\lib\</path>
         <kind>archive</kind>
         <file>rtsv7M4_T_le_eabi.lib</file>
         <name>args_main.c.obj</name>
      </input_file>
      <input_file id="fl-fe">
         <path>C:\ti\ccs1110\ccs\tools\compiler\ti-cgt-arm_20.2.5.LTS\lib\</path>
         <kind>archive</kind>
         <file>rtsv7M4_T_le_eabi.lib</file>
         <name>atoi.c.obj</name>
      </input_file>
      <input_file id="fl-ff">
         <path>C:\ti\ccs1110\ccs\tools\compiler\ti-cgt-arm_20.2.5.LTS\lib\</path>
         <kind>archive</kind>
         <file>rtsv7M4_T_le_eabi.lib</file>
         <name>ctype.c.obj</name>
      </input_file>
      <input_file id="fl-100">
         <path>C:\ti\ccs1110\ccs\tools\compiler\ti-cgt-arm_20.2.5.LTS\lib\</path>
         <kind>archive</kind>
         <file>rtsv7M4_T_le_eabi.lib</file>
         <name>memccpy.c.obj</name>
      </input_file>
      <input_file id="fl-101">
         <path>C:\ti\ccs1110\ccs\tools\compiler\ti-cgt-arm_20.2.5.LTS\lib\</path>
         <kind>archive</kind>
         <file>rtsv7M4_T_le_eabi.lib</file>
         <name>strchr.c.obj</name>
      </input_file>
      <input_file id="fl-102">
         <path>C:\ti\ccs1110\ccs\tools\compiler\ti-cgt-arm_20.2.5.LTS\lib\</path>
         <kind>archive</kind>
         <file>rtsv7M4_T_le_eabi.lib</file>
         <name>strlen.c.obj</name>
      </input_file>
      <input_file id="fl-103">
         <path>C:\ti\ccs1110\ccs\tools\compiler\ti-cgt-arm_20.2.5.LTS\lib\</path>
         <kind>archive</kind>
         <file>rtsv7M4_T_le_eabi.lib</file>
         <name>errno.c.obj</name>
      </input_file>
      <input_file id="fl-104">
         <path>C:\ti\ccs1110\ccs\tools\compiler\ti-cgt-arm_20.2.5.LTS\lib\</path>
         <kind>archive</kind>
         <file>rtsv7M4_T_le_eabi.lib</file>
         <name>s_copysign.c.obj</name>
      </input_file>
   </input_file_list>
   <object_component_list>
      <object_component id="oc-3af">
         <name>.text:__TI_printfi</name>
         <load_address>0x2000c040</load_address>
         <run_address>0x2000c040</run_address>
         <size>0xa4e</size>
         <input_file_ref idref="fl-eb"/>
      </object_component>
      <object_component id="oc-1da">
         <name>.text:Board_initHook</name>
         <load_address>0x2000ca8e</load_address>
         <run_address>0x2000ca8e</run_address>
         <size>0x2</size>
         <input_file_ref idref="fl-3"/>
      </object_component>
      <object_component id="oc-1ce">
         <name>.text:PRCMCC3200MCUInit</name>
         <load_address>0x2000ca90</load_address>
         <run_address>0x2000ca90</run_address>
         <size>0x42c</size>
         <input_file_ref idref="fl-25"/>
      </object_component>
      <object_component id="oc-7c6">
         <name>.text:UARTCC32XX_open</name>
         <load_address>0x2000cebc</load_address>
         <run_address>0x2000cebc</run_address>
         <size>0x288</size>
         <input_file_ref idref="fl-16"/>
      </object_component>
      <object_component id="oc-542">
         <name>.text:_pconv_a</name>
         <load_address>0x2000d144</load_address>
         <run_address>0x2000d144</run_address>
         <size>0x268</size>
         <input_file_ref idref="fl-eb"/>
      </object_component>
      <object_component id="oc-200">
         <name>.text:initI2C</name>
         <load_address>0x2000d3ac</load_address>
         <run_address>0x2000d3ac</run_address>
         <size>0x250</size>
         <input_file_ref idref="fl-2"/>
      </object_component>
      <object_component id="oc-1e8">
         <name>.text:GPIO_setConfig</name>
         <load_address>0x2000d5fc</load_address>
         <run_address>0x2000d5fc</run_address>
         <size>0x1e4</size>
         <input_file_ref idref="fl-11"/>
      </object_component>
      <object_component id="oc-530">
         <name>.text:_pconv_g</name>
         <load_address>0x2000d7e0</load_address>
         <run_address>0x2000d7e0</run_address>
         <size>0x1cc</size>
         <input_file_ref idref="fl-eb"/>
      </object_component>
      <object_component id="oc-6ea">
         <name>.text</name>
         <load_address>0x2000d9ac</load_address>
         <run_address>0x2000d9ac</run_address>
         <size>0x1b6</size>
         <input_file_ref idref="fl-f0"/>
      </object_component>
      <object_component id="oc-360">
         <name>.text:I2C_init</name>
         <load_address>0x2000db62</load_address>
         <run_address>0x2000db62</run_address>
         <size>0x2</size>
         <input_file_ref idref="fl-e"/>
      </object_component>
      <object_component id="oc-421">
         <name>.text:PowerCC32XX_sleepPolicy</name>
         <load_address>0x2000db64</load_address>
         <run_address>0x2000db64</run_address>
         <size>0x19c</size>
         <input_file_ref idref="fl-1d"/>
      </object_component>
      <object_component id="oc-15f">
         <name>.text:mainThread</name>
         <load_address>0x2000dd00</load_address>
         <run_address>0x2000dd00</run_address>
         <size>0x188</size>
         <input_file_ref idref="fl-2"/>
      </object_component>
      <object_component id="oc-4ef">
         <name>.text:I2CCC32XX_hwiFxn</name>
         <load_address>0x2000de88</load_address>
         <run_address>0x2000de88</run_address>
         <size>0x148</size>
         <input_file_ref idref="fl-12"/>
      </object_component>
      <object_component id="oc-75b">
         <name>.text:parkPins</name>
         <load_address>0x2000dfd0</load_address>
         <run_address>0x2000dfd0</run_address>
         <size>0x148</size>
         <input_file_ref idref="fl-13"/>
      </object_component>
      <object_component id="oc-53c">
         <name>.text:_pconv_e</name>
         <load_address>0x2000e118</load_address>
         <run_address>0x2000e118</run_address>
         <size>0x13c</size>
         <input_file_ref idref="fl-eb"/>
      </object_component>
      <object_component id="oc-5bf">
         <name>.text:Power_sleep</name>
         <load_address>0x2000e254</load_address>
         <run_address>0x2000e254</run_address>
         <size>0x138</size>
         <input_file_ref idref="fl-13"/>
      </object_component>
      <object_component id="oc-6d0">
         <name>.text</name>
         <load_address>0x2000e38c</load_address>
         <run_address>0x2000e38c</run_address>
         <size>0x136</size>
         <input_file_ref idref="fl-f2"/>
      </object_component>
      <object_component id="oc-41b">
         <name>.text:PowerCC32XX_initPolicy</name>
         <load_address>0x2000e4c2</load_address>
         <run_address>0x2000e4c2</run_address>
         <size>0x2</size>
         <input_file_ref idref="fl-1d"/>
      </object_component>
      <object_component id="oc-863">
         <name>.text:TimerCC32XX_open</name>
         <load_address>0x2000e4c4</load_address>
         <run_address>0x2000e4c4</run_address>
         <size>0x128</size>
         <input_file_ref idref="fl-15"/>
      </object_component>
      <object_component id="oc-4fd">
         <name>.text:I2C_transferTimeout</name>
         <load_address>0x2000e5ec</load_address>
         <run_address>0x2000e5ec</run_address>
         <size>0x122</size>
         <input_file_ref idref="fl-e"/>
      </object_component>
      <object_component id="oc-85d">
         <name>.text:TimerCC32XX_init</name>
         <load_address>0x2000e70e</load_address>
         <run_address>0x2000e70e</run_address>
         <size>0x2</size>
         <input_file_ref idref="fl-15"/>
      </object_component>
      <object_component id="oc-7b4">
         <name>.text:UARTCC32XX_close</name>
         <load_address>0x2000e710</load_address>
         <run_address>0x2000e710</run_address>
         <size>0x120</size>
         <input_file_ref idref="fl-16"/>
      </object_component>
      <object_component id="oc-6fc">
         <name>.text:fcvt</name>
         <load_address>0x2000e830</load_address>
         <run_address>0x2000e830</run_address>
         <size>0x120</size>
         <input_file_ref idref="fl-eb"/>
      </object_component>
      <object_component id="oc-20c">
         <name>.text:readTemp</name>
         <load_address>0x2000e950</load_address>
         <run_address>0x2000e950</run_address>
         <size>0x120</size>
         <input_file_ref idref="fl-2"/>
      </object_component>
      <object_component id="oc-61e">
         <name>.text:aligned_alloc</name>
         <load_address>0x2000ea70</load_address>
         <run_address>0x2000ea70</run_address>
         <size>0x100</size>
         <input_file_ref idref="fl-e9"/>
      </object_component>
      <object_component id="oc-36c">
         <name>.text:I2C_open</name>
         <load_address>0x2000eb70</load_address>
         <run_address>0x2000eb70</run_address>
         <size>0xfc</size>
         <input_file_ref idref="fl-12"/>
      </object_component>
      <object_component id="oc-6cb">
         <name>.text</name>
         <load_address>0x2000ec6c</load_address>
         <run_address>0x2000ec6c</run_address>
         <size>0xfc</size>
         <input_file_ref idref="fl-f3"/>
      </object_component>
      <object_component id="oc-7ba">
         <name>.text:UARTCC32XX_control</name>
         <load_address>0x2000ed68</load_address>
         <run_address>0x2000ed68</run_address>
         <size>0xf2</size>
         <input_file_ref idref="fl-16"/>
      </object_component>
      <object_component id="oc-7c0">
         <name>.text:UARTCC32XX_init</name>
         <load_address>0x2000ee5a</load_address>
         <run_address>0x2000ee5a</run_address>
         <size>0x2</size>
         <input_file_ref idref="fl-16"/>
      </object_component>
      <object_component id="oc-43d">
         <name>.text:free</name>
         <load_address>0x2000ee5c</load_address>
         <run_address>0x2000ee5c</run_address>
         <size>0xe4</size>
         <input_file_ref idref="fl-e9"/>
      </object_component>
      <object_component id="oc-710">
         <name>.text:scalbn</name>
         <load_address>0x2000ef40</load_address>
         <run_address>0x2000ef40</run_address>
         <size>0xd0</size>
         <input_file_ref idref="fl-ed"/>
      </object_component>
      <object_component id="oc-7de">
         <name>.text:UARTCC32XX_write</name>
         <load_address>0x2000f010</load_address>
         <run_address>0x2000f010</run_address>
         <size>0xca</size>
         <input_file_ref idref="fl-16"/>
      </object_component>
      <object_component id="oc-3e3">
         <name>.text:_nop</name>
         <load_address>0x2000f0da</load_address>
         <run_address>0x2000f0da</run_address>
         <size>0x2</size>
         <input_file_ref idref="fl-fb"/>
      </object_component>
      <object_component id="oc-1e2">
         <name>.text:GPIO_init</name>
         <load_address>0x2000f0dc</load_address>
         <run_address>0x2000f0dc</run_address>
         <size>0xc4</size>
         <input_file_ref idref="fl-11"/>
      </object_component>
      <object_component id="oc-778">
         <name>.text:restoreParkedPins</name>
         <load_address>0x2000f1a0</load_address>
         <run_address>0x2000f1a0</run_address>
         <size>0xc0</size>
         <input_file_ref idref="fl-13"/>
      </object_component>
      <object_component id="oc-7d2">
         <name>.text:UARTCC32XX_readPolling</name>
         <load_address>0x2000f260</load_address>
         <run_address>0x2000f260</run_address>
         <size>0xba</size>
         <input_file_ref idref="fl-16"/>
      </object_component>
      <object_component id="oc-73">
         <name>.text:busFaultHandler</name>
         <load_address>0x2000f31a</load_address>
         <run_address>0x2000f31a</run_address>
         <size>0x2</size>
         <input_file_ref idref="fl-1e"/>
      </object_component>
      <object_component id="oc-95a">
         <name>.text:initHw</name>
         <load_address>0x2000f31c</load_address>
         <run_address>0x2000f31c</run_address>
         <size>0xb8</size>
         <input_file_ref idref="fl-16"/>
      </object_component>
      <object_component id="oc-a5b">
         <name>.text:readTaskCallback</name>
         <load_address>0x2000f3d4</load_address>
         <run_address>0x2000f3d4</run_address>
         <size>0xb6</size>
         <input_file_ref idref="fl-16"/>
      </object_component>
      <object_component id="oc-67f">
         <name>.text:I2CCC32XX_completeTransfer</name>
         <load_address>0x2000f48a</load_address>
         <run_address>0x2000f48a</run_address>
         <size>0xb2</size>
         <input_file_ref idref="fl-12"/>
      </object_component>
      <object_component id="oc-525">
         <name>.text:_ltostr</name>
         <load_address>0x2000f53c</load_address>
         <run_address>0x2000f53c</run_address>
         <size>0xb1</size>
         <input_file_ref idref="fl-eb"/>
      </object_component>
      <object_component id="oc-a49">
         <name>.text:readTaskBlocking</name>
         <load_address>0x2000f5ee</load_address>
         <run_address>0x2000f5ee</run_address>
         <size>0xb0</size>
         <input_file_ref idref="fl-16"/>
      </object_component>
      <object_component id="oc-a4f">
         <name>.text:readIsrTextBlocking</name>
         <load_address>0x2000f69e</load_address>
         <run_address>0x2000f69e</run_address>
         <size>0xae</size>
         <input_file_ref idref="fl-16"/>
      </object_component>
      <object_component id="oc-66d">
         <name>.text:I2CCC32XX_primeWriteBurst</name>
         <load_address>0x2000f74c</load_address>
         <run_address>0x2000f74c</run_address>
         <size>0xa8</size>
         <input_file_ref idref="fl-12"/>
      </object_component>
      <object_component id="oc-b5">
         <name>.text:IntEnable</name>
         <load_address>0x2000f7f4</load_address>
         <run_address>0x2000f7f4</run_address>
         <size>0xa8</size>
         <input_file_ref idref="fl-23"/>
      </object_component>
      <object_component id="oc-2c7">
         <name>.text:PowerCC32XX_configureWakeup</name>
         <load_address>0x2000f89c</load_address>
         <run_address>0x2000f89c</run_address>
         <size>0xa8</size>
         <input_file_ref idref="fl-13"/>
      </object_component>
      <object_component id="oc-a61">
         <name>.text:readIsrTextCallback</name>
         <load_address>0x2000f944</load_address>
         <run_address>0x2000f944</run_address>
         <size>0xa2</size>
         <input_file_ref idref="fl-16"/>
      </object_component>
      <object_component id="oc-991">
         <name>.text:writeData</name>
         <load_address>0x2000f9e6</load_address>
         <run_address>0x2000f9e6</run_address>
         <size>0xa2</size>
         <input_file_ref idref="fl-16"/>
      </object_component>
      <object_component id="oc-2ed">
         <name>.text:SemaphoreP_pend</name>
         <load_address>0x2000fa88</load_address>
         <run_address>0x2000fa88</run_address>
         <size>0xa0</size>
         <input_file_ref idref="fl-1a"/>
      </object_component>
      <object_component id="oc-4dd">
         <name>.text:I2CCC32XX_initHw</name>
         <load_address>0x2000fb28</load_address>
         <run_address>0x2000fb28</run_address>
         <size>0x9c</size>
         <input_file_ref idref="fl-12"/>
      </object_component>
      <object_component id="oc-3b">
         <name>.text</name>
         <load_address>0x2000fbc4</load_address>
         <run_address>0x2000fbc4</run_address>
         <size>0x9c</size>
         <input_file_ref idref="fl-e4"/>
      </object_component>
      <object_component id="oc-309">
         <name>.text:powerNotifyFxn</name>
         <load_address>0x2000fc60</load_address>
         <run_address>0x2000fc60</run_address>
         <size>0x98</size>
         <input_file_ref idref="fl-11"/>
      </object_component>
      <object_component id="oc-5ba">
         <name>.text</name>
         <load_address>0x2000fcf8</load_address>
         <run_address>0x2000fcf8</run_address>
         <size>0x96</size>
         <input_file_ref idref="fl-e5"/>
      </object_component>
      <object_component id="oc-462">
         <name>.text:clkFxn</name>
         <load_address>0x2000fd8e</load_address>
         <run_address>0x2000fd8e</run_address>
         <size>0x2</size>
         <input_file_ref idref="fl-1a"/>
      </object_component>
      <object_component id="oc-76c">
         <name>.text:restoreNVICRegs</name>
         <load_address>0x2000fd90</load_address>
         <run_address>0x2000fd90</run_address>
         <size>0x90</size>
         <input_file_ref idref="fl-13"/>
      </object_component>
      <object_component id="oc-49e">
         <name>.text:HwiP_construct</name>
         <load_address>0x2000fe20</load_address>
         <run_address>0x2000fe20</run_address>
         <size>0x8c</size>
         <input_file_ref idref="fl-1c"/>
      </object_component>
      <object_component id="oc-902">
         <name>.text:IntPendSet</name>
         <load_address>0x2000feac</load_address>
         <run_address>0x2000feac</run_address>
         <size>0x88</size>
         <input_file_ref idref="fl-23"/>
      </object_component>
      <object_component id="oc-313">
         <name>.text:PinConfigSet</name>
         <load_address>0x2000ff34</load_address>
         <run_address>0x2000ff34</run_address>
         <size>0x88</size>
         <input_file_ref idref="fl-24"/>
      </object_component>
      <object_component id="oc-869">
         <name>.text:TimerCC32XX_setPeriod</name>
         <load_address>0x2000ffbc</load_address>
         <run_address>0x2000ffbc</run_address>
         <size>0x88</size>
         <input_file_ref idref="fl-15"/>
      </object_component>
      <object_component id="oc-52b">
         <name>.text:__aeabi_cdcmple</name>
         <load_address>0x20010044</load_address>
         <run_address>0x20010044</run_address>
         <size>0x86</size>
         <input_file_ref idref="fl-f1"/>
      </object_component>
      <object_component id="oc-6d5">
         <name>.text:__aeabi_cdrcmple</name>
         <load_address>0x200100ca</load_address>
         <run_address>0x200100ca</run_address>
         <size>0x86</size>
         <input_file_ref idref="fl-f1"/>
      </object_component>
      <object_component id="oc-1d4">
         <name>.text:Power_init</name>
         <load_address>0x20010150</load_address>
         <run_address>0x20010150</run_address>
         <size>0x84</size>
         <input_file_ref idref="fl-13"/>
      </object_component>
      <object_component id="oc-761">
         <name>.text:saveNVICRegs</name>
         <load_address>0x200101d4</load_address>
         <run_address>0x200101d4</run_address>
         <size>0x84</size>
         <input_file_ref idref="fl-13"/>
      </object_component>
      <object_component id="oc-22b">
         <name>.text:setPoint</name>
         <load_address>0x20010258</load_address>
         <run_address>0x20010258</run_address>
         <size>0x84</size>
         <input_file_ref idref="fl-2"/>
      </object_component>
      <object_component id="oc-319">
         <name>.text:Power_setDependency</name>
         <load_address>0x200102dc</load_address>
         <run_address>0x200102dc</run_address>
         <size>0x80</size>
         <input_file_ref idref="fl-13"/>
      </object_component>
      <object_component id="oc-398">
         <name>.text:timerCallback</name>
         <load_address>0x2001035c</load_address>
         <run_address>0x2001035c</run_address>
         <size>0x80</size>
         <input_file_ref idref="fl-2"/>
      </object_component>
      <object_component id="oc-a43">
         <name>.text:readIsrBinaryBlocking</name>
         <load_address>0x200103dc</load_address>
         <run_address>0x200103dc</run_address>
         <size>0x7c</size>
         <input_file_ref idref="fl-16"/>
      </object_component>
      <object_component id="oc-667">
         <name>.text:I2CCC32XX_primeReadBurst</name>
         <load_address>0x20010458</load_address>
         <run_address>0x20010458</run_address>
         <size>0x7a</size>
         <input_file_ref idref="fl-12"/>
      </object_component>
      <object_component id="oc-3a4">
         <name>.text</name>
         <load_address>0x200104d2</load_address>
         <run_address>0x200104d2</run_address>
         <size>0x7a</size>
         <input_file_ref idref="fl-e0"/>
      </object_component>
      <object_component id="oc-9d">
         <name>.text</name>
         <load_address>0x2001054c</load_address>
         <run_address>0x2001054c</run_address>
         <size>0x7a</size>
         <input_file_ref idref="fl-f6"/>
      </object_component>
      <object_component id="oc-6d">
         <name>.text:defaultHandler</name>
         <load_address>0x200105c6</load_address>
         <run_address>0x200105c6</run_address>
         <size>0x2</size>
         <input_file_ref idref="fl-1e"/>
      </object_component>
      <object_component id="oc-33d">
         <name>.text:GPIO_hwiIntFxn</name>
         <load_address>0x200105c8</load_address>
         <run_address>0x200105c8</run_address>
         <size>0x78</size>
         <input_file_ref idref="fl-11"/>
      </object_component>
      <object_component id="oc-86f">
         <name>.text:TimerCC32XX_start</name>
         <load_address>0x20010640</load_address>
         <run_address>0x20010640</run_address>
         <size>0x78</size>
         <input_file_ref idref="fl-15"/>
      </object_component>
      <object_component id="oc-a55">
         <name>.text:readIsrBinaryCallback</name>
         <load_address>0x200106b8</load_address>
         <run_address>0x200106b8</run_address>
         <size>0x78</size>
         <input_file_ref idref="fl-16"/>
      </object_component>
      <object_component id="oc-231">
         <name>.text:tempLed</name>
         <load_address>0x20010730</load_address>
         <run_address>0x20010730</run_address>
         <size>0x78</size>
         <input_file_ref idref="fl-2"/>
      </object_component>
      <object_component id="oc-969">
         <name>.text:UARTCC32XX_hwiIntFxn</name>
         <load_address>0x200107a8</load_address>
         <run_address>0x200107a8</run_address>
         <size>0x74</size>
         <input_file_ref idref="fl-16"/>
      </object_component>
      <object_component id="oc-7a8">
         <name>.text:split</name>
         <load_address>0x2001081c</load_address>
         <run_address>0x2001081c</run_address>
         <size>0x70</size>
         <input_file_ref idref="fl-e9"/>
      </object_component>
      <object_component id="oc-6f5">
         <name>.text:_mcpy</name>
         <load_address>0x2001088c</load_address>
         <run_address>0x2001088c</run_address>
         <size>0x6e</size>
         <input_file_ref idref="fl-eb"/>
      </object_component>
      <object_component id="oc-69a">
         <name>.text:I2CSupport_primeTransfer</name>
         <load_address>0x200108fa</load_address>
         <run_address>0x200108fa</run_address>
         <size>0x6a</size>
         <input_file_ref idref="fl-12"/>
      </object_component>
      <object_component id="oc-14">
         <name>.text:decompress:lzss:__TI_decompress_lzss</name>
         <load_address>0x20010964</load_address>
         <run_address>0x20010964</run_address>
         <size>0x68</size>
         <input_file_ref idref="fl-e8"/>
      </object_component>
      <object_component id="oc-7ea">
         <name>.text:UARTCC32XX_writeCancel</name>
         <load_address>0x200109cc</load_address>
         <run_address>0x200109cc</run_address>
         <size>0x66</size>
         <input_file_ref idref="fl-16"/>
      </object_component>
      <object_component id="oc-67">
         <name>.text:faultISR</name>
         <load_address>0x20010a32</load_address>
         <run_address>0x20010a32</run_address>
         <size>0x2</size>
         <input_file_ref idref="fl-1e"/>
      </object_component>
      <object_component id="oc-48c">
         <name>.text:PowerCC32XX_setParkState</name>
         <load_address>0x20010a34</load_address>
         <run_address>0x20010a34</run_address>
         <size>0x64</size>
         <input_file_ref idref="fl-13"/>
      </object_component>
      <object_component id="oc-7e4">
         <name>.text:UARTCC32XX_writePolling</name>
         <load_address>0x20010a98</load_address>
         <run_address>0x20010a98</run_address>
         <size>0x62</size>
         <input_file_ref idref="fl-16"/>
      </object_component>
      <object_component id="oc-61">
         <name>.text:nmiISR</name>
         <load_address>0x20010afa</load_address>
         <run_address>0x20010afa</run_address>
         <size>0x2</size>
         <input_file_ref idref="fl-1e"/>
      </object_component>
      <object_component id="oc-295">
         <name>.text:PRCMSysResetCauseGet</name>
         <load_address>0x20010afc</load_address>
         <run_address>0x20010afc</run_address>
         <size>0x60</size>
         <input_file_ref idref="fl-25"/>
      </object_component>
      <object_component id="oc-1ee">
         <name>.text:GPIO_setCallback</name>
         <load_address>0x20010b5c</load_address>
         <run_address>0x20010b5c</run_address>
         <size>0x5c</size>
         <input_file_ref idref="fl-11"/>
      </object_component>
      <object_component id="oc-70a">
         <name>.text:frexp</name>
         <load_address>0x20010bb8</load_address>
         <run_address>0x20010bb8</run_address>
         <size>0x5c</size>
         <input_file_ref idref="fl-ec"/>
      </object_component>
      <object_component id="oc-8c2">
         <name>.text:sysTickInit</name>
         <load_address>0x20010c14</load_address>
         <run_address>0x20010c14</run_address>
         <size>0x5c</size>
         <input_file_ref idref="fl-1b"/>
      </object_component>
      <object_component id="oc-3d8">
         <name>.text:GPIO_write</name>
         <load_address>0x20010c70</load_address>
         <run_address>0x20010c70</run_address>
         <size>0x58</size>
         <input_file_ref idref="fl-11"/>
      </object_component>
      <object_component id="oc-2ae">
         <name>.text:PRCMPeripheralReset</name>
         <load_address>0x20010cc8</load_address>
         <run_address>0x20010cc8</run_address>
         <size>0x58</size>
         <input_file_ref idref="fl-25"/>
      </object_component>
      <object_component id="oc-921">
         <name>.text:Power_releaseDependency</name>
         <load_address>0x20010d20</load_address>
         <run_address>0x20010d20</run_address>
         <size>0x58</size>
         <input_file_ref idref="fl-13"/>
      </object_component>
      <object_component id="oc-875">
         <name>.text:TimerCC32XX_stop</name>
         <load_address>0x20010d78</load_address>
         <run_address>0x20010d78</run_address>
         <size>0x56</size>
         <input_file_ref idref="fl-15"/>
      </object_component>
      <object_component id="oc-536">
         <name>.text:_pconv_f</name>
         <load_address>0x20010dce</load_address>
         <run_address>0x20010dce</run_address>
         <size>0x56</size>
         <input_file_ref idref="fl-eb"/>
      </object_component>
      <object_component id="oc-6df">
         <name>.text:__TI_ltoa</name>
         <load_address>0x20010e24</load_address>
         <run_address>0x20010e24</run_address>
         <size>0x54</size>
         <input_file_ref idref="fl-fc"/>
      </object_component>
      <object_component id="oc-ac0">
         <name>.text:ringBufGet</name>
         <load_address>0x20010e78</load_address>
         <run_address>0x20010e78</run_address>
         <size>0x54</size>
         <input_file_ref idref="fl-16"/>
      </object_component>
      <object_component id="oc-8df">
         <name>.text:PowerCC32XX_resumeLPDS</name>
         <load_address>0x20010ecc</load_address>
         <run_address>0x20010ecc</run_address>
         <size>0x52</size>
         <input_file_ref idref="fl-14"/>
      </object_component>
      <object_component id="oc-6ef">
         <name>.text:_ecpy</name>
         <load_address>0x20010f1e</load_address>
         <run_address>0x20010f1e</run_address>
         <size>0x52</size>
         <input_file_ref idref="fl-eb"/>
      </object_component>
      <object_component id="oc-9c0">
         <name>.text:initHw</name>
         <load_address>0x20010f70</load_address>
         <run_address>0x20010f70</run_address>
         <size>0x52</size>
         <input_file_ref idref="fl-15"/>
      </object_component>
      <object_component id="oc-74f">
         <name>.text</name>
         <load_address>0x20010fc2</load_address>
         <run_address>0x20010fc2</run_address>
         <size>0x2</size>
         <input_file_ref idref="fl-ef"/>
      </object_component>
      <object_component id="oc-79">
         <name>.text:ClockP_sysTickHandler</name>
         <load_address>0x20010fc4</load_address>
         <run_address>0x20010fc4</run_address>
         <size>0x50</size>
         <input_file_ref idref="fl-1b"/>
      </object_component>
      <object_component id="oc-5e0">
         <name>.text:SemaphoreP_construct</name>
         <load_address>0x20011014</load_address>
         <run_address>0x20011014</run_address>
         <size>0x50</size>
         <input_file_ref idref="fl-1a"/>
      </object_component>
      <object_component id="oc-9b4">
         <name>.text:TimerCC32XX_allocateTimerResource</name>
         <load_address>0x20011064</load_address>
         <run_address>0x20011064</run_address>
         <size>0x50</size>
         <input_file_ref idref="fl-15"/>
      </object_component>
      <object_component id="oc-206">
         <name>.text:initTimer</name>
         <load_address>0x200110b4</load_address>
         <run_address>0x200110b4</run_address>
         <size>0x50</size>
         <input_file_ref idref="fl-2"/>
      </object_component>
      <object_component id="oc-1f4">
         <name>.text:GPIO_enableInt</name>
         <load_address>0x20011104</load_address>
         <run_address>0x20011104</run_address>
         <size>0x4c</size>
         <input_file_ref idref="fl-11"/>
      </object_component>
      <object_component id="oc-65b">
         <name>.text:I2CCC32XX_readRecieveFifo</name>
         <load_address>0x20011150</load_address>
         <run_address>0x20011150</run_address>
         <size>0x4c</size>
         <input_file_ref idref="fl-12"/>
      </object_component>
      <object_component id="oc-8d6">
         <name>.text:PowerCC32XX_parkPin</name>
         <load_address>0x2001119c</load_address>
         <run_address>0x2001119c</run_address>
         <size>0x4c</size>
         <input_file_ref idref="fl-13"/>
      </object_component>
      <object_component id="oc-51f">
         <name>.text:atoi</name>
         <load_address>0x200111e8</load_address>
         <run_address>0x200111e8</run_address>
         <size>0x4c</size>
         <input_file_ref idref="fl-fe"/>
      </object_component>
      <object_component id="oc-772">
         <name>.text:restorePeriphClocks</name>
         <load_address>0x20011234</load_address>
         <run_address>0x20011234</run_address>
         <size>0x4c</size>
         <input_file_ref idref="fl-13"/>
      </object_component>
      <object_component id="oc-212">
         <name>.text:snprintf</name>
         <load_address>0x20011280</load_address>
         <run_address>0x20011280</run_address>
         <size>0x4c</size>
         <input_file_ref idref="fl-df"/>
      </object_component>
      <object_component id="oc-8fa">
         <name>.text:FlashDisable</name>
         <load_address>0x200112cc</load_address>
         <run_address>0x200112cc</run_address>
         <size>0x48</size>
         <input_file_ref idref="fl-29"/>
      </object_component>
      <object_component id="oc-77e">
         <name>.text:PRCMLPDSEnter</name>
         <load_address>0x20011314</load_address>
         <run_address>0x20011314</run_address>
         <size>0x48</size>
         <input_file_ref idref="fl-25"/>
      </object_component>
      <object_component id="oc-2a8">
         <name>.text:PRCMPeripheralClkEnable</name>
         <load_address>0x2001135c</load_address>
         <run_address>0x2001135c</run_address>
         <size>0x48</size>
         <input_file_ref idref="fl-25"/>
      </object_component>
      <object_component id="oc-820">
         <name>.text:Power_releaseConstraint</name>
         <load_address>0x200113a4</load_address>
         <run_address>0x200113a4</run_address>
         <size>0x48</size>
         <input_file_ref idref="fl-13"/>
      </object_component>
      <object_component id="oc-6da">
         <name>.text</name>
         <load_address>0x200113ec</load_address>
         <run_address>0x200113ec</run_address>
         <size>0x48</size>
         <input_file_ref idref="fl-f4"/>
      </object_component>
      <object_component id="oc-aad">
         <name>.text:RingBuf_put</name>
         <load_address>0x20011434</load_address>
         <run_address>0x20011434</run_address>
         <size>0x46</size>
         <input_file_ref idref="fl-18"/>
      </object_component>
      <object_component id="oc-9ba">
         <name>.text:getPrescaler</name>
         <load_address>0x2001147a</load_address>
         <run_address>0x2001147a</run_address>
         <size>0x46</size>
         <input_file_ref idref="fl-15"/>
      </object_component>
      <object_component id="oc-608">
         <name>.text:ClockP_stop</name>
         <load_address>0x200114c0</load_address>
         <run_address>0x200114c0</run_address>
         <size>0x44</size>
         <input_file_ref idref="fl-1b"/>
      </object_component>
      <object_component id="oc-8e4">
         <name>.text:PRCMLPDSRestoreInfoSet</name>
         <load_address>0x20011504</load_address>
         <run_address>0x20011504</run_address>
         <size>0x44</size>
         <input_file_ref idref="fl-25"/>
      </object_component>
      <object_component id="oc-767">
         <name>.text:PowerCC32XX_enterLPDS</name>
         <load_address>0x20011548</load_address>
         <run_address>0x20011548</run_address>
         <size>0x44</size>
         <input_file_ref idref="fl-14"/>
      </object_component>
      <object_component id="oc-2f9">
         <name>.text:SemaphoreP_post</name>
         <load_address>0x2001158c</load_address>
         <run_address>0x2001158c</run_address>
         <size>0x44</size>
         <input_file_ref idref="fl-1a"/>
      </object_component>
      <object_component id="oc-5d0">
         <name>.text:SwiP_restore</name>
         <load_address>0x200115d0</load_address>
         <run_address>0x200115d0</run_address>
         <size>0x44</size>
         <input_file_ref idref="fl-1f"/>
      </object_component>
      <object_component id="oc-380">
         <name>.text:Timer_init</name>
         <load_address>0x20011614</load_address>
         <run_address>0x20011614</run_address>
         <size>0x44</size>
         <input_file_ref idref="fl-f"/>
      </object_component>
      <object_component id="oc-34d">
         <name>.text:UART_init</name>
         <load_address>0x20011658</load_address>
         <run_address>0x20011658</run_address>
         <size>0x44</size>
         <input_file_ref idref="fl-10"/>
      </object_component>
      <object_component id="oc-172">
         <name>.text:__TI_auto_init_nobinit_nopinit:__TI_auto_init_nobinit_nopinit</name>
         <load_address>0x2001169c</load_address>
         <run_address>0x2001169c</run_address>
         <size>0x44</size>
         <input_file_ref idref="fl-f7"/>
      </object_component>
      <object_component id="oc-1fa">
         <name>.text:initUART</name>
         <load_address>0x200116e0</load_address>
         <run_address>0x200116e0</run_address>
         <size>0x44</size>
         <input_file_ref idref="fl-2"/>
      </object_component>
      <object_component id="oc-a32">
         <name>.text:ClockP_construct</name>
         <load_address>0x20011724</load_address>
         <run_address>0x20011724</run_address>
         <size>0x40</size>
         <input_file_ref idref="fl-1b"/>
      </object_component>
      <object_component id="oc-2c0">
         <name>.text:PinModeSet</name>
         <load_address>0x20011764</load_address>
         <run_address>0x20011764</run_address>
         <size>0x40</size>
         <input_file_ref idref="fl-24"/>
      </object_component>
      <object_component id="oc-983">
         <name>.text:RingBuf_get</name>
         <load_address>0x200117a4</load_address>
         <run_address>0x200117a4</run_address>
         <size>0x40</size>
         <input_file_ref idref="fl-18"/>
      </object_component>
      <object_component id="oc-38c">
         <name>.text:Timer_open</name>
         <load_address>0x200117e4</load_address>
         <run_address>0x200117e4</run_address>
         <size>0x40</size>
         <input_file_ref idref="fl-f"/>
      </object_component>
      <object_component id="oc-7cc">
         <name>.text:UARTCC32XX_read</name>
         <load_address>0x20011824</load_address>
         <run_address>0x20011824</run_address>
         <size>0x40</size>
         <input_file_ref idref="fl-16"/>
      </object_component>
      <object_component id="oc-359">
         <name>.text:UART_open</name>
         <load_address>0x20011864</load_address>
         <run_address>0x20011864</run_address>
         <size>0x40</size>
         <input_file_ref idref="fl-10"/>
      </object_component>
      <object_component id="oc-237">
         <name>.text:countSeconds</name>
         <load_address>0x200118a4</load_address>
         <run_address>0x200118a4</run_address>
         <size>0x40</size>
         <input_file_ref idref="fl-2"/>
      </object_component>
      <object_component id="oc-702">
         <name>.text:_fcpy</name>
         <load_address>0x200118e4</load_address>
         <run_address>0x200118e4</run_address>
         <size>0x3e</size>
         <input_file_ref idref="fl-eb"/>
      </object_component>
      <object_component id="oc-45c">
         <name>.text:ClockP_destruct</name>
         <load_address>0x20011924</load_address>
         <run_address>0x20011924</run_address>
         <size>0x3c</size>
         <input_file_ref idref="fl-1b"/>
      </object_component>
      <object_component id="oc-827">
         <name>.text:Power_setConstraint</name>
         <load_address>0x20011960</load_address>
         <run_address>0x20011960</run_address>
         <size>0x3c</size>
         <input_file_ref idref="fl-13"/>
      </object_component>
      <object_component id="oc-84b">
         <name>.text:TimerCC32XX_close</name>
         <load_address>0x2001199c</load_address>
         <run_address>0x2001199c</run_address>
         <size>0x3a</size>
         <input_file_ref idref="fl-15"/>
      </object_component>
      <object_component id="oc-5b4">
         <name>.text:getCountsRTC</name>
         <load_address>0x200119d6</load_address>
         <run_address>0x200119d6</run_address>
         <size>0x3a</size>
         <input_file_ref idref="fl-1d"/>
      </object_component>
      <object_component id="oc-784">
         <name>.text:PRCMLPDSEnterKeepDebugIf</name>
         <load_address>0x20011a10</load_address>
         <run_address>0x20011a10</run_address>
         <size>0x38</size>
         <input_file_ref idref="fl-25"/>
      </object_component>
      <object_component id="oc-9cc">
         <name>.text:TimerCC32XX_hwiIntFunction</name>
         <load_address>0x20011a48</load_address>
         <run_address>0x20011a48</run_address>
         <size>0x38</size>
         <input_file_ref idref="fl-15"/>
      </object_component>
      <object_component id="oc-db">
         <name>.text:addToList</name>
         <load_address>0x20011a80</load_address>
         <run_address>0x20011a80</run_address>
         <size>0x38</size>
         <input_file_ref idref="fl-1b"/>
      </object_component>
      <object_component id="oc-59">
         <name>.text:initVectors</name>
         <load_address>0x20011ab8</load_address>
         <run_address>0x20011ab8</run_address>
         <size>0x38</size>
         <input_file_ref idref="fl-1e"/>
      </object_component>
      <object_component id="oc-755">
         <name>.text:notify</name>
         <load_address>0x20011af0</load_address>
         <run_address>0x20011af0</run_address>
         <size>0x38</size>
         <input_file_ref idref="fl-13"/>
      </object_component>
      <object_component id="oc-3a9">
         <name>.text</name>
         <load_address>0x20011b28</load_address>
         <run_address>0x20011b28</run_address>
         <size>0x38</size>
         <input_file_ref idref="fl-e1"/>
      </object_component>
      <object_component id="oc-39f">
         <name>.text</name>
         <load_address>0x20011b60</load_address>
         <run_address>0x20011b60</run_address>
         <size>0x38</size>
         <input_file_ref idref="fl-e2"/>
      </object_component>
      <object_component id="oc-a8b">
         <name>.text:TimerControlStall</name>
         <load_address>0x20011b98</load_address>
         <run_address>0x20011b98</run_address>
         <size>0x36</size>
         <input_file_ref idref="fl-26"/>
      </object_component>
      <object_component id="oc-7d8">
         <name>.text:UARTCC32XX_readCancel</name>
         <load_address>0x20011bce</load_address>
         <run_address>0x20011bce</run_address>
         <size>0x36</size>
         <input_file_ref idref="fl-16"/>
      </object_component>
      <object_component id="oc-5a2">
         <name>.text:ClockP_getTicksUntilInterrupt</name>
         <load_address>0x20011c04</load_address>
         <run_address>0x20011c04</run_address>
         <size>0x34</size>
         <input_file_ref idref="fl-1b"/>
      </object_component>
      <object_component id="oc-746">
         <name>.text:ClockP_startup</name>
         <load_address>0x20011c38</load_address>
         <run_address>0x20011c38</run_address>
         <size>0x34</size>
         <input_file_ref idref="fl-1b"/>
      </object_component>
      <object_component id="oc-2ba">
         <name>.text:PinModeGet</name>
         <load_address>0x20011c6c</load_address>
         <run_address>0x20011c6c</run_address>
         <size>0x34</size>
         <input_file_ref idref="fl-24"/>
      </object_component>
      <object_component id="oc-927">
         <name>.text:PowerCC32XX_restoreParkState</name>
         <load_address>0x20011ca0</load_address>
         <run_address>0x20011ca0</run_address>
         <size>0x34</size>
         <input_file_ref idref="fl-13"/>
      </object_component>
      <object_component id="oc-9aa">
         <name>.text:TimerCC32XX_freeTimerResource</name>
         <load_address>0x20011cd4</load_address>
         <run_address>0x20011cd4</run_address>
         <size>0x34</size>
         <input_file_ref idref="fl-15"/>
      </object_component>
      <object_component id="oc-a7f">
         <name>.text:getPowerMgrId</name>
         <load_address>0x20011d08</load_address>
         <run_address>0x20011d08</run_address>
         <size>0x34</size>
         <input_file_ref idref="fl-15"/>
      </object_component>
      <object_component id="oc-44a">
         <name>.text:ClockP_start</name>
         <load_address>0x20011d3c</load_address>
         <run_address>0x20011d3c</run_address>
         <size>0x30</size>
         <input_file_ref idref="fl-1b"/>
      </object_component>
      <object_component id="oc-8f3">
         <name>.text:PowerCC32XX_restoreParkedPin</name>
         <load_address>0x20011d6c</load_address>
         <run_address>0x20011d6c</run_address>
         <size>0x30</size>
         <input_file_ref idref="fl-13"/>
      </object_component>
      <object_component id="oc-3b5">
         <name>.text:_outs</name>
         <load_address>0x20011d9c</load_address>
         <run_address>0x20011d9c</run_address>
         <size>0x30</size>
         <input_file_ref idref="fl-df"/>
      </object_component>
      <object_component id="oc-6e5">
         <name>.text</name>
         <load_address>0x20011dcc</load_address>
         <run_address>0x20011dcc</run_address>
         <size>0x2e</size>
         <input_file_ref idref="fl-f5"/>
      </object_component>
      <object_component id="oc-948">
         <name>.text:PowerCC32XX_getParkState</name>
         <load_address>0x20011dfc</load_address>
         <run_address>0x20011dfc</run_address>
         <size>0x2c</size>
         <input_file_ref idref="fl-13"/>
      </object_component>
      <object_component id="oc-325">
         <name>.text:HwiP_create</name>
         <load_address>0x20011e28</load_address>
         <run_address>0x20011e28</run_address>
         <size>0x2a</size>
         <input_file_ref idref="fl-1c"/>
      </object_component>
      <object_component id="oc-9d9">
         <name>.text:TimerLoadSet</name>
         <load_address>0x20011e52</load_address>
         <run_address>0x20011e52</run_address>
         <size>0x2a</size>
         <input_file_ref idref="fl-26"/>
      </object_component>
      <object_component id="oc-9d3">
         <name>.text:TimerPrescaleSet</name>
         <load_address>0x20011e7c</load_address>
         <run_address>0x20011e7c</run_address>
         <size>0x2a</size>
         <input_file_ref idref="fl-26"/>
      </object_component>
      <object_component id="oc-673">
         <name>.text:I2CFIFODataPutNonBlocking</name>
         <load_address>0x20011ea6</load_address>
         <run_address>0x20011ea6</run_address>
         <size>0x28</size>
         <input_file_ref idref="fl-22"/>
      </object_component>
      <object_component id="oc-2b4">
         <name>.text:PRCMPeripheralClkDisable</name>
         <load_address>0x20011ed0</load_address>
         <run_address>0x20011ed0</run_address>
         <size>0x28</size>
         <input_file_ref idref="fl-25"/>
      </object_component>
      <object_component id="oc-2f3">
         <name>.text:Power_registerNotify</name>
         <load_address>0x20011ef8</load_address>
         <run_address>0x20011ef8</run_address>
         <size>0x28</size>
         <input_file_ref idref="fl-13"/>
      </object_component>
      <object_component id="oc-600">
         <name>.text:free_list_insert</name>
         <load_address>0x20011f20</load_address>
         <run_address>0x20011f20</run_address>
         <size>0x28</size>
         <input_file_ref idref="fl-e9"/>
      </object_component>
      <object_component id="oc-7fc">
         <name>.text:I2CFIFODataGetNonBlocking</name>
         <load_address>0x20011f48</load_address>
         <run_address>0x20011f48</run_address>
         <size>0x26</size>
         <input_file_ref idref="fl-22"/>
      </object_component>
      <object_component id="oc-6a6">
         <name>.text:I2C_cancel</name>
         <load_address>0x20011f6e</load_address>
         <run_address>0x20011f6e</run_address>
         <size>0x26</size>
         <input_file_ref idref="fl-e"/>
      </object_component>
      <object_component id="oc-46c">
         <name>.text:List_put</name>
         <load_address>0x20011f94</load_address>
         <run_address>0x20011f94</run_address>
         <size>0x26</size>
         <input_file_ref idref="fl-17"/>
      </object_component>
      <object_component id="oc-a22">
         <name>.text:List_remove</name>
         <load_address>0x20011fba</load_address>
         <run_address>0x20011fba</run_address>
         <size>0x26</size>
         <input_file_ref idref="fl-17"/>
      </object_component>
      <object_component id="oc-628">
         <name>.text:HwiP_dispatch</name>
         <load_address>0x20011fe0</load_address>
         <run_address>0x20011fe0</run_address>
         <size>0x24</size>
         <input_file_ref idref="fl-1c"/>
      </object_component>
      <object_component id="oc-942">
         <name>.text:PowerCC32XX_reset</name>
         <load_address>0x20012004</load_address>
         <run_address>0x20012004</run_address>
         <size>0x24</size>
         <input_file_ref idref="fl-13"/>
      </object_component>
      <object_component id="oc-c5">
         <name>.text:_c_int00_noargs:_c_int00_noargs</name>
         <load_address>0x20012028</load_address>
         <run_address>0x20012028</run_address>
         <size>0x24</size>
         <input_file_ref idref="fl-ea"/>
      </object_component>
      <object_component id="oc-804">
         <name>.text:I2CMasterSlaveAddrSet</name>
         <load_address>0x2001204c</load_address>
         <run_address>0x2001204c</run_address>
         <size>0x22</size>
         <input_file_ref idref="fl-22"/>
      </object_component>
      <object_component id="oc-a1a">
         <name>.text:HwiP_destruct</name>
         <load_address>0x2001206e</load_address>
         <run_address>0x2001206e</run_address>
         <size>0x20</size>
         <input_file_ref idref="fl-1c"/>
      </object_component>
      <object_component id="oc-91b">
         <name>.text:Power_unregisterNotify</name>
         <load_address>0x20012090</load_address>
         <run_address>0x20012090</run_address>
         <size>0x20</size>
         <input_file_ref idref="fl-13"/>
      </object_component>
      <object_component id="oc-92e">
         <name>.text:RingBuf_peek</name>
         <load_address>0x200120b0</load_address>
         <run_address>0x200120b0</run_address>
         <size>0x20</size>
         <input_file_ref idref="fl-18"/>
      </object_component>
      <object_component id="oc-93c">
         <name>.text:getPowerMgrId</name>
         <load_address>0x200120d0</load_address>
         <run_address>0x200120d0</run_address>
         <size>0x20</size>
         <input_file_ref idref="fl-16"/>
      </object_component>
      <object_component id="oc-64f">
         <name>.text:I2CMasterIntStatusEx</name>
         <load_address>0x200120f0</load_address>
         <run_address>0x200120f0</run_address>
         <size>0x1e</size>
         <input_file_ref idref="fl-22"/>
      </object_component>
      <object_component id="oc-4d7">
         <name>.text:SemaphoreP_constructBinary</name>
         <load_address>0x2001210e</load_address>
         <run_address>0x2001210e</run_address>
         <size>0x1e</size>
         <input_file_ref idref="fl-1a"/>
      </object_component>
      <object_component id="oc-9ed">
         <name>.text:TimerDisable</name>
         <load_address>0x2001212c</load_address>
         <run_address>0x2001212c</run_address>
         <size>0x1e</size>
         <input_file_ref idref="fl-26"/>
      </object_component>
      <object_component id="oc-9e6">
         <name>.text:TimerEnable</name>
         <load_address>0x2001214a</load_address>
         <run_address>0x2001214a</run_address>
         <size>0x1e</size>
         <input_file_ref idref="fl-26"/>
      </object_component>
      <object_component id="oc-8d0">
         <name>.text:PinToPadGet</name>
         <load_address>0x20012168</load_address>
         <run_address>0x20012168</run_address>
         <size>0x1c</size>
         <input_file_ref idref="fl-24"/>
      </object_component>
      <object_component id="oc-596">
         <name>.text:SwiP_disable</name>
         <load_address>0x20012184</load_address>
         <run_address>0x20012184</run_address>
         <size>0x1c</size>
         <input_file_ref idref="fl-1f"/>
      </object_component>
      <object_component id="oc-5fa">
         <name>.text:free_list_remove</name>
         <load_address>0x200121a0</load_address>
         <run_address>0x200121a0</run_address>
         <size>0x1c</size>
         <input_file_ref idref="fl-e9"/>
      </object_component>
      <object_component id="oc-548">
         <name>.text:memccpy</name>
         <load_address>0x200121bc</load_address>
         <run_address>0x200121bc</run_address>
         <size>0x1c</size>
         <input_file_ref idref="fl-100"/>
      </object_component>
      <object_component id="oc-954">
         <name>.text:ClockP_create</name>
         <load_address>0x200121d8</load_address>
         <run_address>0x200121d8</run_address>
         <size>0x1a</size>
         <input_file_ref idref="fl-1b"/>
      </object_component>
      <object_component id="oc-2d5">
         <name>.text:SemaphoreP_createBinary</name>
         <load_address>0x200121f2</load_address>
         <run_address>0x200121f2</run_address>
         <size>0x1a</size>
         <input_file_ref idref="fl-1a"/>
      </object_component>
      <object_component id="oc-21">
         <name>.text:resetISR</name>
         <load_address>0x2001220c</load_address>
         <run_address>0x2001220c</run_address>
         <size>0x1a</size>
         <input_file_ref idref="fl-1e"/>
      </object_component>
      <object_component id="oc-83b">
         <name>.text:I2CMasterBusBusy</name>
         <load_address>0x20012226</load_address>
         <run_address>0x20012226</run_address>
         <size>0x18</size>
         <input_file_ref idref="fl-22"/>
      </object_component>
      <object_component id="oc-661">
         <name>.text:I2CMasterIntDisableEx</name>
         <load_address>0x2001223e</load_address>
         <run_address>0x2001223e</run_address>
         <size>0x18</size>
         <input_file_ref idref="fl-22"/>
      </object_component>
      <object_component id="oc-816">
         <name>.text:I2CMasterIntEnableEx</name>
         <load_address>0x20012256</load_address>
         <run_address>0x20012256</run_address>
         <size>0x18</size>
         <input_file_ref idref="fl-22"/>
      </object_component>
      <object_component id="oc-835">
         <name>.text:I2CRxFIFOFlush</name>
         <load_address>0x2001226e</load_address>
         <run_address>0x2001226e</run_address>
         <size>0x18</size>
         <input_file_ref idref="fl-22"/>
      </object_component>
      <object_component id="oc-82f">
         <name>.text:I2CTxFIFOFlush</name>
         <load_address>0x20012286</load_address>
         <run_address>0x20012286</run_address>
         <size>0x18</size>
         <input_file_ref idref="fl-22"/>
      </object_component>
      <object_component id="oc-5a8">
         <name>.text:Power_getTransitionLatency</name>
         <load_address>0x200122a0</load_address>
         <run_address>0x200122a0</run_address>
         <size>0x18</size>
         <input_file_ref idref="fl-13"/>
      </object_component>
      <object_component id="oc-797">
         <name>.text:Power_idleFunc</name>
         <load_address>0x200122b8</load_address>
         <run_address>0x200122b8</run_address>
         <size>0x18</size>
         <input_file_ref idref="fl-13"/>
      </object_component>
      <object_component id="oc-857">
         <name>.text:TimerCC32XX_getCount</name>
         <load_address>0x200122d0</load_address>
         <run_address>0x200122d0</run_address>
         <size>0x18</size>
         <input_file_ref idref="fl-15"/>
      </object_component>
      <object_component id="oc-9f3">
         <name>.text:TimerIntDisable</name>
         <load_address>0x200122e8</load_address>
         <run_address>0x200122e8</run_address>
         <size>0x18</size>
         <input_file_ref idref="fl-26"/>
      </object_component>
      <object_component id="oc-9e0">
         <name>.text:TimerIntEnable</name>
         <load_address>0x20012300</load_address>
         <run_address>0x20012300</run_address>
         <size>0x18</size>
         <input_file_ref idref="fl-26"/>
      </object_component>
      <object_component id="oc-98b">
         <name>.text:UARTBusy</name>
         <load_address>0x20012318</load_address>
         <run_address>0x20012318</run_address>
         <size>0x18</size>
         <input_file_ref idref="fl-27"/>
      </object_component>
      <object_component id="oc-a76">
         <name>.text:UARTIntEnable</name>
         <load_address>0x20012330</load_address>
         <run_address>0x20012330</run_address>
         <size>0x18</size>
         <input_file_ref idref="fl-27"/>
      </object_component>
      <object_component id="oc-353">
         <name>.text:UART_Params_init</name>
         <load_address>0x20012348</load_address>
         <run_address>0x20012348</run_address>
         <size>0x18</size>
         <input_file_ref idref="fl-10"/>
      </object_component>
      <object_component id="oc-3bb">
         <name>.text:_outc</name>
         <load_address>0x20012360</load_address>
         <run_address>0x20012360</run_address>
         <size>0x18</size>
         <input_file_ref idref="fl-df"/>
      </object_component>
      <object_component id="oc-21e">
         <name>.text:gpioButtonFxn0</name>
         <load_address>0x20012378</load_address>
         <run_address>0x20012378</run_address>
         <size>0x18</size>
         <input_file_ref idref="fl-2"/>
      </object_component>
      <object_component id="oc-224">
         <name>.text:gpioButtonFxn1</name>
         <load_address>0x20012390</load_address>
         <run_address>0x20012390</run_address>
         <size>0x18</size>
         <input_file_ref idref="fl-2"/>
      </object_component>
      <object_component id="oc-5c5">
         <name>.text</name>
         <load_address>0x200123a8</load_address>
         <run_address>0x200123a8</run_address>
         <size>0x18</size>
         <input_file_ref idref="fl-e3"/>
      </object_component>
      <object_component id="oc-810">
         <name>.text:I2CMasterBurstLengthSet</name>
         <load_address>0x200123c0</load_address>
         <run_address>0x200123c0</run_address>
         <size>0x16</size>
         <input_file_ref idref="fl-22"/>
      </object_component>
      <object_component id="oc-2a2">
         <name>.text:PRCMHIBRegRead</name>
         <load_address>0x200123d6</load_address>
         <run_address>0x200123d6</run_address>
         <size>0x16</size>
         <input_file_ref idref="fl-25"/>
      </object_component>
      <object_component id="oc-29c">
         <name>.text:PRCMHIBRegWrite</name>
         <load_address>0x200123ec</load_address>
         <run_address>0x200123ec</run_address>
         <size>0x16</size>
         <input_file_ref idref="fl-25"/>
      </object_component>
      <object_component id="oc-432">
         <name>.text:SemaphoreP_create</name>
         <load_address>0x20012402</load_address>
         <run_address>0x20012402</run_address>
         <size>0x16</size>
         <input_file_ref idref="fl-1a"/>
      </object_component>
      <object_component id="oc-716">
         <name>.text:strchr</name>
         <load_address>0x20012418</load_address>
         <run_address>0x20012418</run_address>
         <size>0x16</size>
         <input_file_ref idref="fl-101"/>
      </object_component>
      <object_component id="oc-a3">
         <name>.text:CPUcpsid</name>
         <load_address>0x2001242e</load_address>
         <run_address>0x2001242e</run_address>
         <size>0x14</size>
         <input_file_ref idref="fl-21"/>
      </object_component>
      <object_component id="oc-473">
         <name>.text:HwiP_inISR</name>
         <load_address>0x20012444</load_address>
         <run_address>0x20012444</run_address>
         <size>0x14</size>
         <input_file_ref idref="fl-1c"/>
      </object_component>
      <object_component id="oc-843">
         <name>.text:I2CSupport_masterFinish</name>
         <load_address>0x20012458</load_address>
         <run_address>0x20012458</run_address>
         <size>0x14</size>
         <input_file_ref idref="fl-12"/>
      </object_component>
      <object_component id="oc-372">
         <name>.text:I2C_transfer</name>
         <load_address>0x2001246c</load_address>
         <run_address>0x2001246c</run_address>
         <size>0x14</size>
         <input_file_ref idref="fl-e"/>
      </object_component>
      <object_component id="oc-af">
         <name>.text:IntVTableBaseSet</name>
         <load_address>0x20012480</load_address>
         <run_address>0x20012480</run_address>
         <size>0x14</size>
         <input_file_ref idref="fl-23"/>
      </object_component>
      <object_component id="oc-479">
         <name>.text:Power_disablePolicy</name>
         <load_address>0x20012494</load_address>
         <run_address>0x20012494</run_address>
         <size>0x14</size>
         <input_file_ref idref="fl-13"/>
      </object_component>
      <object_component id="oc-8ec">
         <name>.text:Power_getDependencyCount</name>
         <load_address>0x200124a8</load_address>
         <run_address>0x200124a8</run_address>
         <size>0x14</size>
         <input_file_ref idref="fl-13"/>
      </object_component>
      <object_component id="oc-a70">
         <name>.text:releasePowerConstraint</name>
         <load_address>0x200124bc</load_address>
         <run_address>0x200124bc</run_address>
         <size>0x14</size>
         <input_file_ref idref="fl-16"/>
      </object_component>
      <object_component id="oc-519">
         <name>.text:strlen</name>
         <load_address>0x200124d0</load_address>
         <run_address>0x200124d0</run_address>
         <size>0x14</size>
         <input_file_ref idref="fl-102"/>
      </object_component>
      <object_component id="oc-31f">
         <name>.text:HwiP_Params_init</name>
         <load_address>0x200124e4</load_address>
         <run_address>0x200124e4</run_address>
         <size>0x12</size>
         <input_file_ref idref="fl-1c"/>
      </object_component>
      <object_component id="oc-655">
         <name>.text:I2CMasterIntClearEx</name>
         <load_address>0x200124f6</load_address>
         <run_address>0x200124f6</run_address>
         <size>0x12</size>
         <input_file_ref idref="fl-22"/>
      </object_component>
      <object_component id="oc-936">
         <name>.text:RingBuf_construct</name>
         <load_address>0x20012508</load_address>
         <run_address>0x20012508</run_address>
         <size>0x12</size>
         <input_file_ref idref="fl-18"/>
      </object_component>
      <object_component id="oc-a93">
         <name>.text:TimerIntClear</name>
         <load_address>0x2001251a</load_address>
         <run_address>0x2001251a</run_address>
         <size>0x12</size>
         <input_file_ref idref="fl-26"/>
      </object_component>
      <object_component id="oc-11a">
         <name>.text:main</name>
         <load_address>0x2001252c</load_address>
         <run_address>0x2001252c</run_address>
         <size>0x12</size>
         <input_file_ref idref="fl-4"/>
      </object_component>
[...]
      </symbol>
      <symbol id="sm-b45">
         <name>HwiP_disableInterrupt</name>
         <value>0x2001264d</value>
         <object_component_ref idref="oc-694"/>
      </symbol>
      <symbol id="sm-b75">
         <name>PowerCC32XX_initPolicy</name>
         <value>0x2000e4c3</value>
         <object_component_ref idref="oc-41b"/>
      </symbol>
      <symbol id="sm-b76">
         <name>PowerCC32XX_sleepPolicy</name>
         <value>0x2000db65</value>
         <object_component_ref idref="oc-421"/>
      </symbol>
      <symbol id="sm-bcb">
         <name>resetISR</name>
         <value>0x2001220d</value>
         <object_component_ref idref="oc-21"/>
      </symbol>
      <symbol id="sm-bcc">
         <name>resetVectorAddr</name>
         <value>0x20012220</value>
         <object_component_ref idref="oc-21"/>
      </symbol>
      <symbol id="sm-bcd">
         <name>initVectors</name>
         <value>0x20011ab9</value>
         <object_component_ref idref="oc-59"/>
      </symbol>
      <symbol id="sm-bce">
         <name>resetVectors</name>
         <value>0x20004000</value>
         <object_component_ref idref="oc-27"/>
      </symbol>
      <symbol id="sm-bfe">
         <name>SwiP_disable</name>
         <value>0x20012185</value>
         <object_component_ref idref="oc-596"/>
      </symbol>
      <symbol id="sm-bff">
         <name>SwiP_restore</name>
         <value>0x200115d1</value>
         <object_component_ref idref="oc-5d0"/>
      </symbol>
      <symbol id="sm-c0a">
         <name>CPUcpsid</name>
         <value>0x2001242f</value>
         <object_component_ref idref="oc-a3"/>
      </symbol>
      <symbol id="sm-c77">
         <name>I2CRxFIFOFlush</name>
         <value>0x2001226f</value>
         <object_component_ref idref="oc-835"/>
      </symbol>
      <symbol id="sm-c78">
         <name>I2CTxFIFOFlush</name>
         <value>0x20012287</value>
         <object_component_ref idref="oc-82f"/>
      </symbol>
      <symbol id="sm-c79">
         <name>I2CFIFODataPutNonBlocking</name>
         <value>0x20011ea7</value>
         <object_component_ref idref="oc-673"/>
      </symbol>
      <symbol id="sm-c7a">
         <name>I2CMasterBusBusy</name>
         <value>0x20012227</value>
         <object_component_ref idref="oc-83b"/>
      </symbol>
      <symbol id="sm-c7b">
         <name>I2CMasterIntDisableEx</name>
         <value>0x2001223f</value>
         <object_component_ref idref="oc-661"/>
      </symbol>
      <symbol id="sm-c7c">
         <name>I2CMasterBurstLengthSet</name>
         <value>0x200123c1</value>
         <object_component_ref idref="oc-810"/>
      </symbol>
      <symbol id="sm-c7d">
         <name>I2CMasterIntClearEx</name>
         <value>0x200124f7</value>
         <object_component_ref idref="oc-655"/>
      </symbol>
      <symbol id="sm-c7e">
         <name>I2CMasterSlaveAddrSet</name>
         <value>0x2001204d</value>
         <object_component_ref idref="oc-804"/>
      </symbol>
      <symbol id="sm-c7f">
         <name>I2CMasterIntEnableEx</name>
         <value>0x20012257</value>
         <object_component_ref idref="oc-816"/>
      </symbol>
      <symbol id="sm-c80">
         <name>I2CFIFOStatus</name>
         <value>0x200125d1</value>
         <object_component_ref idref="oc-679"/>
      </symbol>
      <symbol id="sm-c81">
         <name>I2CMasterIntStatusEx</name>
         <value>0x200120f1</value>
         <object_component_ref idref="oc-64f"/>
      </symbol>
      <symbol id="sm-c82">
         <name>I2CFIFODataGetNonBlocking</name>
         <value>0x20011f49</value>
         <object_component_ref idref="oc-7fc"/>
      </symbol>
      <symbol id="sm-cc7">
         <name>IntVTableBaseSet</name>
         <value>0x20012481</value>
         <object_component_ref idref="oc-af"/>
      </symbol>
      <symbol id="sm-cc8">
         <name>IntEnable</name>
         <value>0x2000f7f5</value>
         <object_component_ref idref="oc-b5"/>
      </symbol>
      <symbol id="sm-cc9">
         <name>IntMasterDisable</name>
         <value>0x200126fd</value>
         <object_component_ref idref="oc-53"/>
      </symbol>
      <symbol id="sm-cca">
         <name>IntPendSet</name>
         <value>0x2000fead</value>
         <object_component_ref idref="oc-902"/>
      </symbol>
      <symbol id="sm-d04">
         <name>PinModeGet</name>
         <value>0x20011c6d</value>
         <object_component_ref idref="oc-2ba"/>
      </symbol>
      <symbol id="sm-d05">
         <name>PinConfigSet</name>
         <value>0x2000ff35</value>
         <object_component_ref idref="oc-313"/>
      </symbol>
      <symbol id="sm-d06">
         <name>PinModeSet</name>
         <value>0x20011765</value>
         <object_component_ref idref="oc-2c0"/>
      </symbol>
      <symbol id="sm-d07">
         <name>PinToPadGet</name>
         <value>0x20012169</value>
         <object_component_ref idref="oc-8d0"/>
      </symbol>
      <symbol id="sm-dd0">
         <name>PRCMLPDSRestoreInfoSet</name>
         <value>0x20011505</value>
         <object_component_ref idref="oc-8e4"/>
      </symbol>
      <symbol id="sm-dd1">
         <name>PRCMPeripheralReset</name>
         <value>0x20010cc9</value>
         <object_component_ref idref="oc-2ae"/>
      </symbol>
      <symbol id="sm-dd2">
         <name>PRCMLPDSEnter</name>
         <value>0x20011315</value>
         <object_component_ref idref="oc-77e"/>
      </symbol>
      <symbol id="sm-dd3">
         <name>PRCMPeripheralClkEnable</name>
         <value>0x2001135d</value>
         <object_component_ref idref="oc-2a8"/>
      </symbol>
      <symbol id="sm-dd4">
         <name>PRCMLPDSEnterKeepDebugIf</name>
         <value>0x20011a11</value>
         <object_component_ref idref="oc-784"/>
      </symbol>
      <symbol id="sm-dd5">
         <name>PRCMCC3200MCUInit</name>
         <value>0x2000ca91</value>
         <object_component_ref idref="oc-1ce"/>
      </symbol>
      <symbol id="sm-dd6">
         <name>PRCMHIBRegWrite</name>
         <value>0x200123ed</value>
         <object_component_ref idref="oc-29c"/>
      </symbol>
      <symbol id="sm-dd7">
         <name>PRCMSysResetCauseGet</name>
         <value>0x20010afd</value>
         <object_component_ref idref="oc-295"/>
      </symbol>
      <symbol id="sm-dd8">
         <name>PRCMPeripheralClkDisable</name>
         <value>0x20011ed1</value>
         <object_component_ref idref="oc-2b4"/>
      </symbol>
      <symbol id="sm-dd9">
         <name>PRCMHIBRegRead</name>
         <value>0x200123d7</value>
         <object_component_ref idref="oc-2a2"/>
      </symbol>
      <symbol id="sm-e21">
         <name>TimerLoadSet</name>
         <value>0x20011e53</value>
         <object_component_ref idref="oc-9d9"/>
      </symbol>
      <symbol id="sm-e22">
         <name>TimerDisable</name>
         <value>0x2001212d</value>
         <object_component_ref idref="oc-9ed"/>
      </symbol>
      <symbol id="sm-e23">
         <name>TimerEnable</name>
         <value>0x2001214b</value>
         <object_component_ref idref="oc-9e6"/>
      </symbol>
      <symbol id="sm-e24">
         <name>TimerIntDisable</name>
         <value>0x200122e9</value>
         <object_component_ref idref="oc-9f3"/>
      </symbol>
      <symbol id="sm-e25">
         <name>TimerPrescaleSet</name>
         <value>0x20011e7d</value>
         <object_component_ref idref="oc-9d3"/>
      </symbol>
      <symbol id="sm-e26">
         <name>TimerControlStall</name>
         <value>0x20011b99</value>
         <object_component_ref idref="oc-a8b"/>
      </symbol>
      <symbol id="sm-e27">
         <name>TimerIntEnable</name>
         <value>0x20012301</value>
         <object_component_ref idref="oc-9e0"/>
      </symbol>
      <symbol id="sm-e28">
         <name>TimerIntClear</name>
         <value>0x2001251b</value>
         <object_component_ref idref="oc-a93"/>
      </symbol>
      <symbol id="sm-e3c">
         <name>UARTBusy</name>
         <value>0x20012319</value>
         <object_component_ref idref="oc-98b"/>
      </symbol>
      <symbol id="sm-e3d">
         <name>UARTIntEnable</name>
         <value>0x20012331</value>
         <object_component_ref idref="oc-a76"/>
      </symbol>
      <symbol id="sm-e41">
         <name>UtilsDelay</name>
         <value>0x20012757</value>
         <object_component_ref idref="oc-29b"/>
      </symbol>
      <symbol id="sm-e51">
         <name>FlashDisable</name>
         <value>0x200112cd</value>
         <object_component_ref idref="oc-8fa"/>
      </symbol>
      <symbol id="sm-e80">
         <name>snprintf</name>
         <value>0x20011281</value>
         <object_component_ref idref="oc-212"/>
      </symbol>
      <symbol id="sm-e8a">
         <name>__aeabi_fmul</name>
         <value>0x200104d3</value>
         <object_component_ref idref="oc-3a4"/>
      </symbol>
      <symbol id="sm-e94">
         <name>__aeabi_f2iz</name>
         <value>0x20011b29</value>
         <object_component_ref idref="oc-3a9"/>
      </symbol>
      <symbol id="sm-e9f">
         <name>__aeabi_i2f</name>
         <value>0x20011b61</value>
         <object_component_ref idref="oc-39f"/>
      </symbol>
      <symbol id="sm-ea8">
         <name>__aeabi_lmul</name>
         <value>0x200123a9</value>
         <object_component_ref idref="oc-5c5"/>
      </symbol>
      <symbol id="sm-ec3">
         <name>memcpy</name>
         <value>0x2000fbc5</value>
         <object_component_ref idref="oc-3b"/>
      </symbol>
      <symbol id="sm-ec4">
         <name>__aeabi_memcpy</name>
         <value>0x2000fbc5</value>
         <object_component_ref idref="oc-3b"/>
      </symbol>
      <symbol id="sm-ec5">
         <name>__aeabi_memcpy8</name>
         <value>0x2000fbc5</value>
         <object_component_ref idref="oc-3b"/>
      </symbol>
      <symbol id="sm-ec6">
         <name>__aeabi_memcpy4</name>
         <value>0x2000fbc5</value>
         <object_component_ref idref="oc-3b"/>
      </symbol>
      <symbol id="sm-ed3">
         <name>__aeabi_uldivmod</name>
         <value>0x2000fcf9</value>
         <object_component_ref idref="oc-5ba"/>
      </symbol>
      <symbol id="sm-ee5">
         <name>__TI_zero_init</name>
         <value>0x200126c5</value>
         <object_component_ref idref="oc-4d"/>
      </symbol>
      <symbol id="sm-efc">
         <name>__TI_decompress_none</name>
         <value>0x20012693</value>
         <object_component_ref idref="oc-1a"/>
      </symbol>
      <symbol id="sm-f1f">
         <name>__TI_decompress_lzss</name>
         <value>0x20010965</value>
         <object_component_ref idref="oc-14"/>
      </symbol>
      <symbol id="sm-fa8">
         <name>_sys_memory</name>
         <value>0x20004040</value>
         <object_component_ref idref="oc-2a"/>
      </symbol>
      <symbol id="sm-fa9">
         <name>free</name>
         <value>0x2000ee5d</value>
         <object_component_ref idref="oc-43d"/>
      </symbol>
      <symbol id="sm-faa">
         <name>memalign</name>
         <value>0x2000ea71</value>
         <object_component_ref idref="oc-61e"/>
      </symbol>
      <symbol id="sm-fab">
         <name>malloc</name>
         <value>0x2001272d</value>
         <object_component_ref idref="oc-498"/>
      </symbol>
      <symbol id="sm-fac">
         <name>aligned_alloc</name>
         <value>0x2000ea71</value>
         <object_component_ref idref="oc-61e"/>
      </symbol>
      <symbol id="sm-fbe">
         <name>__stack</name>
         <value>0x20003000</value>
         <object_component_ref idref="oc-2d"/>
      </symbol>
      <symbol id="sm-fbf">
         <name>_c_int00_noargs</name>
         <value>0x20012029</value>
         <object_component_ref idref="oc-c5"/>
      </symbol>
      <symbol id="sm-1124">
         <name>__TI_printfi</name>
         <value>0x2000c041</value>
         <object_component_ref idref="oc-3af"/>
      </symbol>
      <symbol id="sm-1144">
         <name>frexpl</name>
         <value>0x20010bb9</value>
         <object_component_ref idref="oc-70a"/>
      </symbol>
      <symbol id="sm-1145">
         <name>frexp</name>
         <value>0x20010bb9</value>
         <object_component_ref idref="oc-70a"/>
      </symbol>
      <symbol id="sm-1163">
         <name>scalbn</name>
         <value>0x2000ef41</value>
         <object_component_ref idref="oc-710"/>
      </symbol>
      <symbol id="sm-1164">
         <name>scalbnl</name>
         <value>0x2000ef41</value>
         <object_component_ref idref="oc-710"/>
      </symbol>
      <symbol id="sm-1165">
         <name>ldexpl</name>
         <value>0x2000ef41</value>
         <object_component_ref idref="oc-710"/>
      </symbol>
      <symbol id="sm-1166">
         <name>ldexp</name>
         <value>0x2000ef41</value>
         <object_component_ref idref="oc-710"/>
      </symbol>
      <symbol id="sm-117f">
         <name>wcslen</name>
         <value>0x2001253f</value>
         <object_component_ref idref="oc-54e"/>
      </symbol>
      <symbol id="sm-1189">
         <name>__aeabi_idiv0</name>
         <value>0x20010fc3</value>
         <object_component_ref idref="oc-74f"/>
      </symbol>
      <symbol id="sm-118a">
         <name>__aeabi_ldiv0</name>
         <value>0x20010fc3</value>
         <object_component_ref idref="oc-74f"/>
      </symbol>
      <symbol id="sm-11a1">
         <name>__aeabi_dsub</name>
         <value>0x2000d9ad</value>
         <object_component_ref idref="oc-6ea"/>
      </symbol>
      <symbol id="sm-11a2">
         <name>__aeabi_dadd</name>
         <value>0x2000d9b7</value>
         <object_component_ref idref="oc-6ea"/>
      </symbol>
      <symbol id="sm-11c4">
         <name>__aeabi_cdcmpeq</name>
         <value>0x20010045</value>
         <object_component_ref idref="oc-52b"/>
      </symbol>
      <symbol id="sm-11c5">
         <name>__aeabi_cdcmple</name>
         <value>0x20010045</value>
         <object_component_ref idref="oc-52b"/>
      </symbol>
      <symbol id="sm-11c6">
         <name>__aeabi_cdrcmple</name>
         <value>0x200100cb</value>
         <object_component_ref idref="oc-6d5"/>
      </symbol>
      <symbol id="sm-11da">
         <name>__aeabi_ddiv</name>
         <value>0x2000e38d</value>
         <object_component_ref idref="oc-6d0"/>
      </symbol>
      <symbol id="sm-11e5">
         <name>__aeabi_dmul</name>
         <value>0x2000ec6d</value>
         <object_component_ref idref="oc-6cb"/>
      </symbol>
      <symbol id="sm-11ef">
         <name>__aeabi_d2iz</name>
         <value>0x200113ed</value>
         <object_component_ref idref="oc-6da"/>
      </symbol>
      <symbol id="sm-11f9">
         <name>__aeabi_i2d</name>
         <value>0x20011dcd</value>
         <object_component_ref idref="oc-6e5"/>
      </symbol>
      <symbol id="sm-1208">
         <name>__aeabi_memset</name>
         <value>0x2001054f</value>
         <object_component_ref idref="oc-9d"/>
      </symbol>
      <symbol id="sm-1209">
         <name>memset</name>
         <value>0x20010555</value>
         <object_component_ref idref="oc-9d"/>
      </symbol>
      <symbol id="sm-120a">
         <name>__aeabi_memset8</name>
         <value>0x2001054f</value>
         <object_component_ref idref="oc-9d"/>
      </symbol>
      <symbol id="sm-120b">
         <name>__aeabi_memset4</name>
         <value>0x2001054f</value>
         <object_component_ref idref="oc-9d"/>
      </symbol>
      <symbol id="sm-120c">
         <name>__aeabi_memclr8</name>
         <value>0x2001054d</value>
         <object_component_ref idref="oc-9d"/>
      </symbol>
      <symbol id="sm-120d">
         <name>__aeabi_memclr4</name>
         <value>0x2001054d</value>
         <object_component_ref idref="oc-9d"/>
      </symbol>
      <symbol id="sm-120e">
         <name>__aeabi_memclr</name>
         <value>0x2001054d</value>
         <object_component_ref idref="oc-9d"/>
      </symbol>
      <symbol id="sm-1236">
         <name>__TI_auto_init_nobinit_nopinit</name>
         <value>0x2001169d</value>
         <object_component_ref idref="oc-172"/>
      </symbol>
      <symbol id="sm-1240">
         <name>_system_pre_init</name>
         <value>0x20012769</value>
         <object_component_ref idref="oc-114"/>
      </symbol>
      <symbol id="sm-124c">
         <name>C$$EXIT</name>
         <value>0x2001276d</value>
         <object_component_ref idref="oc-166"/>
      </symbol>
      <symbol id="sm-124d">
         <name>abort</name>
         <value>0x2001276d</value>
         <object_component_ref idref="oc-166"/>
      </symbol>
      <symbol id="sm-1262">
         <name>_nop</name>
         <value>0x2000f0db</value>
         <object_component_ref idref="oc-3e3"/>
      </symbol>
      <symbol id="sm-1263">
         <name>_lock</name>
         <value>0x20012d04</value>
         <object_component_ref idref="oc-248"/>
      </symbol>
      <symbol id="sm-1264">
         <name>_unlock</name>
         <value>0x20012d08</value>
         <object_component_ref idref="oc-248"/>
      </symbol>
      <symbol id="sm-1273">
         <name>__TI_ltoa</name>
         <value>0x20010e25</value>
         <object_component_ref idref="oc-6df"/>
      </symbol>
      <symbol id="sm-128a">
         <name>atoi</name>
         <value>0x200111e9</value>
         <object_component_ref idref="oc-51f"/>
      </symbol>
      <symbol id="sm-1295">
         <name>_ctypes_</name>
         <value>0x20012d30</value>
         <object_component_ref idref="oc-6c4"/>
      </symbol>
      <symbol id="sm-12a5">
         <name>memccpy</name>
         <value>0x200121bd</value>
         <object_component_ref idref="oc-548"/>
      </symbol>
      <symbol id="sm-12b5">
         <name>strchr</name>
         <value>0x20012419</value>
         <object_component_ref idref="oc-716"/>
      </symbol>
      <symbol id="sm-12c3">
         <name>strlen</name>
         <value>0x200124d1</value>
         <object_component_ref idref="oc-519"/>
      </symbol>
      <symbol id="sm-12d9">
         <name>__aeabi_errno_addr</name>
         <value>0x20012725</value>
         <object_component_ref idref="oc-554"/>
      </symbol>
      <symbol id="sm-12da">
         <name>errno</name>
         <value>0x20012d2c</value>
         <object_component_ref idref="oc-726"/>
      </symbol>
      <symbol id="sm-12e4">
         <name>copysign</name>
         <value>0x200126b9</value>
         <object_component_ref idref="oc-89a"/>
      </symbol>
      <symbol id="sm-12e5">
         <name>copysignl</name>
         <value>0x200126b9</value>
         <object_component_ref idref="oc-89a"/>
      </symbol>
      <symbol id="sm-12e6">
         <name>__TI_static_base__</name>
         <value>0x20013660</value>
      </symbol>
      <symbol id="sm-12e9">
         <name>ITM_flush</name>
         <value>0x0</value>
      </symbol>
      <symbol id="sm-12ea">
         <name>ITM_restore</name>
         <value>0x0</value>
      </symbol>
      <symbol id="sm-12eb">
         <name>__mpu_init</name>
         <value>0x0</value>
      </symbol>
      <symbol id="sm-12ec">
         <name>_system_post_cinit</name>
         <value>0x0</value>
      </symbol>
      <symbol id="sm-12ed">
         <name>NoRTOS_start</name>
         <value>0x2001265b</value>
      </symbol>
   </symbol_table>
   <title>Link successful</title>
</link_info>
