******************************************************************************
                  TI ARM Linker PC v20.2.5                     
******************************************************************************
>> Linked Sun Mar 27 13:26:02 2022

OUTPUT FILE NAME:   <uartecho_CC3220S_LAUNCHXL_nortos_ccs.out>
ENTRY POINT SYMBOL: "resetISR"  address: 2000f2ed


MEMORY CONFIGURATION

         name            origin    length      used     unused   attr    fill
----------------------  --------  ---------  --------  --------  ----  --------
  SRAM2                 20000000   00004000  0000130c  00002cf4  RW X
  SRAM                  20004000   0003c000  0000c22a  0002fdd6  RW X
  LOG_DATA              90000000   00040000  00000000  00040000  R   


SEGMENT ALLOCATION MAP

run origin  load origin   length   init length attrs members
----------  ----------- ---------- ----------- ----- -------
20003000    20003000    00001000   00000000    rw-
  20003000    20003000    00001000   00000000    rw- .stack
20004000    20004000    00000040   00000040    r--
  20004000    20004000    00000040   00000040    r-- .resetVecs
20004040    20004040    00008000   00000000    rw-
  20004040    20004040    00008000   00000000    rw- .sysmem
2000c040    2000c040    000035b0   000035b0    r-x
  2000c040    2000c040    000035b0   000035b0    r-x .text
2000f5f0    2000f5f0    000005ac   00000000    rw-
  2000f5f0    2000f5f0    000005ac   00000000    rw- .data
2000fb9c    2000fb9c    0000037a   0000037a    r--
  2000fb9c    2000fb9c    0000037a   0000037a    r-- .const
2000ff18    2000ff18    0000022c   00000000    rw-
  2000ff18    2000ff18    0000022c   00000000    rw- .bss
20010148    20010148    000000e8   000000e8    r--
  20010148    20010148    000000e8   000000e8    r-- .cinit


SECTION ALLOCATION MAP

 output                                  attributes/
section   page    origin      length       input sections
--------  ----  ----------  ----------   ----------------
.text      0    2000c040    000035b0     
                  2000c040    0000042c     driverlib.a : prcm.obj (.text:PRCMCC3200MCUInit)
                  2000c46c    00000288     drivers_cc32xx.a : UARTCC32XX.oem4 (.text:UARTCC32XX_open)
                  2000c6f4    000001e4                      : GPIOCC32XX.oem4 (.text:GPIO_setConfig)
                  2000c8d8    0000019c     nortos_cc32xx.a : PowerCC32XX_nortos.oem4 (.text:PowerCC32XX_sleepPolicy)
                  2000ca74    00000148     drivers_cc32xx.a : PowerCC32XX.oem4 (.text:parkPins)
                  2000cbbc    00000138                      : PowerCC32XX.oem4 (.text:Power_sleep)
                  2000ccf4    00000120                      : UARTCC32XX.oem4 (.text:UARTCC32XX_close)
                  2000ce14    00000100     rtsv7M4_T_le_eabi.lib : memory.c.obj (.text:aligned_alloc)
                  2000cf14    000000f2     drivers_cc32xx.a : UARTCC32XX.oem4 (.text:UARTCC32XX_control)
                  2000d006    00000002     ti_drivers_config.obj (.text:Board_initHook)
                  2000d008    000000e4     rtsv7M4_T_le_eabi.lib : memory.c.obj (.text:free)
                  2000d0ec    000000ca     drivers_cc32xx.a : UARTCC32XX.oem4 (.text:UARTCC32XX_write)
                  2000d1b6    00000002     nortos_cc32xx.a : PowerCC32XX_nortos.oem4 (.text:PowerCC32XX_initPolicy)
                  2000d1b8    000000c4     drivers_cc32xx.a : GPIOCC32XX.oem4 (.text:GPIO_init)
                  2000d27c    000000c0                      : PowerCC32XX.oem4 (.text:restoreParkedPins)
                  2000d33c    000000ba                      : UARTCC32XX.oem4 (.text:UARTCC32XX_readPolling)
                  2000d3f6    00000002                      : UARTCC32XX.oem4 (.text:UARTCC32XX_init)
                  2000d3f8    000000b8                      : UARTCC32XX.oem4 (.text:initHw)
                  2000d4b0    000000b6                      : UARTCC32XX.oem4 (.text:readTaskCallback)
                  2000d566    000000b0                      : UARTCC32XX.oem4 (.text:readTaskBlocking)
                  2000d616    000000ae                      : UARTCC32XX.oem4 (.text:readIsrTextBlocking)
                  2000d6c4    000000a8     driverlib.a : interrupt.obj (.text:IntEnable)
                  2000d76c    000000a8     drivers_cc32xx.a : PowerCC32XX.oem4 (.text:PowerCC32XX_configureWakeup)
                  2000d814    000000a2                      : UARTCC32XX.oem4 (.text:readIsrTextCallback)
                  2000d8b6    000000a2                      : UARTCC32XX.oem4 (.text:writeData)
                  2000d958    000000a0     nortos_cc32xx.a : SemaphoreP_nortos.oem4 (.text:SemaphoreP_pend)
                  2000d9f8    0000009c     rtsv7M4_T_le_eabi.lib : memcpy_t2.asm.obj (.text)
                  2000da94    00000098     drivers_cc32xx.a : GPIOCC32XX.oem4 (.text:powerNotifyFxn)
                  2000db2c    00000096     rtsv7M4_T_le_eabi.lib : ull_div_t2.asm.obj (.text)
                  2000dbc2    00000002                           : _lock.c.obj (.text:_nop)
                  2000dbc4    00000090     uartecho.obj (.text:mainThread)
                  2000dc54    00000090     drivers_cc32xx.a : PowerCC32XX.oem4 (.text:restoreNVICRegs)
                  2000dce4    0000008c     nortos_cc32xx.a : HwiPCC32XX_nortos.oem4 (.text:HwiP_construct)
                  2000dd70    00000088     driverlib.a : interrupt.obj (.text:IntPendSet)
                  2000ddf8    00000088                 : pin.obj (.text:PinConfigSet)
                  2000de80    00000084     uartecho.obj (.text:LedController)
                  2000df04    00000084     drivers_cc32xx.a : PowerCC32XX.oem4 (.text:Power_init)
                  2000df88    00000084                      : PowerCC32XX.oem4 (.text:saveNVICRegs)
                  2000e00c    00000080                      : PowerCC32XX.oem4 (.text:Power_setDependency)
                  2000e08c    0000007c                      : UARTCC32XX.oem4 (.text:readIsrBinaryBlocking)
                  2000e108    00000078                      : GPIOCC32XX.oem4 (.text:GPIO_hwiIntFxn)
                  2000e180    00000078                      : UARTCC32XX.oem4 (.text:readIsrBinaryCallback)
                  2000e1f8    00000074                      : UARTCC32XX.oem4 (.text:UARTCC32XX_hwiIntFxn)
                  2000e26c    00000070     rtsv7M4_T_le_eabi.lib : memory.c.obj (.text:split)
                  2000e2dc    00000068                           : copy_decompress_lzss.c.obj (.text:decompress:lzss:__TI_decompress_lzss)
                  2000e344    00000066     drivers_cc32xx.a : UARTCC32XX.oem4 (.text:UARTCC32XX_writeCancel)
                  2000e3aa    00000002     nortos_cc32xx.a : startup_cc32xx_ccs.oem4 (.text:busFaultHandler)
                  2000e3ac    00000064     drivers_cc32xx.a : PowerCC32XX.oem4 (.text:PowerCC32XX_setParkState)
                  2000e410    00000062                      : UARTCC32XX.oem4 (.text:UARTCC32XX_writePolling)
                  2000e472    00000002     nortos_cc32xx.a : SemaphoreP_nortos.oem4 (.text:clkFxn)
                  2000e474    00000060     driverlib.a : prcm.obj (.text:PRCMSysResetCauseGet)
                  2000e4d4    0000005c     drivers_cc32xx.a : GPIOCC32XX.oem4 (.text:GPIO_setCallback)
                  2000e530    0000005c     nortos_cc32xx.a : ClockPSysTick_nortos.oem4 (.text:sysTickInit)
                  2000e58c    00000058     drivers_cc32xx.a : GPIOCC32XX.oem4 (.text:GPIO_write)
                  2000e5e4    00000058     driverlib.a : prcm.obj (.text:PRCMPeripheralReset)
                  2000e63c    00000058     drivers_cc32xx.a : PowerCC32XX.oem4 (.text:Power_releaseDependency)
                  2000e694    00000054                      : UARTCC32XX.oem4 (.text:ringBufGet)
                  2000e6e8    00000052                      : PowerCC32XX_asm.oem4 (.text:PowerCC32XX_resumeLPDS)
                  2000e73a    00000002     nortos_cc32xx.a : startup_cc32xx_ccs.oem4 (.text:defaultHandler)
                  2000e73c    00000050                     : ClockPSysTick_nortos.oem4 (.text:ClockP_sysTickHandler)
                  2000e78c    00000050                     : SemaphoreP_nortos.oem4 (.text:SemaphoreP_construct)
                  2000e7dc    0000004c     drivers_cc32xx.a : GPIOCC32XX.oem4 (.text:GPIO_enableInt)
                  2000e828    0000004c                      : PowerCC32XX.oem4 (.text:PowerCC32XX_parkPin)
                  2000e874    0000004c                      : PowerCC32XX.oem4 (.text:restorePeriphClocks)
                  2000e8c0    00000048     driverlib.a : flash.obj (.text:FlashDisable)
                  2000e908    00000048                 : prcm.obj (.text:PRCMLPDSEnter)
                  2000e950    00000048                 : prcm.obj (.text:PRCMPeripheralClkEnable)
                  2000e998    00000048     drivers_cc32xx.a : PowerCC32XX.oem4 (.text:Power_releaseConstraint)
                  2000e9e0    00000046                      : RingBuf.oem4 (.text:RingBuf_put)
                  2000ea26    00000002     nortos_cc32xx.a : startup_cc32xx_ccs.oem4 (.text:faultISR)
                  2000ea28    00000044                     : ClockPSysTick_nortos.oem4 (.text:ClockP_stop)
                  2000ea6c    00000044     driverlib.a : prcm.obj (.text:PRCMLPDSRestoreInfoSet)
                  2000eab0    00000044     drivers_cc32xx.a : PowerCC32XX_asm.oem4 (.text:PowerCC32XX_enterLPDS)
                  2000eaf4    00000044     nortos_cc32xx.a : SemaphoreP_nortos.oem4 (.text:SemaphoreP_post)
                  2000eb38    00000044                     : SwiP_nortos.oem4 (.text:SwiP_restore)
                  2000eb7c    00000044     drivers_cc32xx.a : UART.oem4 (.text:UART_init)
                  2000ebc0    00000044     rtsv7M4_T_le_eabi.lib : autoinit.c.obj (.text:__TI_auto_init_nobinit_nopinit:__TI_auto_init_nobinit_nopinit)
                  2000ec04    00000040     nortos_cc32xx.a : ClockPSysTick_nortos.oem4 (.text:ClockP_construct)
                  2000ec44    00000040     driverlib.a : pin.obj (.text:PinModeSet)
                  2000ec84    00000040     drivers_cc32xx.a : RingBuf.oem4 (.text:RingBuf_get)
                  2000ecc4    00000040                      : UARTCC32XX.oem4 (.text:UARTCC32XX_read)
                  2000ed04    00000040                      : UART.oem4 (.text:UART_open)
                  2000ed44    0000003c     nortos_cc32xx.a : ClockPSysTick_nortos.oem4 (.text:ClockP_destruct)
                  2000ed80    0000003c     drivers_cc32xx.a : PowerCC32XX.oem4 (.text:Power_setConstraint)
                  2000edbc    0000003a     nortos_cc32xx.a : PowerCC32XX_nortos.oem4 (.text:getCountsRTC)
                  2000edf6    00000002                     : startup_cc32xx_ccs.oem4 (.text:nmiISR)
                  2000edf8    00000038     driverlib.a : prcm.obj (.text:PRCMLPDSEnterKeepDebugIf)
                  2000ee30    00000038     nortos_cc32xx.a : ClockPSysTick_nortos.oem4 (.text:addToList)
                  2000ee68    00000038                     : startup_cc32xx_ccs.oem4 (.text:initVectors)
                  2000eea0    00000038     drivers_cc32xx.a : PowerCC32XX.oem4 (.text:notify)
                  2000eed8    00000036                      : UARTCC32XX.oem4 (.text:UARTCC32XX_readCancel)
                  2000ef0e    00000002     rtsv7M4_T_le_eabi.lib : div0.asm.obj (.text)
                  2000ef10    00000034     nortos_cc32xx.a : ClockPSysTick_nortos.oem4 (.text:ClockP_getTicksUntilInterrupt)
                  2000ef44    00000034                     : ClockPSysTick_nortos.oem4 (.text:ClockP_startup)
                  2000ef78    00000034     driverlib.a : pin.obj (.text:PinModeGet)
                  2000efac    00000034     drivers_cc32xx.a : PowerCC32XX.oem4 (.text:PowerCC32XX_restoreParkState)
                  2000efe0    00000030     nortos_cc32xx.a : ClockPSysTick_nortos.oem4 (.text:ClockP_start)
                  2000f010    00000030     drivers_cc32xx.a : PowerCC32XX.oem4 (.text:PowerCC32XX_restoreParkedPin)
                  2000f040    0000002c                      : PowerCC32XX.oem4 (.text:PowerCC32XX_getParkState)
                  2000f06c    0000002a     nortos_cc32xx.a : HwiPCC32XX_nortos.oem4 (.text:HwiP_create)
                  2000f096    00000002     --HOLE-- [fill = 0]
                  2000f098    00000028     driverlib.a : prcm.obj (.text:PRCMPeripheralClkDisable)
                  2000f0c0    00000028     drivers_cc32xx.a : PowerCC32XX.oem4 (.text:Power_registerNotify)
                  2000f0e8    00000028     rtsv7M4_T_le_eabi.lib : memory.c.obj (.text:free_list_insert)
                  2000f110    00000026     drivers_cc32xx.a : List.oem4 (.text:List_put)
                  2000f136    00000026                      : List.oem4 (.text:List_remove)
                  2000f15c    00000024     nortos_cc32xx.a : HwiPCC32XX_nortos.oem4 (.text:HwiP_dispatch)
                  2000f180    00000024     drivers_cc32xx.a : PowerCC32XX.oem4 (.text:PowerCC32XX_reset)
                  2000f1a4    00000024     rtsv7M4_T_le_eabi.lib : boot_cortex_m.c.obj (.text:_c_int00_noargs:_c_int00_noargs)
                  2000f1c8    00000020     nortos_cc32xx.a : HwiPCC32XX_nortos.oem4 (.text:HwiP_destruct)
                  2000f1e8    00000020     drivers_cc32xx.a : PowerCC32XX.oem4 (.text:Power_unregisterNotify)
                  2000f208    00000020                      : RingBuf.oem4 (.text:RingBuf_peek)
                  2000f228    00000020                      : UARTCC32XX.oem4 (.text:getPowerMgrId)
                  2000f248    0000001c     driverlib.a : pin.obj (.text:PinToPadGet)
                  2000f264    0000001c     nortos_cc32xx.a : SwiP_nortos.oem4 (.text:SwiP_disable)
                  2000f280    0000001c     rtsv7M4_T_le_eabi.lib : copy_zero_init.c.obj (.text:decompress:ZI:__TI_zero_init_nomemset:__TI_zero_init_nomemset)
                  2000f29c    0000001c                           : memory.c.obj (.text:free_list_remove)
                  2000f2b8    0000001a     nortos_cc32xx.a : ClockPSysTick_nortos.oem4 (.text:ClockP_create)
                  2000f2d2    0000001a                     : SemaphoreP_nortos.oem4 (.text:SemaphoreP_createBinary)
                  2000f2ec    0000001a                     : startup_cc32xx_ccs.oem4 (.text:resetISR)
                  2000f306    00000002     --HOLE-- [fill = 0]
                  2000f308    00000018     drivers_cc32xx.a : PowerCC32XX.oem4 (.text:Power_getTransitionLatency)
                  2000f320    00000018                      : PowerCC32XX.oem4 (.text:Power_idleFunc)
                  2000f338    00000018     driverlib.a : uart.obj (.text:UARTBusy)
                  2000f350    00000018                 : uart.obj (.text:UARTIntEnable)
                  2000f368    00000018     drivers_cc32xx.a : UART.oem4 (.text:UART_Params_init)
                  2000f380    00000018     rtsv7M4_T_le_eabi.lib : ll_mul_t2.asm.obj (.text)
                  2000f398    00000016     driverlib.a : prcm.obj (.text:PRCMHIBRegRead)
                  2000f3ae    00000016                 : prcm.obj (.text:PRCMHIBRegWrite)
                  2000f3c4    00000016     nortos_cc32xx.a : SemaphoreP_nortos.oem4 (.text:SemaphoreP_create)
                  2000f3da    00000014     driverlib.a : cpu.obj (.text:CPUcpsid)
                  2000f3ee    00000002     --HOLE-- [fill = 0]
                  2000f3f0    00000014     nortos_cc32xx.a : HwiPCC32XX_nortos.oem4 (.text:HwiP_inISR)
                  2000f404    00000014     driverlib.a : interrupt.obj (.text:IntVTableBaseSet)
                  2000f418    00000014     drivers_cc32xx.a : PowerCC32XX.oem4 (.text:Power_disablePolicy)
                  2000f42c    00000014                      : PowerCC32XX.oem4 (.text:Power_getDependencyCount)
                  2000f440    00000014                      : UARTCC32XX.oem4 (.text:releasePowerConstraint)
                  2000f454    00000012     nortos_cc32xx.a : HwiPCC32XX_nortos.oem4 (.text:HwiP_Params_init)
                  2000f466    00000012     drivers_cc32xx.a : RingBuf.oem4 (.text:RingBuf_construct)
                  2000f478    00000012     main_nortos.obj (.text:main)
                  2000f48a    00000010     ti_drivers_config.obj (.text:Board_init)
                  2000f49a    00000010     nortos_cc32xx.a : ClockPSysTick_nortos.oem4 (.text:ClockP_add)
                  2000f4aa    00000010                     : ClockPSysTick_nortos.oem4 (.text:ClockP_delete)
                  2000f4ba    00000002     --HOLE-- [fill = 0]
                  2000f4bc    00000010                     : ClockPSysTick_nortos.oem4 (.text:ClockP_getCpuFreq)
                  2000f4cc    00000010                     : ClockPSysTick_nortos.oem4 (.text:ClockP_getSystemTicks)
                  2000f4dc    00000010                     : ClockPSysTick_nortos.oem4 (.text:ClockP_setTicks)
                  2000f4ec    00000010                     : HwiPCC32XX_nortos.oem4 (.text:HwiP_delete)
                  2000f4fc    00000010                     : HwiPCC32XX_nortos.oem4 (.text:HwiP_restore)
                  2000f50c    00000010     drivers_cc32xx.a : PowerCC32XX.oem4 (.text:Power_enablePolicy)
                  2000f51c    00000010     nortos_cc32xx.a : SemaphoreP_nortos.oem4 (.text:SemaphoreP_Params_init)
                  2000f52c    00000010     drivers_cc32xx.a : UARTCC32XX.oem4 (.text:readBlockingTimeout)
                  2000f53c    0000000e     nortos_cc32xx.a : HwiPCC32XX_nortos.oem4 (.text:HwiP_disable)
                  2000f54a    0000000e                     : HwiPCC32XX_nortos.oem4 (.text:HwiP_enable)
                  2000f558    0000000e     drivers_cc32xx.a : RingBuf.oem4 (.text:RingBuf_isFull)
                  2000f566    0000000e     rtsv7M4_T_le_eabi.lib : copy_decompress_none.c.obj (.text:decompress:none:__TI_decompress_none)
                  2000f574    0000000c     drivers_cc32xx.a : PowerCC32XX.oem4 (.text:Power_getConstraintMask)
                  2000f580    0000000c                      : UARTCC32XX.oem4 (.text:postNotifyFxn)
                  2000f58c    0000000a     nortos_cc32xx.a : ClockPSysTick_nortos.oem4 (.text:ClockP_Params_init)
                  2000f596    0000000a                     : ClockPSysTick_nortos.oem4 (.text:ClockP_isActive)
                  2000f5a0    0000000a     driverlib.a : interrupt.obj (.text:IntMasterDisable)
                  2000f5aa    0000000a     drivers_cc32xx.a : UART.oem4 (.text:UART_read)
                  2000f5b4    0000000a                      : UART.oem4 (.text:UART_write)
                  2000f5be    00000008     rtsv7M4_T_le_eabi.lib : memory.c.obj (.text:malloc)
                  2000f5c6    00000008     drivers_cc32xx.a : UARTCC32XX.oem4 (.text:readSemCallback)
                  2000f5ce    00000008                      : UARTCC32XX.oem4 (.text:writeSemCallback)
                  2000f5d6    00000006     driverlib.a : utils.obj (.text:UtilsDelay)
                  2000f5dc    00000004     nortos_cc32xx.a : ClockPSysTick_nortos.oem4 (.text:ClockP_setTimeout)
                  2000f5e0    00000004                     : HwiPCC32XX_nortos.oem4 (.text:HwiP_post)
                  2000f5e4    00000004                     : SemaphoreP_nortos.oem4 (.text:SemaphoreP_delete)
                  2000f5e8    00000004     rtsv7M4_T_le_eabi.lib : pre_init.c.obj (.text:_system_pre_init)
                  2000f5ec    00000004                           : exit.c.obj (.text:abort:abort)

.const     0    2000fb9c    0000037a     
                  2000fb9c    00000100     driverlib.a : pin.obj (.const:g_ulPinToPadMap)
                  2000fc9c    000000a8                 : prcm.obj (.const:PRCM_PeriphRegsList)
                  2000fd44    00000044     ti_drivers_config.obj (.const:PowerCC32XX_config)
                  2000fd88    00000028     drivers_cc32xx.a : UARTCC32XX.oem4 (.const:UARTCC32XX_fxnTable)
                  2000fdb0    00000024                      : UART.oem4 (.const:UART_defaultParams)
                  2000fdd4    00000024     ti_drivers_config.obj (.const:uartCC32XXHWAttrs0)
                  2000fdf8    00000021     drivers_cc32xx.a : GPIOCC32XX.oem4 (.const:.string:pinTable)
                  2000fe19    00000003     ti_drivers_config.obj (.const)
                  2000fe1c    00000020     drivers_cc32xx.a : UARTCC32XX.oem4 (.const:staticFxnTable)
                  2000fe3c    00000018     driverlib.a : interrupt.obj (.const:g_pulEnRegs)
                  2000fe54    00000018                 : interrupt.obj (.const:g_pulPendRegs)
                  2000fe6c    00000016     uartecho.obj (.const:.string:$P$T0$1)
                  2000fe82    00000002     --HOLE-- [fill = 0]
                  2000fe84    00000014     ti_drivers_config.obj (.const:GPIOCC32XX_config)
                  2000fe98    00000014     drivers_cc32xx.a : GPIOCC32XX.oem4 (.const:gpioBaseAddresses)
                  2000feac    00000014                      : UARTCC32XX.oem4 (.const:parityType)
                  2000fec0    00000014                      : GPIOCC32XX.oem4 (.const:powerResources)
                  2000fed4    00000010                      : UARTCC32XX.oem4 (.const:dataLength)
                  2000fee4    0000000c     ti_drivers_config.obj (.const:UART_config)
                  2000fef0    00000008     drivers_cc32xx.a : GPIOCC32XX.oem4 (.const:outPinTypes)
                  2000fef8    00000008                      : UARTCC32XX.oem4 (.const:stopBits)
                  2000ff00    00000006                      : GPIOCC32XX.oem4 (.const:.string:interruptType)
                  2000ff06    00000006                      : GPIOCC32XX.oem4 (.const:inPinTypes)
                  2000ff0c    00000006                      : GPIOCC32XX.oem4 (.const:outPinStrengths)
                  2000ff12    00000004                      : GPIOCC32XX.oem4 (.const:.string:portInterruptIds)

.cinit     0    20010148    000000e8     
                  20010148    000000be     (.cinit..data.load) [load image, compression = lzss]
                  20010206    00000002     --HOLE-- [fill = 0]
                  20010208    0000000c     (__TI_handler_table)
                  20010214    00000004     --HOLE-- [fill = 0]
                  20010218    00000008     (.cinit..bss.load) [load image, compression = zero_init]
                  20010220    00000010     (__TI_cinit_table)

.init_array 
*          0    20004000    00000000     UNINITIALIZED

.ramVecs   0    20000000    0000030c     NOLOAD SECTION
                  20000000    0000030c     nortos_cc32xx.a : startup_cc32xx_ccs.oem4 (.ramVecs)

.stack     0    20003000    00001000     UNINITIALIZED
                  20003000    00000004     rtsv7M4_T_le_eabi.lib : boot_cortex_m.c.obj (.stack)
                  20003004    00000ffc     --HOLE--

.resetVecs 
*          0    20004000    00000040     
                  20004000    00000040     nortos_cc32xx.a : startup_cc32xx_ccs.oem4 (.resetVecs:retain)

.sysmem    0    20004040    00008000     UNINITIALIZED
                  20004040    00000010     rtsv7M4_T_le_eabi.lib : memory.c.obj (.sysmem)
                  20004050    00007ff0     --HOLE--

.data      0    2000f5f0    000005ac     UNINITIALIZED
                  2000f5f0    0000030c     nortos_cc32xx.a : HwiPCC32XX_nortos.oem4 (.data:HwiP_dispatchTable)
                  2000f8fc    0000016c     drivers_cc32xx.a : PowerCC32XX.oem4 (.data:PowerCC32XX_module)
                  2000fa68    000000f8     ti_drivers_config.obj (.data:parkInfo)
                  2000fb60    00000009     drivers_cc32xx.a : GPIOCC32XX.oem4 (.data)
                  2000fb69    00000003     nortos_cc32xx.a : SemaphoreP_nortos.oem4 (.data)
                  2000fb6c    00000008     rtsv7M4_T_le_eabi.lib : _lock.c.obj (.data:$O1$$)
                  2000fb74    00000008                           : memory.c.obj (.data:$O1$$)
                  2000fb7c    00000008     nortos_cc32xx.a : SemaphoreP_nortos.oem4 (.data:SemaphoreP_defaultParams)
                  2000fb84    00000008                     : HwiPCC32XX_nortos.oem4 (.data)
                  2000fb8c    00000005                     : ClockPSysTick_nortos.oem4 (.data)
                  2000fb91    00000001     drivers_cc32xx.a : UART.oem4 (.data)
                  2000fb92    00000002     --HOLE--
                  2000fb94    00000004     ti_drivers_config.obj (.data:gpioCallbackFunctions)
                  2000fb98    00000004     ti_drivers_config.obj (.data:gpioPinConfigs)

.bss       0    2000ff18    0000022c     UNINITIALIZED
                  2000ff18    0000012c     (.common:PowerCC32XX_contextSave)
                  20010044    00000084     (.common:uartCC32XXObjects0)
                  200100c8    00000020     drivers_cc32xx.a : GPIOCC32XX.oem4 (.bss:gpioCallbackInfo)
                  200100e8    00000020     ti_drivers_config.obj (.bss:uartCC32XXRingBuffer0)
                  20010108    00000014     drivers_cc32xx.a : GPIOCC32XX.oem4 (.bss:powerNotifyObj)
                  2001011c    00000004                      : GPIOCC32XX.oem4 (.bss)
                  20010120    00000010     (.common:ClockP_ctrl)
                  20010130    0000000d     nortos_cc32xx.a : SwiP_nortos.oem4 (.bss)
                  2001013d    00000001     (.common:state)
                  2001013e    00000002     --HOLE--
                  20010140    00000004                     : ClockPSysTick_nortos.oem4 (.bss)

.log_data 
*          0    90000000    00000000     COPY SECTION

__llvm_prf_cnts 
*          0    20004000    00000000     UNINITIALIZED

MODULE SUMMARY

       Module                       code    ro data   rw data
       ------                       ----    -------   -------
    .\
       uartecho.obj                 276     22        1      
       main_nortos.obj              18      0         0      
    +--+----------------------------+-------+---------+---------+
       Total:                       294     22        1      
                                                             
    .\syscfg\
       ti_drivers_config.obj        18      139       420    
    +--+----------------------------+-------+---------+---------+
       Total:                       18      139       420    
                                                             
    C:/ti/simplelink_cc32xx_sdk_4_30_00_06/kernel/nortos/lib/ccs/m4/nortos_cc32xx.a
       HwiPCC32XX_nortos.oem4       352     0         788    
       startup_cc32xx_ccs.oem4      90      64        780    
       ClockPSysTick_nortos.oem4    702     0         25     
       PowerCC32XX_nortos.oem4      472     0         0      
       SemaphoreP_nortos.oem4       378     0         11     
       SwiP_nortos.oem4             96      0         13     
    +--+----------------------------+-------+---------+---------+
       Total:                       2090    64        1617   
                                                             
    C:/ti/simplelink_cc32xx_sdk_4_30_00_06/source/ti/devices/cc32xx/driverlib/ccs/Release/driverlib.a
       prcm.obj                     1604    168       0      
       pin.obj                      280     256       0      
       interrupt.obj                334     48        0      
       flash.obj                    72      0         0      
       uart.obj                     48      0         0      
       cpu.obj                      20      0         0      
       utils.obj                    6       0         0      
    +--+----------------------------+-------+---------+---------+
       Total:                       2364    472       0      
                                                             
    C:/ti/simplelink_cc32xx_sdk_4_30_00_06/source/ti/drivers/lib/ccs/m4/drivers_cc32xx.a
       UARTCC32XX.oem4              3466    116       0      
       PowerCC32XX.oem4             2432    0         664    
       GPIOCC32XX.oem4              1208    103       65     
       UART.oem4                    176     36        1      
       RingBuf.oem4                 198     0         0      
       PowerCC32XX_asm.oem4         150     0         0      
       List.oem4                    76      0         0      
    +--+----------------------------+-------+---------+---------+
       Total:                       7706    255       730    
                                                             
    C:\ti\ccs1110\ccs\tools\compiler\ti-cgt-arm_20.2.5.LTS\lib\rtsv7M4_T_le_eabi.lib
       memory.c.obj                 672     0         8      
       memcpy_t2.asm.obj            156     0         0      
       ull_div_t2.asm.obj           150     0         0      
       copy_decompress_lzss.c.obj   104     0         0      
       autoinit.c.obj               68      0         0      
       boot_cortex_m.c.obj          36      0         0      
       copy_zero_init.c.obj         28      0         0      
       ll_mul_t2.asm.obj            24      0         0      
       copy_decompress_none.c.obj   14      0         0      
       _lock.c.obj                  2       0         8      
       exit.c.obj                   4       0         0      
       pre_init.c.obj               4       0         0      
       div0.asm.obj                 2       0         0      
    +--+----------------------------+-------+---------+---------+
       Total:                       1264    0         16     
                                                             
       Heap:                        0       0         32768  
       Stack:                       0       0         4096   
       Linker Generated:            0       226       0      
    +--+----------------------------+-------+---------+---------+
       Grand Total:                 13736   1178      39648  


LINKER GENERATED COPY TABLES

__TI_cinit_table @ 20010220 records: 2, size/record: 8, table size: 16
	.data: load addr=20010148, load size=000000be bytes, run addr=2000f5f0, run size=000005ac bytes, compression=lzss
	.bss: load addr=20010218, load size=00000008 bytes, run addr=2000ff18, run size=0000022c bytes, compression=zero_init


LINKER GENERATED HANDLER TABLE

__TI_handler_table @ 20010208 records: 3, size/record: 4, table size: 12
	index: 0, handler: __TI_decompress_lzss
	index: 1, handler: __TI_decompress_none
	index: 2, handler: __TI_zero_init


GLOBAL SYMBOLS: SORTED ALPHABETICALLY BY Name 

address   name                          
-------   ----                          
2000f48b  Board_init                    
2000d007  Board_initHook                
2000f5ed  C$$EXIT                       
2000fe19  CONFIG_GPIO_LED_0_CONST       
2000fe1a  CONFIG_UART_0_CONST           
2000f3db  CPUcpsid                      
2000f58d  ClockP_Params_init            
2000f49b  ClockP_add                    
2000ec05  ClockP_construct              
2000f2b9  ClockP_create                 
20010120  ClockP_ctrl                   
2000f4ab  ClockP_delete                 
2000ed45  ClockP_destruct               
2000e73d  ClockP_doTick                 
2000f4bd  ClockP_getCpuFreq             
2000f4cd  ClockP_getSystemTicks         
2000ef11  ClockP_getTicksUntilInterrupt 
2000f597  ClockP_isActive               
2000f4dd  ClockP_setTicks               
2000f5dd  ClockP_setTimeout             
2000efe1  ClockP_start                  
2000ef45  ClockP_startup                
2000ea29  ClockP_stop                   
2000e73d  ClockP_sysTickHandler         
2000fb8c  ClockP_tickPeriod             
2000e8c1  FlashDisable                  
2000fe84  GPIOCC32XX_config             
2000e7dd  GPIO_enableInt                
2000e109  GPIO_hwiIntFxn                
2000d1b9  GPIO_init                     
2000e4d5  GPIO_setCallback              
2000c6f5  GPIO_setConfig                
2000e58d  GPIO_write                    
2000f455  HwiP_Params_init              
2000dce5  HwiP_construct                
2000f06d  HwiP_create                   
2000f4ed  HwiP_delete                   
2000f1c9  HwiP_destruct                 
2000f53d  HwiP_disable                  
2000f15d  HwiP_dispatch                 
2000f54b  HwiP_enable                   
2000f3f1  HwiP_inISR                    
2000fb84  HwiP_key                      
2000f5e1  HwiP_post                     
2000f4fd  HwiP_restore                  
2000fb88  HwiP_swiPIntNum               
UNDEFED   ITM_flush                     
UNDEFED   ITM_restore                   
2000d6c5  IntEnable                     
2000f5a1  IntMasterDisable              
2000dd71  IntPendSet                    
2000f405  IntVTableBaseSet              
2000de81  LedController                 
2000f111  List_put                      
2000f137  List_remove                   
2000f54b  NoRTOS_start                  
2000c041  PRCMCC3200MCUInit             
2000f399  PRCMHIBRegRead                
2000f3af  PRCMHIBRegWrite               
2000e909  PRCMLPDSEnter                 
2000edf9  PRCMLPDSEnterKeepDebugIf      
2000ea6d  PRCMLPDSRestoreInfoSet        
2000f099  PRCMPeripheralClkDisable      
2000e951  PRCMPeripheralClkEnable       
2000e5e5  PRCMPeripheralReset           
2000e475  PRCMSysResetCauseGet          
2000ddf9  PinConfigSet                  
2000ef79  PinModeGet                    
2000ec45  PinModeSet                    
2000f249  PinToPadGet                   
2000fd44  PowerCC32XX_config            
2000d76d  PowerCC32XX_configureWakeup   
2000ff18  PowerCC32XX_contextSave       
2000eab1  PowerCC32XX_enterLPDS         
2000f041  PowerCC32XX_getParkState      
2000d1b7  PowerCC32XX_initPolicy        
2000f8fc  PowerCC32XX_module            
2000e829  PowerCC32XX_parkPin           
2000f181  PowerCC32XX_reset             
2000efad  PowerCC32XX_restoreParkState  
2000f011  PowerCC32XX_restoreParkedPin  
2000e6e9  PowerCC32XX_resumeLPDS        
2000e3ad  PowerCC32XX_setParkState      
2000c8d9  PowerCC32XX_sleepPolicy       
2000f419  Power_disablePolicy           
2000f50d  Power_enablePolicy            
2000f575  Power_getConstraintMask       
2000f42d  Power_getDependencyCount      
2000f309  Power_getTransitionLatency    
2000f321  Power_idleFunc                
2000df05  Power_init                    
2000f0c1  Power_registerNotify          
2000e999  Power_releaseConstraint       
2000e63d  Power_releaseDependency       
2000ed81  Power_setConstraint           
2000e00d  Power_setDependency           
2000cbbd  Power_sleep                   
2000f1e9  Power_unregisterNotify        
2000f467  RingBuf_construct             
2000ec85  RingBuf_get                   
2000f559  RingBuf_isFull                
2000f209  RingBuf_peek                  
2000e9e1  RingBuf_put                   
2000f51d  SemaphoreP_Params_init        
2000e78d  SemaphoreP_construct          
2000f3c5  SemaphoreP_create             
2000f2d3  SemaphoreP_createBinary       
2000fb7c  SemaphoreP_defaultParams      
2000f5e5  SemaphoreP_delete             
2000d959  SemaphoreP_pend               
2000eaf5  SemaphoreP_post               
2000f265  SwiP_disable                  
2000eb39  SwiP_restore                  
2000f339  UARTBusy                      
2000ccf5  UARTCC32XX_close              
2000cf15  UARTCC32XX_control            
2000fd88  UARTCC32XX_fxnTable           
2000d3f7  UARTCC32XX_init               
2000c46d  UARTCC32XX_open               
2000ecc5  UARTCC32XX_read               
2000eed9  UARTCC32XX_readCancel         
2000d33d  UARTCC32XX_readPolling        
2000d0ed  UARTCC32XX_write              
2000e345  UARTCC32XX_writeCancel        
2000e411  UARTCC32XX_writePolling       
2000f351  UARTIntEnable                 
2000f369  UART_Params_init              
2000fee4  UART_config                   
2000fe1b  UART_count                    
2000fdb0  UART_defaultParams            
2000eb7d  UART_init                     
2000ed05  UART_open                     
2000f5ab  UART_read                     
2000f5b5  UART_write                    
2000f5d7  UtilsDelay                    
20004000  __STACK_END                   
00001000  __STACK_SIZE                  
00008000  __SYSMEM_SIZE                 
20010220  __TI_CINIT_Base               
20010230  __TI_CINIT_Limit              
20010208  __TI_Handler_Table_Base       
20010214  __TI_Handler_Table_Limit      
2000ebc1  __TI_auto_init_nobinit_nopinit
2000e2dd  __TI_decompress_lzss          
2000f567  __TI_decompress_none          
ffffffff  __TI_pprof_out_hndl           
ffffffff  __TI_prof_data_size           
ffffffff  __TI_prof_data_start          
20010148  __TI_static_base__            
2000f281  __TI_zero_init_nomemset       
2000ef0f  __aeabi_idiv0                 
2000ef0f  __aeabi_ldiv0                 
2000f381  __aeabi_lmul                  
2000d9f9  __aeabi_memcpy                
2000d9f9  __aeabi_memcpy4               
2000d9f9  __aeabi_memcpy8               
2000db2d  __aeabi_uldivmod              
ffffffff  __binit__                     
ffffffff  __c_args__                    
UNDEFED   __mpu_init                    
20003000  __stack                       
20004000  __start___llvm_prf_cnts       
20004000  __stop___llvm_prf_cnts        
2000f1a5  _c_int00_noargs               
2000fb6c  _lock                         
2000dbc3  _nop                          
20004040  _sys_memory                   
UNDEFED   _system_post_cinit            
2000f5e9  _system_pre_init              
2000fb70  _unlock                       
2000f5ed  abort                         
2000ce15  aligned_alloc                 
ffffffff  binit                         
2000e473  clkFxn                        
2000d009  free                          
2000fb94  gpioCallbackFunctions         
2000fb98  gpioPinConfigs                
2000ff06  inPinTypes                    
2000ee69  initVectors                   
2000f479  main                          
2000dbc5  mainThread                    
2000f5bf  malloc                        
2000ce15  memalign                      
2000d9f9  memcpy                        
2000ff0c  outPinStrengths               
2000fef0  outPinTypes                   
2000fa68  parkInfo                      
2000f2ed  resetISR                      
2000f300  resetVectorAddr               
20004000  resetVectors                  
2001013d  state                         
20010044  uartCC32XXObjects0            


GLOBAL SYMBOLS: SORTED BY Symbol Address 

address   name                          
-------   ----                          
00001000  __STACK_SIZE                  
00008000  __SYSMEM_SIZE                 
20003000  __stack                       
20004000  __STACK_END                   
20004000  __start___llvm_prf_cnts       
20004000  __stop___llvm_prf_cnts        
20004000  resetVectors                  
20004040  _sys_memory                   
2000c041  PRCMCC3200MCUInit             
2000c46d  UARTCC32XX_open               
2000c6f5  GPIO_setConfig                
2000c8d9  PowerCC32XX_sleepPolicy       
2000cbbd  Power_sleep                   
2000ccf5  UARTCC32XX_close              
2000ce15  aligned_alloc                 
2000ce15  memalign                      
2000cf15  UARTCC32XX_control            
2000d007  Board_initHook                
2000d009  free                          
2000d0ed  UARTCC32XX_write              
2000d1b7  PowerCC32XX_initPolicy        
2000d1b9  GPIO_init                     
2000d33d  UARTCC32XX_readPolling        
2000d3f7  UARTCC32XX_init               
2000d6c5  IntEnable                     
2000d76d  PowerCC32XX_configureWakeup   
2000d959  SemaphoreP_pend               
2000d9f9  __aeabi_memcpy                
2000d9f9  __aeabi_memcpy4               
2000d9f9  __aeabi_memcpy8               
2000d9f9  memcpy                        
2000db2d  __aeabi_uldivmod              
2000dbc3  _nop                          
2000dbc5  mainThread                    
2000dce5  HwiP_construct                
2000dd71  IntPendSet                    
2000ddf9  PinConfigSet                  
2000de81  LedController                 
2000df05  Power_init                    
2000e00d  Power_setDependency           
2000e109  GPIO_hwiIntFxn                
2000e2dd  __TI_decompress_lzss          
2000e345  UARTCC32XX_writeCancel        
2000e3ad  PowerCC32XX_setParkState      
2000e411  UARTCC32XX_writePolling       
2000e473  clkFxn                        
2000e475  PRCMSysResetCauseGet          
2000e4d5  GPIO_setCallback              
2000e58d  GPIO_write                    
2000e5e5  PRCMPeripheralReset           
2000e63d  Power_releaseDependency       
2000e6e9  PowerCC32XX_resumeLPDS        
2000e73d  ClockP_doTick                 
2000e73d  ClockP_sysTickHandler         
2000e78d  SemaphoreP_construct          
2000e7dd  GPIO_enableInt                
2000e829  PowerCC32XX_parkPin           
2000e8c1  FlashDisable                  
2000e909  PRCMLPDSEnter                 
2000e951  PRCMPeripheralClkEnable       
2000e999  Power_releaseConstraint       
2000e9e1  RingBuf_put                   
2000ea29  ClockP_stop                   
2000ea6d  PRCMLPDSRestoreInfoSet        
2000eab1  PowerCC32XX_enterLPDS         
2000eaf5  SemaphoreP_post               
2000eb39  SwiP_restore                  
2000eb7d  UART_init                     
2000ebc1  __TI_auto_init_nobinit_nopinit
2000ec05  ClockP_construct              
2000ec45  PinModeSet                    
2000ec85  RingBuf_get                   
2000ecc5  UARTCC32XX_read               
2000ed05  UART_open                     
2000ed45  ClockP_destruct               
2000ed81  Power_setConstraint           
2000edf9  PRCMLPDSEnterKeepDebugIf      
2000ee69  initVectors                   
2000eed9  UARTCC32XX_readCancel         
2000ef0f  __aeabi_idiv0                 
2000ef0f  __aeabi_ldiv0                 
2000ef11  ClockP_getTicksUntilInterrupt 
2000ef45  ClockP_startup                
2000ef79  PinModeGet                    
2000efad  PowerCC32XX_restoreParkState  
2000efe1  ClockP_start                  
2000f011  PowerCC32XX_restoreParkedPin  
2000f041  PowerCC32XX_getParkState      
2000f06d  HwiP_create                   
2000f099  PRCMPeripheralClkDisable      
2000f0c1  Power_registerNotify          
2000f111  List_put                      
2000f137  List_remove                   
2000f15d  HwiP_dispatch                 
2000f181  PowerCC32XX_reset             
2000f1a5  _c_int00_noargs               
2000f1c9  HwiP_destruct                 
2000f1e9  Power_unregisterNotify        
2000f209  RingBuf_peek                  
2000f249  PinToPadGet                   
2000f265  SwiP_disable                  
2000f281  __TI_zero_init_nomemset       
2000f2b9  ClockP_create                 
2000f2d3  SemaphoreP_createBinary       
2000f2ed  resetISR                      
2000f300  resetVectorAddr               
2000f309  Power_getTransitionLatency    
2000f321  Power_idleFunc                
2000f339  UARTBusy                      
2000f351  UARTIntEnable                 
2000f369  UART_Params_init              
2000f381  __aeabi_lmul                  
2000f399  PRCMHIBRegRead                
2000f3af  PRCMHIBRegWrite               
2000f3c5  SemaphoreP_create             
2000f3db  CPUcpsid                      
2000f3f1  HwiP_inISR                    
2000f405  IntVTableBaseSet              
2000f419  Power_disablePolicy           
2000f42d  Power_getDependencyCount      
2000f455  HwiP_Params_init              
2000f467  RingBuf_construct             
2000f479  main                          
2000f48b  Board_init                    
2000f49b  ClockP_add                    
2000f4ab  ClockP_delete                 
2000f4bd  ClockP_getCpuFreq             
2000f4cd  ClockP_getSystemTicks         
2000f4dd  ClockP_setTicks               
2000f4ed  HwiP_delete                   
2000f4fd  HwiP_restore                  
2000f50d  Power_enablePolicy            
2000f51d  SemaphoreP_Params_init        
2000f53d  HwiP_disable                  
2000f54b  HwiP_enable                   
2000f54b  NoRTOS_start                  
2000f559  RingBuf_isFull                
2000f567  __TI_decompress_none          
2000f575  Power_getConstraintMask       
2000f58d  ClockP_Params_init            
2000f597  ClockP_isActive               
2000f5a1  IntMasterDisable              
2000f5ab  UART_read                     
2000f5b5  UART_write                    
2000f5bf  malloc                        
2000f5d7  UtilsDelay                    
2000f5dd  ClockP_setTimeout             
2000f5e1  HwiP_post                     
2000f5e5  SemaphoreP_delete             
2000f5e9  _system_pre_init              
2000f5ed  C$$EXIT                       
2000f5ed  abort                         
2000f8fc  PowerCC32XX_module            
2000fa68  parkInfo                      
2000fb6c  _lock                         
2000fb70  _unlock                       
2000fb7c  SemaphoreP_defaultParams      
2000fb84  HwiP_key                      
2000fb88  HwiP_swiPIntNum               
2000fb8c  ClockP_tickPeriod             
2000fb94  gpioCallbackFunctions         
2000fb98  gpioPinConfigs                
2000fd44  PowerCC32XX_config            
2000fd88  UARTCC32XX_fxnTable           
2000fdb0  UART_defaultParams            
2000fe19  CONFIG_GPIO_LED_0_CONST       
2000fe1a  CONFIG_UART_0_CONST           
2000fe1b  UART_count                    
2000fe84  GPIOCC32XX_config             
2000fee4  UART_config                   
2000fef0  outPinTypes                   
2000ff06  inPinTypes                    
2000ff0c  outPinStrengths               
2000ff18  PowerCC32XX_contextSave       
20010044  uartCC32XXObjects0            
20010120  ClockP_ctrl                   
2001013d  state                         
20010148  __TI_static_base__            
20010208  __TI_Handler_Table_Base       
20010214  __TI_Handler_Table_Limit      
20010220  __TI_CINIT_Base               
20010230  __TI_CINIT_Limit              
ffffffff  __TI_pprof_out_hndl           
ffffffff  __TI_prof_data_size           
ffffffff  __TI_prof_data_start          
ffffffff  __binit__                     
ffffffff  __c_args__                    
ffffffff  binit                         
UNDEFED   ITM_flush                     
UNDEFED   ITM_restore                   
UNDEFED   __mpu_init                    
UNDEFED   _system_post_cinit            

[192 symbols]
